[0.225s][info][gc,start    ] GC(1) Pause Young (Normal) (G1 Evacuation Pause)
[0.225s][info][gc,task     ] GC(1) Using 3 workers of 8 for evacuation
[0.228s][info][gc,phases   ] GC(1)   Pre Evacuate Collection Set: 0.08ms
[0.228s][info][gc,phases   ] GC(1)   Merge Heap Roots: 0.06ms
[0.228s][info][gc,phases   ] GC(1)   Evacuate Collection Set: 2.57ms
[0.228s][info][gc,phases   ] GC(1)   Post Evacuate Collection Set: 0.23ms
[0.228s][info][gc,phases   ] GC(1)   Other: 0.07ms
[0.228s][info][gc,heap     ] GC(1) Eden regions: 1->0(1)
[0.228s][info][gc,heap     ] GC(1) Survivor regions: 1->1(1)
[0.228s][info][gc,heap     ] GC(1) Old regions: 1->2
[0.228s][info][gc,heap     ] GC(1) Humongous regions: 0->0
[0.228s][info][gc,metaspace] GC(1) Metaspace: 2155K(2368K)->2155K(2368K) NonClass: 2070K(2176K)->2070K(2176K) Class: 84K(192K)->84K(192K)
[0.228s][info][gc          ] GC(1) Pause Young (Normal) (G1 Evacuation Pause) 31M->23M(144M) 3.639ms
[0.228s][info][gc,cpu      ] GC(1) User=0.00s Sys=0.00s Real=0.00s
[0.254s][info][gc,start    ] GC(2) Pause Young (Normal) (G1 Evacuation Pause)
[0.254s][info][gc,task     ] GC(2) Using 3 workers of 8 for evacuation
[0.256s][info][gc,phases   ] GC(2)   Pre Evacuate Collection Set: 0.09ms
[0.256s][info][gc,phases   ] GC(2)   Merge Heap Roots: 0.04ms
[0.256s][info][gc,phases   ] GC(2)   Evacuate Collection Set: 2.21ms
[0.256s][info][gc,phases   ] GC(2)   Post Evacuate Collection Set: 0.19ms
[0.256s][info][gc,phases   ] GC(2)   Other: 0.05ms
[0.256s][info][gc,heap     ] GC(2) Eden regions: 1->0(1)
[0.257s][info][gc,heap     ] GC(2) Survivor regions: 1->1(1)
[0.257s][info][gc,heap     ] GC(2) Old regions: 2->3
[0.257s][info][gc,heap     ] GC(2) Humongous regions: 0->0
[0.257s][info][gc,metaspace] GC(2) Metaspace: 2240K(2432K)->2240K(2432K) NonClass: 2155K(2240K)->2155K(2240K) Class: 85K(192K)->85K(192K)
[0.257s][info][gc          ] GC(2) Pause Young (Normal) (G1 Evacuation Pause) 39M->25M(144M) 2.939ms
[0.257s][info][gc,cpu      ] GC(2) User=0.00s Sys=0.00s Real=0.01s
[0.427s][info][gc,start    ] GC(3) Pause Young (Normal) (G1 Evacuation Pause)
[0.427s][info][gc,task     ] GC(3) Using 6 workers of 8 for evacuation
[0.429s][info][gc,phases   ] GC(3)   Pre Evacuate Collection Set: 0.06ms
[0.429s][info][gc,phases   ] GC(3)   Merge Heap Roots: 0.05ms
[0.429s][info][gc,phases   ] GC(3)   Evacuate Collection Set: 1.35ms
[0.429s][info][gc,phases   ] GC(3)   Post Evacuate Collection Set: 0.58ms
[0.430s][info][gc,phases   ] GC(3)   Other: 0.27ms
[0.430s][info][gc,heap     ] GC(3) Eden regions: 1->0(2)
[0.430s][info][gc,heap     ] GC(3) Survivor regions: 1->1(1)
[0.430s][info][gc,heap     ] GC(3) Old regions: 3->3
[0.430s][info][gc,heap     ] GC(3) Humongous regions: 0->0
[0.430s][info][gc,metaspace] GC(3) Metaspace: 16154K(16512K)->16154K(16512K) NonClass: 14598K(14784K)->14598K(14784K) Class: 1555K(1728K)->1555K(1728K)
[0.430s][info][gc          ] GC(3) Pause Young (Normal) (G1 Evacuation Pause) 41M->29M(144M) 2.732ms
[0.430s][info][gc,cpu      ] GC(3) User=0.00s Sys=0.00s Real=0.00s
[0.772s][info][gc,start    ] GC(4) Pause Young (Concurrent Start) (Metadata GC Threshold)
[0.772s][info][gc,task     ] GC(4) Using 6 workers of 8 for evacuation
[0.779s][info][gc,phases   ] GC(4)   Pre Evacuate Collection Set: 0.09ms
[0.779s][info][gc,phases   ] GC(4)   Merge Heap Roots: 0.05ms
[0.779s][info][gc,phases   ] GC(4)   Evacuate Collection Set: 5.82ms
[0.779s][info][gc,phases   ] GC(4)   Post Evacuate Collection Set: 0.46ms
[0.779s][info][gc,phases   ] GC(4)   Other: 0.09ms
[0.779s][info][gc,heap     ] GC(4) Eden regions: 2->0(3)
[0.779s][info][gc,heap     ] GC(4) Survivor regions: 1->1(1)
[0.779s][info][gc,heap     ] GC(4) Old regions: 3->3
[0.779s][info][gc,heap     ] GC(4) Humongous regions: 0->0
[0.779s][info][gc,metaspace] GC(4) Metaspace: 21073K(21504K)->21073K(21504K) NonClass: 19018K(19264K)->19018K(19264K) Class: 2055K(2240K)->2055K(2240K)
[0.779s][info][gc          ] GC(4) Pause Young (Concurrent Start) (Metadata GC Threshold) 49M->36M(192M) 6.938ms
[0.779s][info][gc,cpu      ] GC(4) User=0.02s Sys=0.01s Real=0.01s
[0.779s][info][gc          ] GC(5) Concurrent Mark Cycle
[0.780s][info][gc,marking  ] GC(5) Concurrent Scan Root Regions
[0.783s][info][gc,marking  ] GC(5) Concurrent Scan Root Regions 3.070ms
[0.783s][info][gc,marking  ] GC(5) Concurrent Mark
[0.783s][info][gc,marking  ] GC(5) Concurrent Mark From Roots
[0.784s][info][gc,task     ] GC(5) Using 2 workers of 2 for marking
[0.789s][info][gc,marking  ] GC(5) Concurrent Mark From Roots 5.355ms
[0.789s][info][gc,marking  ] GC(5) Concurrent Preclean
[0.798s][info][gc,marking  ] GC(5) Concurrent Preclean 9.607ms
[0.812s][info][gc,start    ] GC(5) Pause Remark
[0.814s][info][gc          ] GC(5) Pause Remark 48M->48M(192M) 1.306ms
[0.814s][info][gc,cpu      ] GC(5) User=0.00s Sys=0.00s Real=0.00s
[0.822s][info][gc,marking  ] GC(5) Concurrent Mark 38.499ms
[0.823s][info][gc,marking  ] GC(5) Concurrent Rebuild Remembered Sets and Scrub Regions
[0.824s][info][gc,marking  ] GC(5) Concurrent Rebuild Remembered Sets and Scrub Regions 1.637ms
[0.825s][info][gc,start    ] GC(5) Pause Cleanup
[0.825s][info][gc          ] GC(5) Pause Cleanup 54M->54M(192M) 0.098ms
[0.825s][info][gc,cpu      ] GC(5) User=0.00s Sys=0.00s Real=0.00s
[0.831s][info][gc,marking  ] GC(5) Concurrent Clear Claimed Marks
[0.831s][info][gc,marking  ] GC(5) Concurrent Clear Claimed Marks 0.530ms
[0.831s][info][gc,marking  ] GC(5) Concurrent Cleanup for Next Mark
[0.837s][info][gc,marking  ] GC(5) Concurrent Cleanup for Next Mark 5.822ms
[0.837s][info][gc          ] GC(5) Concurrent Mark Cycle 58.059ms
[0.923s][info][gc,start    ] GC(6) Pause Young (Prepare Mixed) (G1 Evacuation Pause)
[0.923s][info][gc,task     ] GC(6) Using 6 workers of 8 for evacuation
[0.929s][info][gc,phases   ] GC(6)   Pre Evacuate Collection Set: 0.12ms
[0.929s][info][gc,phases   ] GC(6)   Merge Heap Roots: 0.05ms
[0.929s][info][gc,phases   ] GC(6)   Evacuate Collection Set: 5.34ms
[0.929s][info][gc,phases   ] GC(6)   Post Evacuate Collection Set: 0.62ms
[0.929s][info][gc,phases   ] GC(6)   Other: 0.07ms
[0.929s][info][gc,heap     ] GC(6) Eden regions: 3->0(2)
[0.930s][info][gc,heap     ] GC(6) Survivor regions: 1->1(1)
[0.930s][info][gc,heap     ] GC(6) Old regions: 3->4
[0.930s][info][gc,heap     ] GC(6) Humongous regions: 0->0
[0.930s][info][gc,metaspace] GC(6) Metaspace: 22646K(23104K)->22646K(23104K) NonClass: 20452K(20736K)->20452K(20736K) Class: 2193K(2368K)->2193K(2368K)
[0.930s][info][gc          ] GC(6) Pause Young (Prepare Mixed) (G1 Evacuation Pause) 84M->51M(192M) 6.832ms
[0.930s][info][gc,cpu      ] GC(6) User=0.02s Sys=0.01s Real=0.01s
[1.032s][info][gc,start    ] GC(7) Pause Young (Mixed) (G1 Evacuation Pause)
[1.032s][info][gc,task     ] GC(7) Using 8 workers of 8 for evacuation
[1.038s][info][gc,phases   ] GC(7)   Pre Evacuate Collection Set: 0.08ms
[1.038s][info][gc,phases   ] GC(7)   Merge Heap Roots: 0.11ms
[1.038s][info][gc,phases   ] GC(7)   Evacuate Collection Set: 5.35ms
[1.038s][info][gc,phases   ] GC(7)   Post Evacuate Collection Set: 0.47ms
[1.038s][info][gc,phases   ] GC(7)   Other: 0.06ms
[1.038s][info][gc,heap     ] GC(7) Eden regions: 2->0(2)
[1.038s][info][gc,heap     ] GC(7) Survivor regions: 1->1(1)
[1.039s][info][gc,heap     ] GC(7) Old regions: 4->4
[1.039s][info][gc,heap     ] GC(7) Humongous regions: 0->0
[1.039s][info][gc,metaspace] GC(7) Metaspace: 29387K(29952K)->29387K(29952K) NonClass: 26426K(26752K)->26426K(26752K) Class: 2960K(3200K)->2960K(3200K)
[1.039s][info][gc          ] GC(7) Pause Young (Mixed) (G1 Evacuation Pause) 83M->59M(192M) 6.434ms
[1.039s][info][gc,cpu      ] GC(7) User=0.04s Sys=0.01s Real=0.01s
[1.106s][info][gc,start    ] GC(8) Pause Young (Concurrent Start) (Metadata GC Threshold)
[1.107s][info][gc,task     ] GC(8) Using 8 workers of 8 for evacuation
[1.109s][info][gc,phases   ] GC(8)   Pre Evacuate Collection Set: 0.10ms
[1.109s][info][gc,phases   ] GC(8)   Merge Heap Roots: 0.07ms
[1.109s][info][gc,phases   ] GC(8)   Evacuate Collection Set: 1.64ms
[1.109s][info][gc,phases   ] GC(8)   Post Evacuate Collection Set: 0.61ms
[1.109s][info][gc,phases   ] GC(8)   Other: 0.11ms
[1.109s][info][gc,heap     ] GC(8) Eden regions: 2->0(3)
[1.109s][info][gc,heap     ] GC(8) Survivor regions: 1->1(1)
[1.109s][info][gc,heap     ] GC(8) Old regions: 4->4
[1.110s][info][gc,heap     ] GC(8) Humongous regions: 0->0
[1.110s][info][gc,metaspace] GC(8) Metaspace: 36020K(36608K)->36020K(36608K) NonClass: 32208K(32512K)->32208K(32512K) Class: 3812K(4096K)->3812K(4096K)
[1.110s][info][gc          ] GC(8) Pause Young (Concurrent Start) (Metadata GC Threshold) 85M->63M(192M) 3.158ms
[1.110s][info][gc,cpu      ] GC(8) User=0.01s Sys=0.00s Real=0.00s
[1.110s][info][gc          ] GC(9) Concurrent Mark Cycle
[1.110s][info][gc,marking  ] GC(9) Concurrent Scan Root Regions
[1.115s][info][gc,marking  ] GC(9) Concurrent Scan Root Regions 4.964ms
[1.115s][info][gc,marking  ] GC(9) Concurrent Mark
[1.115s][info][gc,marking  ] GC(9) Concurrent Mark From Roots
[1.115s][info][gc,task     ] GC(9) Using 2 workers of 2 for marking
[1.139s][info][gc,marking  ] GC(9) Concurrent Mark From Roots 23.764ms
[1.139s][info][gc,marking  ] GC(9) Concurrent Preclean
[1.148s][info][gc,marking  ] GC(9) Concurrent Preclean 9.526ms
[1.151s][info][gc,start    ] GC(9) Pause Remark
[1.155s][info][gc          ] GC(9) Pause Remark 70M->70M(192M) 3.454ms
[1.155s][info][gc,cpu      ] GC(9) User=0.01s Sys=0.00s Real=0.01s
[1.155s][info][gc,marking  ] GC(9) Concurrent Mark 40.020ms
[1.155s][info][gc,marking  ] GC(9) Concurrent Rebuild Remembered Sets and Scrub Regions
[1.164s][info][gc,marking  ] GC(9) Concurrent Rebuild Remembered Sets and Scrub Regions 9.169ms
[1.178s][info][gc,start    ] GC(9) Pause Cleanup
[1.178s][info][gc          ] GC(9) Pause Cleanup 72M->72M(192M) 0.185ms
[1.178s][info][gc,cpu      ] GC(9) User=0.00s Sys=0.00s Real=0.00s
[1.179s][info][gc,marking  ] GC(9) Concurrent Clear Claimed Marks
[1.182s][info][gc,marking  ] GC(9) Concurrent Clear Claimed Marks 3.405ms
[1.182s][info][gc,marking  ] GC(9) Concurrent Cleanup for Next Mark
[1.182s][info][gc,marking  ] GC(9) Concurrent Cleanup for Next Mark 0.130ms
[1.182s][info][gc          ] GC(9) Concurrent Mark Cycle 72.825ms
[1.492s][info][gc,start    ] GC(10) Pause Young (Normal) (G1 Evacuation Pause)
[1.492s][info][gc,task     ] GC(10) Using 8 workers of 8 for evacuation
[1.496s][info][gc,phases   ] GC(10)   Pre Evacuate Collection Set: 0.09ms
[1.496s][info][gc,phases   ] GC(10)   Merge Heap Roots: 0.07ms
[1.496s][info][gc,phases   ] GC(10)   Evacuate Collection Set: 2.73ms
[1.496s][info][gc,phases   ] GC(10)   Post Evacuate Collection Set: 0.55ms
[1.496s][info][gc,phases   ] GC(10)   Other: 0.09ms
[1.496s][info][gc,heap     ] GC(10) Eden regions: 3->0(3)
[1.496s][info][gc,heap     ] GC(10) Survivor regions: 1->1(1)
[1.496s][info][gc,heap     ] GC(10) Old regions: 4->4
[1.496s][info][gc,heap     ] GC(10) Humongous regions: 0->0
[1.497s][info][gc,metaspace] GC(10) Metaspace: 46231K(47232K)->46231K(47232K) NonClass: 41220K(41856K)->41220K(41856K) Class: 5010K(5376K)->5010K(5376K)
[1.497s][info][gc          ] GC(10) Pause Young (Normal) (G1 Evacuation Pause) 111M->72M(192M) 4.174ms
[1.497s][info][gc,cpu      ] GC(10) User=0.03s Sys=0.00s Real=0.01s
[1.618s][info][gc,start    ] GC(11) Pause Young (Concurrent Start) (Metadata GC Threshold)
[1.618s][info][gc,task     ] GC(11) Using 8 workers of 8 for evacuation
[1.623s][info][gc,phases   ] GC(11)   Pre Evacuate Collection Set: 0.08ms
[1.623s][info][gc,phases   ] GC(11)   Merge Heap Roots: 0.06ms
[1.623s][info][gc,phases   ] GC(11)   Evacuate Collection Set: 3.54ms
[1.623s][info][gc,phases   ] GC(11)   Post Evacuate Collection Set: 0.63ms
[1.623s][info][gc,phases   ] GC(11)   Other: 0.11ms
[1.623s][info][gc,heap     ] GC(11) Eden regions: 2->0(3)
[1.623s][info][gc,heap     ] GC(11) Survivor regions: 1->1(1)
[1.623s][info][gc,heap     ] GC(11) Old regions: 4->5
[1.623s][info][gc,heap     ] GC(11) Humongous regions: 0->0
[1.623s][info][gc,metaspace] GC(11) Metaspace: 61809K(63168K)->61809K(63168K) NonClass: 54927K(55744K)->54927K(55744K) Class: 6881K(7424K)->6881K(7424K)
[1.623s][info][gc          ] GC(11) Pause Young (Concurrent Start) (Metadata GC Threshold) 104M->78M(192M) 5.006ms
[1.623s][info][gc          ] GC(12) Concurrent Mark Cycle
[1.623s][info][gc,marking  ] GC(12) Concurrent Scan Root Regions
[1.623s][info][gc,cpu      ] GC(11) User=0.03s Sys=0.01s Real=0.00s
[1.626s][info][gc,marking  ] GC(12) Concurrent Scan Root Regions 2.908ms
[1.626s][info][gc,marking  ] GC(12) Concurrent Mark
[1.627s][info][gc,marking  ] GC(12) Concurrent Mark From Roots
[1.627s][info][gc,task     ] GC(12) Using 2 workers of 2 for marking
[1.644s][info][gc,marking  ] GC(12) Concurrent Mark From Roots 16.578ms
[1.644s][info][gc,marking  ] GC(12) Concurrent Preclean
[1.644s][info][gc,marking  ] GC(12) Concurrent Preclean 0.182ms
[1.645s][info][gc,start    ] GC(12) Pause Remark
[1.647s][info][gc          ] GC(12) Pause Remark 87M->87M(192M) 1.950ms
[1.647s][info][gc,cpu      ] GC(12) User=0.01s Sys=0.00s Real=0.00s
[1.647s][info][gc,marking  ] GC(12) Concurrent Mark 21.200ms
[1.648s][info][gc,marking  ] GC(12) Concurrent Rebuild Remembered Sets and Scrub Regions
[1.654s][info][gc,marking  ] GC(12) Concurrent Rebuild Remembered Sets and Scrub Regions 6.109ms
[1.654s][info][gc,start    ] GC(12) Pause Cleanup
[1.654s][info][gc          ] GC(12) Pause Cleanup 97M->97M(192M) 0.096ms
[1.654s][info][gc,cpu      ] GC(12) User=0.00s Sys=0.00s Real=0.00s
[1.654s][info][gc,marking  ] GC(12) Concurrent Clear Claimed Marks
[1.655s][info][gc,marking  ] GC(12) Concurrent Clear Claimed Marks 0.132ms
[1.655s][info][gc,marking  ] GC(12) Concurrent Cleanup for Next Mark
[1.655s][info][gc,marking  ] GC(12) Concurrent Cleanup for Next Mark 0.122ms
[1.655s][info][gc          ] GC(12) Concurrent Mark Cycle 31.582ms
[1.686s][info][gc,start    ] GC(13) Pause Young (Normal) (G1 Evacuation Pause)
[1.686s][info][gc,task     ] GC(13) Using 8 workers of 8 for evacuation
[1.689s][info][gc,phases   ] GC(13)   Pre Evacuate Collection Set: 0.09ms
[1.689s][info][gc,phases   ] GC(13)   Merge Heap Roots: 0.07ms
[1.689s][info][gc,phases   ] GC(13)   Evacuate Collection Set: 1.46ms
[1.689s][info][gc,phases   ] GC(13)   Post Evacuate Collection Set: 0.49ms
[1.689s][info][gc,phases   ] GC(13)   Other: 0.09ms
[1.689s][info][gc,heap     ] GC(13) Eden regions: 3->0(3)
[1.689s][info][gc,heap     ] GC(13) Survivor regions: 1->1(1)
[1.689s][info][gc,heap     ] GC(13) Old regions: 5->5
[1.689s][info][gc,heap     ] GC(13) Humongous regions: 0->0
[1.689s][info][gc,metaspace] GC(13) Metaspace: 64332K(65792K)->64332K(65792K) NonClass: 57067K(57984K)->57067K(57984K) Class: 7264K(7808K)->7264K(7808K)
[1.689s][info][gc          ] GC(13) Pause Young (Normal) (G1 Evacuation Pause) 124M->86M(192M) 2.739ms
[1.689s][info][gc,cpu      ] GC(13) User=0.01s Sys=0.00s Real=0.00s
[1.825s][info][gc,start    ] GC(14) Pause Young (Normal) (G1 Evacuation Pause)
[1.825s][info][gc,task     ] GC(14) Using 8 workers of 8 for evacuation
[1.829s][info][gc,phases   ] GC(14)   Pre Evacuate Collection Set: 0.08ms
[1.829s][info][gc,phases   ] GC(14)   Merge Heap Roots: 0.06ms
[1.829s][info][gc,phases   ] GC(14)   Evacuate Collection Set: 3.35ms
[1.829s][info][gc,phases   ] GC(14)   Post Evacuate Collection Set: 0.71ms
[1.829s][info][gc,phases   ] GC(14)   Other: 0.09ms
[1.829s][info][gc,heap     ] GC(14) Eden regions: 3->0(6)
[1.830s][info][gc,heap     ] GC(14) Survivor regions: 1->1(1)
[1.830s][info][gc,heap     ] GC(14) Old regions: 5->5
[1.830s][info][gc,heap     ] GC(14) Humongous regions: 0->0
[1.830s][info][gc,metaspace] GC(14) Metaspace: 71922K(73536K)->71922K(73536K) NonClass: 63799K(64768K)->63799K(64768K) Class: 8122K(8768K)->8122K(8768K)
[1.830s][info][gc          ] GC(14) Pause Young (Normal) (G1 Evacuation Pause) 134M->92M(288M) 4.866ms
[1.830s][info][gc,cpu      ] GC(14) User=0.02s Sys=0.00s Real=0.00s
[2.281s][info][gc,start    ] GC(15) Pause Young (Normal) (G1 Evacuation Pause)
[2.281s][info][gc,task     ] GC(15) Using 8 workers of 8 for evacuation
[2.298s][info][gc,phases   ] GC(15)   Pre Evacuate Collection Set: 0.12ms
[2.299s][info][gc,phases   ] GC(15)   Merge Heap Roots: 0.07ms
[2.299s][info][gc,phases   ] GC(15)   Evacuate Collection Set: 15.74ms
[2.299s][info][gc,phases   ] GC(15)   Post Evacuate Collection Set: 1.09ms
[2.299s][info][gc,phases   ] GC(15)   Other: 0.10ms
[2.299s][info][gc,heap     ] GC(15) Eden regions: 6->0(6)
[2.299s][info][gc,heap     ] GC(15) Survivor regions: 1->1(1)
[2.299s][info][gc,heap     ] GC(15) Old regions: 5->6
[2.299s][info][gc,heap     ] GC(15) Humongous regions: 0->0
[2.299s][info][gc,metaspace] GC(15) Metaspace: 82552K(84480K)->82552K(84480K) NonClass: 73058K(74240K)->73058K(74240K) Class: 9493K(10240K)->9493K(10240K)
[2.299s][info][gc          ] GC(15) Pause Young (Normal) (G1 Evacuation Pause) 188M->103M(288M) 18.050ms
[2.299s][info][gc,cpu      ] GC(15) User=0.11s Sys=0.02s Real=0.02s
[4.105s][info][gc,start    ] GC(16) Pause Young (Normal) (G1 Evacuation Pause)
[4.105s][info][gc,task     ] GC(16) Using 8 workers of 8 for evacuation
[4.110s][info][gc,phases   ] GC(16)   Pre Evacuate Collection Set: 0.16ms
[4.110s][info][gc,phases   ] GC(16)   Merge Heap Roots: 0.08ms
[4.110s][info][gc,phases   ] GC(16)   Evacuate Collection Set: 3.52ms
[4.110s][info][gc,phases   ] GC(16)   Post Evacuate Collection Set: 0.66ms
[4.110s][info][gc,phases   ] GC(16)   Other: 0.10ms
[4.110s][info][gc,heap     ] GC(16) Eden regions: 6->0(6)
[4.110s][info][gc,heap     ] GC(16) Survivor regions: 1->1(1)
[4.110s][info][gc,heap     ] GC(16) Old regions: 6->7
[4.110s][info][gc,heap     ] GC(16) Humongous regions: 0->0
[4.110s][info][gc,metaspace] GC(16) Metaspace: 85324K(87232K)->85324K(87232K) NonClass: 75581K(76736K)->75581K(76736K) Class: 9743K(10496K)->9743K(10496K)
[4.111s][info][gc          ] GC(16) Pause Young (Normal) (G1 Evacuation Pause) 199M->112M(288M) 5.197ms
[4.111s][info][gc,cpu      ] GC(16) User=0.03s Sys=0.00s Real=0.00s
[14.995s][info][gc,start    ] GC(17) Pause Young (Normal) (G1 Evacuation Pause)
[14.995s][info][gc,task     ] GC(17) Using 8 workers of 8 for evacuation
[14.998s][info][gc,phases   ] GC(17)   Pre Evacuate Collection Set: 0.14ms
[14.999s][info][gc,phases   ] GC(17)   Merge Heap Roots: 0.09ms
[14.999s][info][gc,phases   ] GC(17)   Evacuate Collection Set: 2.79ms
[14.999s][info][gc,phases   ] GC(17)   Post Evacuate Collection Set: 0.62ms
[14.999s][info][gc,phases   ] GC(17)   Other: 0.09ms
[14.999s][info][gc,heap     ] GC(17) Eden regions: 6->0(7)
[14.999s][info][gc,heap     ] GC(17) Survivor regions: 1->1(1)
[14.999s][info][gc,heap     ] GC(17) Old regions: 7->7
[14.999s][info][gc,heap     ] GC(17) Humongous regions: 0->0
[14.999s][info][gc,metaspace] GC(17) Metaspace: 94752K(96704K)->94752K(96704K) NonClass: 83933K(85120K)->83933K(85120K) Class: 10819K(11584K)->10819K(11584K)
[14.999s][info][gc          ] GC(17) Pause Young (Normal) (G1 Evacuation Pause) 208M->113M(288M) 4.513ms
[14.999s][info][gc,cpu      ] GC(17) User=0.02s Sys=0.00s Real=0.00s
[15.125s][info][gc,start    ] GC(18) Pause Young (Normal) (G1 Evacuation Pause)
[15.125s][info][gc,task     ] GC(18) Using 8 workers of 8 for evacuation
[15.131s][info][gc,phases   ] GC(18)   Pre Evacuate Collection Set: 0.09ms
[15.131s][info][gc,phases   ] GC(18)   Merge Heap Roots: 0.07ms
[15.131s][info][gc,phases   ] GC(18)   Evacuate Collection Set: 4.82ms
[15.131s][info][gc,phases   ] GC(18)   Post Evacuate Collection Set: 0.45ms
[15.131s][info][gc,phases   ] GC(18)   Other: 0.09ms
[15.131s][info][gc,heap     ] GC(18) Eden regions: 7->0(6)
[15.131s][info][gc,heap     ] GC(18) Survivor regions: 1->1(1)
[15.131s][info][gc,heap     ] GC(18) Old regions: 7->7
[15.131s][info][gc,heap     ] GC(18) Humongous regions: 0->0
[15.131s][info][gc,metaspace] GC(18) Metaspace: 94802K(96768K)->94802K(96768K) NonClass: 83982K(85184K)->83982K(85184K) Class: 10819K(11584K)->10819K(11584K)
[15.132s][info][gc          ] GC(18) Pause Young (Normal) (G1 Evacuation Pause) 225M->126M(288M) 6.325ms
[15.132s][info][gc,cpu      ] GC(18) User=0.04s Sys=0.00s Real=0.00s
[15.481s][info][gc,start    ] GC(19) Pause Young (Concurrent Start) (Metadata GC Threshold)
[15.482s][info][gc,task     ] GC(19) Using 8 workers of 8 for evacuation
[15.490s][info][gc,phases   ] GC(19)   Pre Evacuate Collection Set: 0.10ms
[15.490s][info][gc,phases   ] GC(19)   Merge Heap Roots: 0.10ms
[15.490s][info][gc,phases   ] GC(19)   Evacuate Collection Set: 7.04ms
[15.490s][info][gc,phases   ] GC(19)   Post Evacuate Collection Set: 0.86ms
[15.490s][info][gc,phases   ] GC(19)   Other: 0.12ms
[15.490s][info][gc,heap     ] GC(19) Eden regions: 3->0(6)
[15.490s][info][gc,heap     ] GC(19) Survivor regions: 1->1(1)
[15.490s][info][gc,heap     ] GC(19) Old regions: 7->8
[15.490s][info][gc,heap     ] GC(19) Humongous regions: 0->0
[15.490s][info][gc,metaspace] GC(19) Metaspace: 104959K(107008K)->104959K(107008K) NonClass: 92937K(94208K)->92937K(94208K) Class: 12021K(12800K)->12021K(12800K)
[15.490s][info][gc          ] GC(19) Pause Young (Concurrent Start) (Metadata GC Threshold) 173M->134M(288M) 8.784ms
[15.490s][info][gc          ] GC(20) Concurrent Mark Cycle
[15.490s][info][gc,marking  ] GC(20) Concurrent Scan Root Regions
[15.490s][info][gc,cpu      ] GC(19) User=0.05s Sys=0.01s Real=0.01s
[15.495s][info][gc,marking  ] GC(20) Concurrent Scan Root Regions 4.326ms
[15.498s][info][gc,marking  ] GC(20) Concurrent Mark
[15.498s][info][gc,marking  ] GC(20) Concurrent Mark From Roots
[15.498s][info][gc,task     ] GC(20) Using 2 workers of 2 for marking
[15.531s][info][gc,marking  ] GC(20) Concurrent Mark From Roots 33.040ms
[15.531s][info][gc,marking  ] GC(20) Concurrent Preclean
[15.532s][info][gc,marking  ] GC(20) Concurrent Preclean 0.269ms
[15.532s][info][gc,start    ] GC(20) Pause Remark
[15.541s][info][gc          ] GC(20) Pause Remark 140M->140M(288M) 9.472ms
[15.541s][info][gc,cpu      ] GC(20) User=0.06s Sys=0.01s Real=0.01s
[15.541s][info][gc,marking  ] GC(20) Concurrent Mark 43.351ms
[15.543s][info][gc,marking  ] GC(20) Concurrent Rebuild Remembered Sets and Scrub Regions
[15.558s][info][gc,marking  ] GC(20) Concurrent Rebuild Remembered Sets and Scrub Regions 14.786ms
[15.558s][info][gc,start    ] GC(20) Pause Cleanup
[15.558s][info][gc          ] GC(20) Pause Cleanup 142M->142M(288M) 0.125ms
[15.558s][info][gc,cpu      ] GC(20) User=0.00s Sys=0.00s Real=0.00s
[15.558s][info][gc,marking  ] GC(20) Concurrent Clear Claimed Marks
[15.559s][info][gc,marking  ] GC(20) Concurrent Clear Claimed Marks 0.239ms
[15.559s][info][gc,marking  ] GC(20) Concurrent Cleanup for Next Mark
[15.560s][info][gc,marking  ] GC(20) Concurrent Cleanup for Next Mark 0.821ms
[15.560s][info][gc          ] GC(20) Concurrent Mark Cycle 69.475ms
[15.959s][info][gc,start    ] GC(21) Pause Young (Prepare Mixed) (G1 Evacuation Pause)
[15.959s][info][gc,task     ] GC(21) Using 8 workers of 8 for evacuation
[15.967s][info][gc,phases   ] GC(21)   Pre Evacuate Collection Set: 0.13ms
[15.967s][info][gc,phases   ] GC(21)   Merge Heap Roots: 0.15ms
[15.967s][info][gc,phases   ] GC(21)   Evacuate Collection Set: 5.85ms
[15.967s][info][gc,phases   ] GC(21)   Post Evacuate Collection Set: 1.03ms
[15.967s][info][gc,phases   ] GC(21)   Other: 0.07ms
[15.967s][info][gc,heap     ] GC(21) Eden regions: 6->0(5)
[15.967s][info][gc,heap     ] GC(21) Survivor regions: 1->1(1)
[15.967s][info][gc,heap     ] GC(21) Old regions: 8->9
[15.967s][info][gc,heap     ] GC(21) Humongous regions: 0->0
[15.967s][info][gc,metaspace] GC(21) Metaspace: 135823K(138560K)->135823K(138560K) NonClass: 119933K(121664K)->119933K(121664K) Class: 15890K(16896K)->15890K(16896K)
[15.967s][info][gc          ] GC(21) Pause Young (Prepare Mixed) (G1 Evacuation Pause) 230M->151M(288M) 7.904ms
[15.967s][info][gc,cpu      ] GC(21) User=0.05s Sys=0.00s Real=0.01s
[16.074s][info][gc,start    ] GC(22) Pause Young (Mixed) (G1 Evacuation Pause)
[16.074s][info][gc,task     ] GC(22) Using 8 workers of 8 for evacuation
[16.083s][info][gc,phases   ] GC(22)   Pre Evacuate Collection Set: 0.10ms
[16.083s][info][gc,phases   ] GC(22)   Merge Heap Roots: 0.13ms
[16.083s][info][gc,phases   ] GC(22)   Evacuate Collection Set: 7.15ms
[16.083s][info][gc,phases   ] GC(22)   Post Evacuate Collection Set: 0.95ms
[16.083s][info][gc,phases   ] GC(22)   Other: 0.08ms
[16.083s][info][gc,heap     ] GC(22) Eden regions: 5->0(10)
[16.083s][info][gc,heap     ] GC(22) Survivor regions: 1->1(1)
[16.083s][info][gc,heap     ] GC(22) Old regions: 9->10
[16.083s][info][gc,heap     ] GC(22) Humongous regions: 4->3
[16.083s][info][gc,metaspace] GC(22) Metaspace: 143081K(146176K)->143081K(146176K) NonClass: 126242K(128192K)->126242K(128192K) Class: 16839K(17984K)->16839K(17984K)
[16.083s][info][gc          ] GC(22) Pause Young (Mixed) (G1 Evacuation Pause) 295M->202M(464M) 8.967ms
[16.083s][info][gc,cpu      ] GC(22) User=0.05s Sys=0.01s Real=0.00s
[16.299s][info][gc,start    ] GC(23) Pause Young (Normal) (G1 Evacuation Pause)
[16.299s][info][gc,task     ] GC(23) Using 8 workers of 8 for evacuation
[16.308s][info][gc,phases   ] GC(23)   Pre Evacuate Collection Set: 0.10ms
[16.308s][info][gc,phases   ] GC(23)   Merge Heap Roots: 0.10ms
[16.308s][info][gc,phases   ] GC(23)   Evacuate Collection Set: 7.86ms
[16.309s][info][gc,phases   ] GC(23)   Post Evacuate Collection Set: 0.89ms
[16.309s][info][gc,phases   ] GC(23)   Other: 0.08ms
[16.309s][info][gc,heap     ] GC(23) Eden regions: 10->0(8)
[16.309s][info][gc,heap     ] GC(23) Survivor regions: 1->2(2)
[16.309s][info][gc,heap     ] GC(23) Old regions: 10->11
[16.309s][info][gc,heap     ] GC(23) Humongous regions: 3->1
[16.309s][info][gc,metaspace] GC(23) Metaspace: 154647K(157952K)->154647K(157952K) NonClass: 136185K(138240K)->136185K(138240K) Class: 18462K(19712K)->18462K(19712K)
[16.309s][info][gc          ] GC(23) Pause Young (Normal) (G1 Evacuation Pause) 362M->210M(464M) 9.506ms
[16.309s][info][gc,cpu      ] GC(23) User=0.05s Sys=0.01s Real=0.01s
[16.468s][info][gc,start    ] GC(24) Pause Young (Normal) (G1 Evacuation Pause)
[16.469s][info][gc,task     ] GC(24) Using 8 workers of 8 for evacuation
[16.480s][info][gc,phases   ] GC(24)   Pre Evacuate Collection Set: 0.12ms
[16.480s][info][gc,phases   ] GC(24)   Merge Heap Roots: 0.24ms
[16.480s][info][gc,phases   ] GC(24)   Evacuate Collection Set: 9.79ms
[16.480s][info][gc,phases   ] GC(24)   Post Evacuate Collection Set: 0.81ms
[16.480s][info][gc,phases   ] GC(24)   Other: 0.09ms
[16.480s][info][gc,heap     ] GC(24) Eden regions: 8->0(8)
[16.481s][info][gc,heap     ] GC(24) Survivor regions: 2->2(2)
[16.481s][info][gc,heap     ] GC(24) Old regions: 11->13
[16.481s][info][gc,heap     ] GC(24) Humongous regions: 1->1
[16.481s][info][gc,metaspace] GC(24) Metaspace: 165126K(168512K)->165126K(168512K) NonClass: 144959K(147072K)->144959K(147072K) Class: 20167K(21440K)->20167K(21440K)
[16.481s][info][gc          ] GC(24) Pause Young (Normal) (G1 Evacuation Pause) 338M->241M(464M) 12.380ms
[16.481s][info][gc,cpu      ] GC(24) User=0.07s Sys=0.01s Real=0.01s
[16.683s][info][gc,start    ] GC(25) Pause Young (Concurrent Start) (G1 Evacuation Pause)
[16.683s][info][gc,task     ] GC(25) Using 8 workers of 8 for evacuation
[16.689s][info][gc,phases   ] GC(25)   Pre Evacuate Collection Set: 0.12ms
[16.689s][info][gc,phases   ] GC(25)   Merge Heap Roots: 0.09ms
[16.689s][info][gc,phases   ] GC(25)   Evacuate Collection Set: 4.52ms
[16.689s][info][gc,phases   ] GC(25)   Post Evacuate Collection Set: 0.77ms
[16.689s][info][gc,phases   ] GC(25)   Other: 0.10ms
[16.689s][info][gc,heap     ] GC(25) Eden regions: 8->0(8)
[16.689s][info][gc,heap     ] GC(25) Survivor regions: 2->1(2)
[16.689s][info][gc,heap     ] GC(25) Old regions: 13->14
[16.689s][info][gc,heap     ] GC(25) Humongous regions: 1->1
[16.689s][info][gc,metaspace] GC(25) Metaspace: 175575K(178880K)->175575K(178880K) NonClass: 153541K(155584K)->153541K(155584K) Class: 22033K(23296K)->22033K(23296K)
[16.689s][info][gc          ] GC(25) Pause Young (Concurrent Start) (G1 Evacuation Pause) 367M->249M(464M) 6.050ms
[16.689s][info][gc,cpu      ] GC(25) User=0.03s Sys=0.00s Real=0.01s
[16.689s][info][gc          ] GC(26) Concurrent Mark Cycle
[16.690s][info][gc,marking  ] GC(26) Concurrent Scan Root Regions
[16.699s][info][gc,marking  ] GC(26) Concurrent Scan Root Regions 9.292ms
[16.699s][info][gc,marking  ] GC(26) Concurrent Mark
[16.699s][info][gc,marking  ] GC(26) Concurrent Mark From Roots
[16.699s][info][gc,task     ] GC(26) Using 2 workers of 2 for marking
[16.776s][info][gc,marking  ] GC(26) Concurrent Mark From Roots 76.837ms
[16.777s][info][gc,marking  ] GC(26) Concurrent Preclean
[16.778s][info][gc,marking  ] GC(26) Concurrent Preclean 1.669ms
[16.780s][info][gc,start    ] GC(26) Pause Remark
[16.786s][info][gc          ] GC(26) Pause Remark 312M->312M(464M) 5.965ms
[16.786s][info][gc,cpu      ] GC(26) User=0.02s Sys=0.00s Real=0.01s
[16.787s][info][gc,marking  ] GC(26) Concurrent Mark 87.415ms
[16.787s][info][gc,marking  ] GC(26) Concurrent Rebuild Remembered Sets and Scrub Regions
[16.814s][info][gc,marking  ] GC(26) Concurrent Rebuild Remembered Sets and Scrub Regions 26.876ms
[16.815s][info][gc,start    ] GC(26) Pause Cleanup
[16.815s][info][gc          ] GC(26) Pause Cleanup 317M->317M(464M) 0.152ms
[16.815s][info][gc,cpu      ] GC(26) User=0.00s Sys=0.00s Real=0.00s
[16.817s][info][gc,marking  ] GC(26) Concurrent Clear Claimed Marks
[16.818s][info][gc,marking  ] GC(26) Concurrent Clear Claimed Marks 1.115ms
[16.818s][info][gc,marking  ] GC(26) Concurrent Cleanup for Next Mark
[16.820s][info][gc,marking  ] GC(26) Concurrent Cleanup for Next Mark 1.205ms
[16.820s][info][gc          ] GC(26) Concurrent Mark Cycle 130.465ms
[17.164s][info][gc,start    ] GC(27) Pause Young (Prepare Mixed) (G1 Evacuation Pause)
[17.164s][info][gc,task     ] GC(27) Using 8 workers of 8 for evacuation
[17.171s][info][gc,phases   ] GC(27)   Pre Evacuate Collection Set: 0.09ms
[17.171s][info][gc,phases   ] GC(27)   Merge Heap Roots: 0.11ms
[17.171s][info][gc,phases   ] GC(27)   Evacuate Collection Set: 5.08ms
[17.171s][info][gc,phases   ] GC(27)   Post Evacuate Collection Set: 1.05ms
[17.171s][info][gc,phases   ] GC(27)   Other: 0.08ms
[17.171s][info][gc,heap     ] GC(27) Eden regions: 8->0(7)
[17.171s][info][gc,heap     ] GC(27) Survivor regions: 1->2(2)
[17.171s][info][gc,heap     ] GC(27) Old regions: 14->14
[17.171s][info][gc,heap     ] GC(27) Humongous regions: 1->1
[17.171s][info][gc,metaspace] GC(27) Metaspace: 194817K(198272K)->194817K(198272K) NonClass: 170272K(172416K)->170272K(172416K) Class: 24544K(25856K)->24544K(25856K)
[17.171s][info][gc          ] GC(27) Pause Young (Prepare Mixed) (G1 Evacuation Pause) 377M->269M(464M) 6.973ms
[17.171s][info][gc,cpu      ] GC(27) User=0.04s Sys=0.00s Real=0.00s
[17.516s][info][gc,start    ] GC(28) Pause Young (Mixed) (G1 Evacuation Pause)
[17.516s][info][gc,task     ] GC(28) Using 8 workers of 8 for evacuation
[17.529s][info][gc,phases   ] GC(28)   Pre Evacuate Collection Set: 0.26ms
[17.529s][info][gc,phases   ] GC(28)   Merge Heap Roots: 0.40ms
[17.529s][info][gc,phases   ] GC(28)   Evacuate Collection Set: 9.22ms
[17.529s][info][gc,phases   ] GC(28)   Post Evacuate Collection Set: 2.22ms
[17.529s][info][gc,phases   ] GC(28)   Other: 0.37ms
[17.529s][info][gc,heap     ] GC(28) Eden regions: 7->0(15)
[17.529s][info][gc,heap     ] GC(28) Survivor regions: 2->2(2)
[17.530s][info][gc,heap     ] GC(28) Old regions: 14->16
[17.530s][info][gc,heap     ] GC(28) Humongous regions: 1->1
[17.530s][info][gc,metaspace] GC(28) Metaspace: 200851K(204480K)->200851K(204480K) NonClass: 175497K(177728K)->175497K(177728K) Class: 25353K(26752K)->25353K(26752K)
[17.530s][info][gc          ] GC(28) Pause Young (Mixed) (G1 Evacuation Pause) 381M->282M(704M) 13.439ms
[17.530s][info][gc,cpu      ] GC(28) User=0.06s Sys=0.00s Real=0.01s
[18.168s][info][gc,start    ] GC(29) Pause Young (Normal) (G1 Evacuation Pause)
[18.169s][info][gc,task     ] GC(29) Using 8 workers of 8 for evacuation
[18.179s][info][gc,phases   ] GC(29)   Pre Evacuate Collection Set: 0.18ms
[18.179s][info][gc,phases   ] GC(29)   Merge Heap Roots: 0.11ms
[18.179s][info][gc,phases   ] GC(29)   Evacuate Collection Set: 9.13ms
[18.180s][info][gc,phases   ] GC(29)   Post Evacuate Collection Set: 1.12ms
[18.180s][info][gc,phases   ] GC(29)   Other: 0.10ms
[18.180s][info][gc,heap     ] GC(29) Eden regions: 15->0(18)
[18.180s][info][gc,heap     ] GC(29) Survivor regions: 2->2(3)
[18.180s][info][gc,heap     ] GC(29) Old regions: 16->16
[18.180s][info][gc,heap     ] GC(29) Humongous regions: 3->1
[18.180s][info][gc,metaspace] GC(29) Metaspace: 204871K(208512K)->204871K(208512K) NonClass: 179008K(181248K)->179008K(181248K) Class: 25862K(27264K)->25862K(27264K)
[18.180s][info][gc          ] GC(29) Pause Young (Normal) (G1 Evacuation Pause) 554M->282M(704M) 11.880ms
[18.180s][info][gc,cpu      ] GC(29) User=0.04s Sys=0.02s Real=0.01s
[19.082s][info][gc,start    ] GC(30) Pause Young (Normal) (G1 Evacuation Pause)
[19.083s][info][gc,task     ] GC(30) Using 8 workers of 8 for evacuation
[19.095s][info][gc,phases   ] GC(30)   Pre Evacuate Collection Set: 0.29ms
[19.097s][info][gc,phases   ] GC(30)   Merge Heap Roots: 0.09ms
[19.097s][info][gc,phases   ] GC(30)   Evacuate Collection Set: 9.20ms
[19.097s][info][gc,phases   ] GC(30)   Post Evacuate Collection Set: 2.95ms
[19.097s][info][gc,phases   ] GC(30)   Other: 0.14ms
[19.097s][info][gc,heap     ] GC(30) Eden regions: 18->0(18)
[19.097s][info][gc,heap     ] GC(30) Survivor regions: 2->3(3)
[19.097s][info][gc,heap     ] GC(30) Old regions: 16->16
[19.097s][info][gc,heap     ] GC(30) Humongous regions: 1->1
[19.097s][info][gc,metaspace] GC(30) Metaspace: 211865K(215616K)->211865K(215616K) NonClass: 185092K(187392K)->185092K(187392K) Class: 26772K(28224K)->26772K(28224K)
[19.097s][info][gc          ] GC(30) Pause Young (Normal) (G1 Evacuation Pause) 570M->294M(704M) 15.147ms
[19.098s][info][gc,cpu      ] GC(30) User=0.04s Sys=0.01s Real=0.02s
[19.486s][info][gc,start    ] GC(31) Pause Young (Concurrent Start) (G1 Humongous Allocation)
[19.486s][info][gc,task     ] GC(31) Using 8 workers of 8 for evacuation
[19.502s][info][gc,phases   ] GC(31)   Pre Evacuate Collection Set: 2.05ms
[19.502s][info][gc,phases   ] GC(31)   Merge Heap Roots: 0.16ms
[19.502s][info][gc,phases   ] GC(31)   Evacuate Collection Set: 11.55ms
[19.503s][info][gc,phases   ] GC(31)   Post Evacuate Collection Set: 1.73ms
[19.503s][info][gc,phases   ] GC(31)   Other: 0.19ms
[19.503s][info][gc,heap     ] GC(31) Eden regions: 10->0(19)
[19.503s][info][gc,heap     ] GC(31) Survivor regions: 3->2(3)
[19.503s][info][gc,heap     ] GC(31) Old regions: 16->17
[19.503s][info][gc,heap     ] GC(31) Humongous regions: 3->1
[19.503s][info][gc,metaspace] GC(31) Metaspace: 214464K(218240K)->214464K(218240K) NonClass: 187381K(189696K)->187381K(189696K) Class: 27082K(28544K)->27082K(28544K)
[19.503s][info][gc          ] GC(31) Pause Young (Concurrent Start) (G1 Humongous Allocation) 485M->299M(704M) 16.547ms
[19.503s][info][gc,cpu      ] GC(31) User=0.05s Sys=0.00s Real=0.01s
[19.503s][info][gc          ] GC(32) Concurrent Undo Cycle
[19.503s][info][gc,marking  ] GC(32) Concurrent Clear Claimed Marks
[19.503s][info][gc,marking  ] GC(32) Concurrent Clear Claimed Marks 0.319ms
[19.504s][info][gc,marking  ] GC(32) Concurrent Cleanup for Next Mark
[19.505s][info][gc,marking  ] GC(32) Concurrent Cleanup for Next Mark 0.405ms
[19.505s][info][gc          ] GC(32) Concurrent Undo Cycle 2.159ms
[20.342s][info][gc,start    ] GC(33) Pause Young (Normal) (G1 Evacuation Pause)
[20.342s][info][gc,task     ] GC(33) Using 8 workers of 8 for evacuation
[20.351s][info][gc,phases   ] GC(33)   Pre Evacuate Collection Set: 0.13ms
[20.351s][info][gc,phases   ] GC(33)   Merge Heap Roots: 0.17ms
[20.352s][info][gc,phases   ] GC(33)   Evacuate Collection Set: 7.66ms
[20.352s][info][gc,phases   ] GC(33)   Post Evacuate Collection Set: 1.25ms
[20.352s][info][gc,phases   ] GC(33)   Other: 0.12ms
[20.352s][info][gc,heap     ] GC(33) Eden regions: 19->0(27)
[20.352s][info][gc,heap     ] GC(33) Survivor regions: 2->2(3)
[20.352s][info][gc,heap     ] GC(33) Old regions: 17->17
[20.352s][info][gc,heap     ] GC(33) Humongous regions: 3->1
[20.352s][info][gc,metaspace] GC(33) Metaspace: 228147K(232256K)->228147K(232256K) NonClass: 199113K(201600K)->199113K(201600K) Class: 29034K(30656K)->29034K(30656K)
[20.352s][info][gc          ] GC(33) Pause Young (Normal) (G1 Evacuation Pause) 635M->306M(848M) 9.919ms
[20.352s][info][gc,cpu      ] GC(33) User=0.04s Sys=0.00s Real=0.01s
[20.676s][info][gc,start    ] GC(34) Pause Young (Normal) (G1 Evacuation Pause)
[20.676s][info][gc,task     ] GC(34) Using 8 workers of 8 for evacuation
[20.683s][info][gc,phases   ] GC(34)   Pre Evacuate Collection Set: 0.11ms
[20.683s][info][gc,phases   ] GC(34)   Merge Heap Roots: 0.08ms
[20.683s][info][gc,phases   ] GC(34)   Evacuate Collection Set: 4.84ms
[20.683s][info][gc,phases   ] GC(34)   Post Evacuate Collection Set: 1.12ms
[20.683s][info][gc,phases   ] GC(34)   Other: 0.09ms
[20.683s][info][gc,heap     ] GC(34) Eden regions: 27->0(29)
[20.683s][info][gc,heap     ] GC(34) Survivor regions: 2->2(4)
[20.683s][info][gc,heap     ] GC(34) Old regions: 17->17
[20.683s][info][gc,heap     ] GC(34) Humongous regions: 1->1
[20.683s][info][gc,metaspace] GC(34) Metaspace: 229296K(233344K)->229296K(233344K) NonClass: 200166K(202624K)->200166K(202624K) Class: 29130K(30720K)->29130K(30720K)
[20.683s][info][gc          ] GC(34) Pause Young (Normal) (G1 Evacuation Pause) 738M->309M(848M) 6.909ms
[20.683s][info][gc,cpu      ] GC(34) User=0.04s Sys=0.00s Real=0.00s
[21.180s][info][gc,start    ] GC(35) Pause Young (Normal) (G1 Evacuation Pause)
[21.180s][info][gc,task     ] GC(35) Using 8 workers of 8 for evacuation
[21.190s][info][gc,phases   ] GC(35)   Pre Evacuate Collection Set: 0.13ms
[21.190s][info][gc,phases   ] GC(35)   Merge Heap Roots: 0.21ms
[21.190s][info][gc,phases   ] GC(35)   Evacuate Collection Set: 7.88ms
[21.190s][info][gc,phases   ] GC(35)   Post Evacuate Collection Set: 1.03ms
[21.190s][info][gc,phases   ] GC(35)   Other: 0.09ms
[21.190s][info][gc,heap     ] GC(35) Eden regions: 29->0(28)
[21.190s][info][gc,heap     ] GC(35) Survivor regions: 2->3(4)
[21.190s][info][gc,heap     ] GC(35) Old regions: 17->17
[21.190s][info][gc,heap     ] GC(35) Humongous regions: 1->1
[21.190s][info][gc,metaspace] GC(35) Metaspace: 231870K(235968K)->231870K(235968K) NonClass: 202495K(204992K)->202495K(204992K) Class: 29374K(30976K)->29374K(30976K)
[21.190s][info][gc          ] GC(35) Pause Young (Normal) (G1 Evacuation Pause) 773M->320M(848M) 9.822ms
[21.190s][info][gc,cpu      ] GC(35) User=0.06s Sys=0.00s Real=0.01s
[21.627s][info][gc,start    ] GC(36) Pause Young (Normal) (G1 Evacuation Pause)
[21.627s][info][gc,task     ] GC(36) Using 8 workers of 8 for evacuation
[21.637s][info][gc,phases   ] GC(36)   Pre Evacuate Collection Set: 0.14ms
[21.637s][info][gc,phases   ] GC(36)   Merge Heap Roots: 0.11ms
[21.637s][info][gc,phases   ] GC(36)   Evacuate Collection Set: 8.55ms
[21.638s][info][gc,phases   ] GC(36)   Post Evacuate Collection Set: 1.12ms
[21.638s][info][gc,phases   ] GC(36)   Other: 0.07ms
[21.638s][info][gc,heap     ] GC(36) Eden regions: 28->0(27)
[21.638s][info][gc,heap     ] GC(36) Survivor regions: 3->3(4)
[21.638s][info][gc,heap     ] GC(36) Old regions: 17->18
[21.638s][info][gc,heap     ] GC(36) Humongous regions: 1->1
[21.638s][info][gc,metaspace] GC(36) Metaspace: 236695K(240832K)->236695K(240832K) NonClass: 206754K(209216K)->206754K(209216K) Class: 29941K(31616K)->29941K(31616K)
[21.638s][info][gc          ] GC(36) Pause Young (Normal) (G1 Evacuation Pause) 768M->332M(848M) 10.583ms
[21.638s][info][gc,cpu      ] GC(36) User=0.07s Sys=0.00s Real=0.01s
[21.968s][info][gc,start    ] GC(37) Pause Young (Concurrent Start) (G1 Evacuation Pause)
[21.968s][info][gc,task     ] GC(37) Using 8 workers of 8 for evacuation
[21.978s][info][gc,phases   ] GC(37)   Pre Evacuate Collection Set: 0.11ms
[21.978s][info][gc,phases   ] GC(37)   Merge Heap Roots: 0.09ms
[21.978s][info][gc,phases   ] GC(37)   Evacuate Collection Set: 9.09ms
[21.978s][info][gc,phases   ] GC(37)   Post Evacuate Collection Set: 1.16ms
[21.979s][info][gc,phases   ] GC(37)   Other: 0.09ms
[21.979s][info][gc,heap     ] GC(37) Eden regions: 27->0(35)
[21.979s][info][gc,heap     ] GC(37) Survivor regions: 3->3(4)
[21.979s][info][gc,heap     ] GC(37) Old regions: 18->18
[21.979s][info][gc,heap     ] GC(37) Humongous regions: 1->1
[21.979s][info][gc,metaspace] GC(37) Metaspace: 236956K(241152K)->236956K(241152K) NonClass: 207002K(209536K)->207002K(209536K) Class: 29954K(31616K)->29954K(31616K)
[21.979s][info][gc          ] GC(37) Pause Young (Concurrent Start) (G1 Evacuation Pause) 764M->346M(1024M) 11.228ms
[21.979s][info][gc          ] GC(38) Concurrent Mark Cycle
[21.979s][info][gc,marking  ] GC(38) Concurrent Scan Root Regions
[21.979s][info][gc,cpu      ] GC(37) User=0.07s Sys=0.00s Real=0.01s
[21.990s][info][gc,marking  ] GC(38) Concurrent Scan Root Regions 11.071ms
[21.990s][info][gc,marking  ] GC(38) Concurrent Mark
[21.991s][info][gc,marking  ] GC(38) Concurrent Mark From Roots
[21.991s][info][gc,task     ] GC(38) Using 2 workers of 2 for marking
[22.083s][info][gc,marking  ] GC(38) Concurrent Mark From Roots 92.208ms
[22.084s][info][gc,marking  ] GC(38) Concurrent Preclean
[22.084s][info][gc,marking  ] GC(38) Concurrent Preclean 0.395ms
[22.085s][info][gc,start    ] GC(38) Pause Remark
[22.104s][info][gc          ] GC(38) Pause Remark 418M->402M(1024M) 18.960ms
[22.105s][info][gc,cpu      ] GC(38) User=0.11s Sys=0.00s Real=0.02s
[22.108s][info][gc,marking  ] GC(38) Concurrent Mark 118.113ms
[22.108s][info][gc,marking  ] GC(38) Concurrent Rebuild Remembered Sets and Scrub Regions
[22.166s][info][gc,marking  ] GC(38) Concurrent Rebuild Remembered Sets and Scrub Regions 57.443ms
[22.167s][info][gc,start    ] GC(38) Pause Cleanup
[22.168s][info][gc          ] GC(38) Pause Cleanup 445M->445M(1024M) 0.117ms
[22.168s][info][gc,cpu      ] GC(38) User=0.00s Sys=0.00s Real=0.00s
[22.168s][info][gc,marking  ] GC(38) Concurrent Clear Claimed Marks
[22.169s][info][gc,marking  ] GC(38) Concurrent Clear Claimed Marks 0.837ms
[22.169s][info][gc,marking  ] GC(38) Concurrent Cleanup for Next Mark
[22.177s][info][gc,marking  ] GC(38) Concurrent Cleanup for Next Mark 7.866ms
[22.177s][info][gc          ] GC(38) Concurrent Mark Cycle 197.822ms
[23.295s][info][gc,start    ] GC(39) Pause Young (Prepare Mixed) (GCLocker Initiated GC)
[23.295s][info][gc,task     ] GC(39) Using 8 workers of 8 for evacuation
[23.312s][info][gc,phases   ] GC(39)   Pre Evacuate Collection Set: 0.19ms
[23.312s][info][gc,phases   ] GC(39)   Merge Heap Roots: 0.17ms
[23.312s][info][gc,phases   ] GC(39)   Evacuate Collection Set: 14.60ms
[23.312s][info][gc,phases   ] GC(39)   Post Evacuate Collection Set: 1.67ms
[23.312s][info][gc,phases   ] GC(39)   Other: 0.13ms
[23.312s][info][gc,heap     ] GC(39) Eden regions: 36->0(35)
[23.312s][info][gc,heap     ] GC(39) Survivor regions: 3->3(5)
[23.312s][info][gc,heap     ] GC(39) Old regions: 18->18
[23.313s][info][gc,heap     ] GC(39) Humongous regions: 0->0
[23.313s][info][gc,metaspace] GC(39) Metaspace: 246915K(251008K)->246915K(251008K) NonClass: 215850K(218304K)->215850K(218304K) Class: 31064K(32704K)->31064K(32704K)
[23.313s][info][gc          ] GC(39) Pause Young (Prepare Mixed) (GCLocker Initiated GC) 890M->329M(1024M) 17.783ms
[23.313s][info][gc,cpu      ] GC(39) User=0.10s Sys=0.00s Real=0.01s
[23.939s][info][gc,start    ] GC(40) Pause Young (Mixed) (G1 Evacuation Pause)
[23.939s][info][gc,task     ] GC(40) Using 8 workers of 8 for evacuation
[23.949s][info][gc,phases   ] GC(40)   Pre Evacuate Collection Set: 0.12ms
[23.949s][info][gc,phases   ] GC(40)   Merge Heap Roots: 0.12ms
[23.949s][info][gc,phases   ] GC(40)   Evacuate Collection Set: 8.28ms
[23.949s][info][gc,phases   ] GC(40)   Post Evacuate Collection Set: 0.81ms
[23.949s][info][gc,phases   ] GC(40)   Other: 0.09ms
[23.949s][info][gc,heap     ] GC(40) Eden regions: 35->0(35)
[23.949s][info][gc,heap     ] GC(40) Survivor regions: 3->3(5)
[23.949s][info][gc,heap     ] GC(40) Old regions: 18->17
[23.949s][info][gc,heap     ] GC(40) Humongous regions: 0->0
[23.949s][info][gc,metaspace] GC(40) Metaspace: 247114K(251328K)->247114K(251328K) NonClass: 216047K(218560K)->216047K(218560K) Class: 31066K(32768K)->31066K(32768K)
[23.949s][info][gc          ] GC(40) Pause Young (Mixed) (G1 Evacuation Pause) 889M->312M(1024M) 10.083ms
[23.950s][info][gc,cpu      ] GC(40) User=0.06s Sys=0.01s Real=0.01s
[24.505s][info][gc,start    ] GC(41) Pause Young (Normal) (G1 Evacuation Pause)
[24.505s][info][gc,task     ] GC(41) Using 8 workers of 8 for evacuation
[24.515s][info][gc,phases   ] GC(41)   Pre Evacuate Collection Set: 0.16ms
[24.515s][info][gc,phases   ] GC(41)   Merge Heap Roots: 0.18ms
[24.515s][info][gc,phases   ] GC(41)   Evacuate Collection Set: 7.98ms
[24.515s][info][gc,phases   ] GC(41)   Post Evacuate Collection Set: 0.84ms
[24.515s][info][gc,phases   ] GC(41)   Other: 0.11ms
[24.515s][info][gc,heap     ] GC(41) Eden regions: 35->0(35)
[24.515s][info][gc,heap     ] GC(41) Survivor regions: 3->3(5)
[24.515s][info][gc,heap     ] GC(41) Old regions: 17->17
[24.515s][info][gc,heap     ] GC(41) Humongous regions: 0->0
[24.515s][info][gc,metaspace] GC(41) Metaspace: 247280K(251456K)->247280K(251456K) NonClass: 216205K(218688K)->216205K(218688K) Class: 31075K(32768K)->31075K(32768K)
[24.515s][info][gc          ] GC(41) Pause Young (Normal) (G1 Evacuation Pause) 872M->315M(1024M) 10.012ms
[24.515s][info][gc,cpu      ] GC(41) User=0.05s Sys=0.00s Real=0.01s
[25.195s][info][gc,start    ] GC(42) Pause Young (Normal) (G1 Evacuation Pause)
[25.196s][info][gc,task     ] GC(42) Using 8 workers of 8 for evacuation
[25.206s][info][gc,phases   ] GC(42)   Pre Evacuate Collection Set: 0.18ms
[25.206s][info][gc,phases   ] GC(42)   Merge Heap Roots: 0.16ms
[25.206s][info][gc,phases   ] GC(42)   Evacuate Collection Set: 8.90ms
[25.206s][info][gc,phases   ] GC(42)   Post Evacuate Collection Set: 1.00ms
[25.206s][info][gc,phases   ] GC(42)   Other: 0.15ms
[25.206s][info][gc,heap     ] GC(42) Eden regions: 35->0(34)
[25.206s][info][gc,heap     ] GC(42) Survivor regions: 3->4(5)
[25.206s][info][gc,heap     ] GC(42) Old regions: 17->17
[25.207s][info][gc,heap     ] GC(42) Humongous regions: 0->0
[25.207s][info][gc,metaspace] GC(42) Metaspace: 250996K(255232K)->250996K(255232K) NonClass: 219290K(221824K)->219290K(221824K) Class: 31706K(33408K)->31706K(33408K)
[25.207s][info][gc          ] GC(42) Pause Young (Normal) (G1 Evacuation Pause) 875M->321M(1024M) 11.169ms
[25.207s][info][gc,cpu      ] GC(42) User=0.06s Sys=0.01s Real=0.01s
[26.251s][info][gc,start    ] GC(43) Pause Young (Normal) (G1 Evacuation Pause)
[26.252s][info][gc,task     ] GC(43) Using 8 workers of 8 for evacuation
[26.263s][info][gc,phases   ] GC(43)   Pre Evacuate Collection Set: 0.11ms
[26.263s][info][gc,phases   ] GC(43)   Merge Heap Roots: 0.11ms
[26.263s][info][gc,phases   ] GC(43)   Evacuate Collection Set: 9.23ms
[26.263s][info][gc,phases   ] GC(43)   Post Evacuate Collection Set: 1.54ms
[26.263s][info][gc,phases   ] GC(43)   Other: 0.08ms
[26.263s][info][gc,heap     ] GC(43) Eden regions: 34->0(42)
[26.263s][info][gc,heap     ] GC(43) Survivor regions: 4->4(5)
[26.263s][info][gc,heap     ] GC(43) Old regions: 17->18
[26.263s][info][gc,heap     ] GC(43) Humongous regions: 0->0
[26.263s][info][gc,metaspace] GC(43) Metaspace: 262211K(266624K)->262211K(266624K) NonClass: 229188K(231808K)->229188K(231808K) Class: 33022K(34816K)->33022K(34816K)
[26.263s][info][gc          ] GC(43) Pause Young (Normal) (G1 Evacuation Pause) 865M->329M(1232M) 11.756ms
[26.263s][info][gc,cpu      ] GC(43) User=0.07s Sys=0.00s Real=0.01s
[43.735s][info][gc,start    ] GC(44) Pause Young (Normal) (G1 Evacuation Pause)
[43.743s][info][gc,task     ] GC(44) Using 8 workers of 8 for evacuation
[43.758s][info][gc,phases   ] GC(44)   Pre Evacuate Collection Set: 0.17ms
[43.759s][info][gc,phases   ] GC(44)   Merge Heap Roots: 0.23ms
[43.759s][info][gc,phases   ] GC(44)   Evacuate Collection Set: 12.06ms
[43.764s][info][gc,phases   ] GC(44)   Post Evacuate Collection Set: 2.14ms
[43.779s][info][gc,phases   ] GC(44)   Other: 0.10ms
[43.779s][info][gc,heap     ] GC(44) Eden regions: 42->0(41)
[43.779s][info][gc,heap     ] GC(44) Survivor regions: 4->5(6)
[43.779s][info][gc,heap     ] GC(44) Old regions: 18->18
[43.788s][info][gc,heap     ] GC(44) Humongous regions: 0->0
[43.788s][info][gc,metaspace] GC(44) Metaspace: 304201K(308928K)->304201K(308928K) NonClass: 264872K(267648K)->264872K(267648K) Class: 39329K(41280K)->39329K(41280K)
[43.788s][info][gc          ] GC(44) Pause Young (Normal) (G1 Evacuation Pause) 1001M->348M(1232M) 52.611ms
[43.788s][info][gc,cpu      ] GC(44) User=0.10s Sys=0.00s Real=0.05s
[44.614s][info][gc,start    ] GC(45) Pause Young (Normal) (G1 Evacuation Pause)
[44.614s][info][gc,task     ] GC(45) Using 8 workers of 8 for evacuation
[44.630s][info][gc,phases   ] GC(45)   Pre Evacuate Collection Set: 0.17ms
[44.630s][info][gc,phases   ] GC(45)   Merge Heap Roots: 0.14ms
[44.630s][info][gc,phases   ] GC(45)   Evacuate Collection Set: 13.61ms
[44.630s][info][gc,phases   ] GC(45)   Post Evacuate Collection Set: 1.30ms
[44.630s][info][gc,phases   ] GC(45)   Other: 0.10ms
[44.630s][info][gc,heap     ] GC(45) Eden regions: 41->0(42)
[44.630s][info][gc,heap     ] GC(45) Survivor regions: 5->4(6)
[44.630s][info][gc,heap     ] GC(45) Old regions: 18->19
[44.630s][info][gc,heap     ] GC(45) Humongous regions: 4->0
[44.630s][info][gc,metaspace] GC(45) Metaspace: 307008K(311680K)->307008K(311680K) NonClass: 267311K(270016K)->267311K(270016K) Class: 39697K(41664K)->39697K(41664K)
[44.630s][info][gc          ] GC(45) Pause Young (Normal) (G1 Evacuation Pause) 1068M->357M(1232M) 16.041ms
[44.630s][info][gc,cpu      ] GC(45) User=0.07s Sys=0.01s Real=0.01s
[156.824s][info][gc,start    ] GC(46) Pause Young (Normal) (G1 Evacuation Pause)
[156.824s][info][gc,task     ] GC(46) Using 8 workers of 8 for evacuation
[156.838s][info][gc,phases   ] GC(46)   Pre Evacuate Collection Set: 0.16ms
[156.838s][info][gc,phases   ] GC(46)   Merge Heap Roots: 0.30ms
[156.838s][info][gc,phases   ] GC(46)   Evacuate Collection Set: 12.51ms
[156.838s][info][gc,phases   ] GC(46)   Post Evacuate Collection Set: 1.28ms
[156.838s][info][gc,phases   ] GC(46)   Other: 0.11ms
[156.839s][info][gc,heap     ] GC(46) Eden regions: 42->0(42)
[156.839s][info][gc,heap     ] GC(46) Survivor regions: 4->4(6)
[156.839s][info][gc,heap     ] GC(46) Old regions: 19->20
[156.839s][info][gc,heap     ] GC(46) Humongous regions: 0->0
[156.839s][info][gc,metaspace] GC(46) Metaspace: 310769K(315648K)->310769K(315648K) NonClass: 270720K(273536K)->270720K(273536K) Class: 40049K(42112K)->40049K(42112K)
[156.839s][info][gc          ] GC(46) Pause Young (Normal) (G1 Evacuation Pause) 1029M->367M(1232M) 15.179ms
[156.839s][info][gc,cpu      ] GC(46) User=0.08s Sys=0.01s Real=0.02s
[157.439s][info][gc,start    ] GC(47) Pause Young (Normal) (G1 Evacuation Pause)
[157.439s][info][gc,task     ] GC(47) Using 8 workers of 8 for evacuation
[157.469s][info][gc,phases   ] GC(47)   Pre Evacuate Collection Set: 0.29ms
[157.469s][info][gc,phases   ] GC(47)   Merge Heap Roots: 0.24ms
[157.469s][info][gc,phases   ] GC(47)   Evacuate Collection Set: 25.91ms
[157.469s][info][gc,phases   ] GC(47)   Post Evacuate Collection Set: 3.44ms
[157.470s][info][gc,phases   ] GC(47)   Other: 0.19ms
[157.470s][info][gc,heap     ] GC(47) Eden regions: 42->0(43)
[157.470s][info][gc,heap     ] GC(47) Survivor regions: 4->3(6)
[157.470s][info][gc,heap     ] GC(47) Old regions: 20->22
[157.470s][info][gc,heap     ] GC(47) Humongous regions: 0->0
[157.470s][info][gc,metaspace] GC(47) Metaspace: 311136K(315904K)->311136K(315904K) NonClass: 271057K(273792K)->271057K(273792K) Class: 40078K(42112K)->40078K(42112K)
[157.470s][info][gc          ] GC(47) Pause Young (Normal) (G1 Evacuation Pause) 1039M->384M(1232M) 31.323ms
[157.470s][info][gc,cpu      ] GC(47) User=0.17s Sys=0.01s Real=0.03s
[158.176s][info][gc,start    ] GC(48) Pause Young (Normal) (G1 Evacuation Pause)
[158.176s][info][gc,task     ] GC(48) Using 8 workers of 8 for evacuation
[158.188s][info][gc,phases   ] GC(48)   Pre Evacuate Collection Set: 0.15ms
[158.188s][info][gc,phases   ] GC(48)   Merge Heap Roots: 0.11ms
[158.188s][info][gc,phases   ] GC(48)   Evacuate Collection Set: 10.19ms
[158.188s][info][gc,phases   ] GC(48)   Post Evacuate Collection Set: 0.81ms
[158.188s][info][gc,phases   ] GC(48)   Other: 0.12ms
[158.188s][info][gc,heap     ] GC(48) Eden regions: 43->0(42)
[158.188s][info][gc,heap     ] GC(48) Survivor regions: 3->4(6)
[158.188s][info][gc,heap     ] GC(48) Old regions: 22->22
[158.188s][info][gc,heap     ] GC(48) Humongous regions: 0->0
[158.188s][info][gc,metaspace] GC(48) Metaspace: 311218K(316032K)->311218K(316032K) NonClass: 271139K(273920K)->271139K(273920K) Class: 40078K(42112K)->40078K(42112K)
[158.188s][info][gc          ] GC(48) Pause Young (Normal) (G1 Evacuation Pause) 1072M->389M(1232M) 12.025ms
[158.188s][info][gc,cpu      ] GC(48) User=0.07s Sys=0.00s Real=0.01s
[158.694s][info][gc,start    ] GC(49) Pause Young (Normal) (G1 Evacuation Pause)
[158.694s][info][gc,task     ] GC(49) Using 8 workers of 8 for evacuation
[158.705s][info][gc,phases   ] GC(49)   Pre Evacuate Collection Set: 0.15ms
[158.706s][info][gc,phases   ] GC(49)   Merge Heap Roots: 0.10ms
[158.706s][info][gc,phases   ] GC(49)   Evacuate Collection Set: 8.99ms
[158.706s][info][gc,phases   ] GC(49)   Post Evacuate Collection Set: 1.65ms
[158.706s][info][gc,phases   ] GC(49)   Other: 0.11ms
[158.706s][info][gc,heap     ] GC(49) Eden regions: 42->0(51)
[158.706s][info][gc,heap     ] GC(49) Survivor regions: 4->4(6)
[158.706s][info][gc,heap     ] GC(49) Old regions: 22->22
[158.706s][info][gc,heap     ] GC(49) Humongous regions: 0->0
[158.706s][info][gc,metaspace] GC(49) Metaspace: 311302K(316160K)->311302K(316160K) NonClass: 271223K(274048K)->271223K(274048K) Class: 40079K(42112K)->40079K(42112K)
[158.706s][info][gc          ] GC(49) Pause Young (Normal) (G1 Evacuation Pause) 1061M->392M(1488M) 11.657ms
[158.706s][info][gc,cpu      ] GC(49) User=0.06s Sys=0.00s Real=0.01s
[159.346s][info][gc,start    ] GC(50) Pause Young (Normal) (G1 Evacuation Pause)
[159.346s][info][gc,task     ] GC(50) Using 8 workers of 8 for evacuation
[159.356s][info][gc,phases   ] GC(50)   Pre Evacuate Collection Set: 0.14ms
[159.356s][info][gc,phases   ] GC(50)   Merge Heap Roots: 0.09ms
[159.356s][info][gc,phases   ] GC(50)   Evacuate Collection Set: 8.58ms
[159.356s][info][gc,phases   ] GC(50)   Post Evacuate Collection Set: 0.89ms
[159.356s][info][gc,phases   ] GC(50)   Other: 0.11ms
[159.357s][info][gc,heap     ] GC(50) Eden regions: 51->0(51)
[159.357s][info][gc,heap     ] GC(50) Survivor regions: 4->4(7)
[159.357s][info][gc,heap     ] GC(50) Old regions: 22->22
[159.357s][info][gc,heap     ] GC(50) Humongous regions: 0->0
[159.357s][info][gc,metaspace] GC(50) Metaspace: 312194K(317056K)->312194K(317056K) NonClass: 271943K(274752K)->271943K(274752K) Class: 40250K(42304K)->40250K(42304K)
[159.357s][info][gc          ] GC(50) Pause Young (Normal) (G1 Evacuation Pause) 1208M->396M(1488M) 10.519ms
[159.357s][info][gc,cpu      ] GC(50) User=0.06s Sys=0.00s Real=0.01s
[159.687s][info][gc,start    ] GC(51) Pause Young (Concurrent Start) (CodeCache GC Threshold)
[159.688s][info][gc,task     ] GC(51) Using 8 workers of 8 for evacuation
[159.697s][info][gc,phases   ] GC(51)   Pre Evacuate Collection Set: 0.18ms
[159.697s][info][gc,phases   ] GC(51)   Merge Heap Roots: 0.12ms
[159.697s][info][gc,phases   ] GC(51)   Evacuate Collection Set: 8.62ms
[159.697s][info][gc,phases   ] GC(51)   Post Evacuate Collection Set: 0.67ms
[159.698s][info][gc,phases   ] GC(51)   Other: 0.15ms
[159.698s][info][gc,heap     ] GC(51) Eden regions: 26->0(51)
[159.698s][info][gc,heap     ] GC(51) Survivor regions: 4->4(7)
[159.698s][info][gc,heap     ] GC(51) Old regions: 22->22
[159.698s][info][gc,heap     ] GC(51) Humongous regions: 0->0
[159.698s][info][gc,metaspace] GC(51) Metaspace: 312248K(317120K)->312248K(317120K) NonClass: 271993K(274816K)->271993K(274816K) Class: 40254K(42304K)->40254K(42304K)
[159.698s][info][gc          ] GC(51) Pause Young (Concurrent Start) (CodeCache GC Threshold) 810M->397M(1488M) 10.402ms
[159.698s][info][gc,cpu      ] GC(51) User=0.07s Sys=0.00s Real=0.01s
[159.698s][info][gc          ] GC(52) Concurrent Mark Cycle
[159.698s][info][gc,marking  ] GC(52) Concurrent Scan Root Regions
[159.716s][info][gc,marking  ] GC(52) Concurrent Scan Root Regions 17.619ms
[159.719s][info][gc,marking  ] GC(52) Concurrent Mark
[159.721s][info][gc,marking  ] GC(52) Concurrent Mark From Roots
[159.721s][info][gc,task     ] GC(52) Using 2 workers of 2 for marking
[159.818s][info][gc,marking  ] GC(52) Concurrent Mark From Roots 96.900ms
[159.822s][info][gc,marking  ] GC(52) Concurrent Preclean
[159.823s][info][gc,marking  ] GC(52) Concurrent Preclean 0.612ms
[159.826s][info][gc,start    ] GC(52) Pause Remark
[159.858s][info][gc          ] GC(52) Pause Remark 454M->454M(1392M) 32.034ms
[159.858s][info][gc,cpu      ] GC(52) User=0.16s Sys=0.00s Real=0.03s
[159.859s][info][gc,marking  ] GC(52) Concurrent Mark 140.127ms
[159.859s][info][gc,marking  ] GC(52) Concurrent Rebuild Remembered Sets and Scrub Regions
[159.949s][info][gc,marking  ] GC(52) Concurrent Rebuild Remembered Sets and Scrub Regions 90.160ms
[159.951s][info][gc,start    ] GC(52) Pause Cleanup
[159.952s][info][gc          ] GC(52) Pause Cleanup 473M->473M(1392M) 0.195ms
[159.952s][info][gc,cpu      ] GC(52) User=0.00s Sys=0.00s Real=0.00s
[159.953s][info][gc,marking  ] GC(52) Concurrent Clear Claimed Marks
[159.953s][info][gc,marking  ] GC(52) Concurrent Clear Claimed Marks 0.513ms
[159.954s][info][gc,marking  ] GC(52) Concurrent Cleanup for Next Mark
[159.956s][info][gc,marking  ] GC(52) Concurrent Cleanup for Next Mark 1.434ms
[159.956s][info][gc          ] GC(52) Concurrent Mark Cycle 257.880ms
[256.058s][info][gc,start    ] GC(53) Pause Young (Prepare Mixed) (G1 Evacuation Pause)
[256.058s][info][gc,task     ] GC(53) Using 8 workers of 8 for evacuation
[256.083s][info][gc,phases   ] GC(53)   Pre Evacuate Collection Set: 0.16ms
[256.083s][info][gc,phases   ] GC(53)   Merge Heap Roots: 0.20ms
[256.083s][info][gc,phases   ] GC(53)   Evacuate Collection Set: 21.91ms
[256.083s][info][gc,phases   ] GC(53)   Post Evacuate Collection Set: 1.96ms
[256.083s][info][gc,phases   ] GC(53)   Other: 0.09ms
[256.083s][info][gc,heap     ] GC(53) Eden regions: 48->0(46)
[256.083s][info][gc,heap     ] GC(53) Survivor regions: 4->6(7)
[256.083s][info][gc,heap     ] GC(53) Old regions: 22->22
[256.083s][info][gc,heap     ] GC(53) Humongous regions: 0->0
[256.083s][info][gc,metaspace] GC(53) Metaspace: 359712K(365184K)->359712K(365184K) NonClass: 311375K(314560K)->311375K(314560K) Class: 48337K(50624K)->48337K(50624K)
[256.083s][info][gc          ] GC(53) Pause Young (Prepare Mixed) (G1 Evacuation Pause) 1165M->435M(1392M) 24.946ms
[256.083s][info][gc,cpu      ] GC(53) User=0.18s Sys=0.00s Real=0.02s
[257.818s][info][gc,start    ] GC(54) Pause Young (Mixed) (G1 Evacuation Pause)
[257.818s][info][gc,task     ] GC(54) Using 8 workers of 8 for evacuation
[257.995s][info][gc,phases   ] GC(54)   Pre Evacuate Collection Set: 0.17ms
[257.995s][info][gc,phases   ] GC(54)   Merge Heap Roots: 0.16ms
[257.995s][info][gc,phases   ] GC(54)   Evacuate Collection Set: 172.33ms
[257.995s][info][gc,phases   ] GC(54)   Post Evacuate Collection Set: 3.92ms
[257.995s][info][gc,phases   ] GC(54)   Other: 0.12ms
[257.996s][info][gc,heap     ] GC(54) Eden regions: 46->0(30)
[257.996s][info][gc,heap     ] GC(54) Survivor regions: 6->7(7)
[257.996s][info][gc,heap     ] GC(54) Old regions: 22->41
[257.996s][info][gc,heap     ] GC(54) Humongous regions: 0->0
[257.996s][info][gc,metaspace] GC(54) Metaspace: 374914K(380480K)->374914K(380480K) NonClass: 323501K(326784K)->323501K(326784K) Class: 51413K(53696K)->51413K(53696K)
[257.996s][info][gc          ] GC(54) Pause Young (Mixed) (G1 Evacuation Pause) 1171M->756M(1648M) 177.971ms
[257.996s][info][gc,cpu      ] GC(54) User=0.95s Sys=0.32s Real=0.18s
[258.911s][info][gc,start    ] GC(55) Pause Young (Normal) (G1 Evacuation Pause)
[258.912s][info][gc,task     ] GC(55) Using 8 workers of 8 for evacuation
[258.973s][info][gc,phases   ] GC(55)   Pre Evacuate Collection Set: 2.09ms
[258.973s][info][gc,phases   ] GC(55)   Merge Heap Roots: 0.19ms
[258.974s][info][gc,phases   ] GC(55)   Evacuate Collection Set: 52.14ms
[258.974s][info][gc,phases   ] GC(55)   Post Evacuate Collection Set: 3.51ms
[258.974s][info][gc,phases   ] GC(55)   Other: 3.26ms
[258.974s][info][gc,heap     ] GC(55) Eden regions: 30->0(27)
[258.974s][info][gc,heap     ] GC(55) Survivor regions: 7->5(5)
[258.974s][info][gc,heap     ] GC(55) Old regions: 41->49
[258.974s][info][gc,heap     ] GC(55) Humongous regions: 0->0
[258.974s][info][gc,metaspace] GC(55) Metaspace: 374992K(380544K)->374992K(380544K) NonClass: 323575K(326848K)->323575K(326848K) Class: 51416K(53696K)->51416K(53696K)
[258.974s][info][gc          ] GC(55) Pause Young (Normal) (G1 Evacuation Pause) 1236M->854M(1648M) 62.936ms
[258.975s][info][gc,cpu      ] GC(55) User=0.31s Sys=0.03s Real=0.07s
[259.533s][info][gc,start    ] GC(56) Pause Young (Concurrent Start) (G1 Evacuation Pause)
[259.533s][info][gc,task     ] GC(56) Using 8 workers of 8 for evacuation
[259.547s][info][gc,phases   ] GC(56)   Pre Evacuate Collection Set: 0.16ms
[259.547s][info][gc,phases   ] GC(56)   Merge Heap Roots: 0.14ms
[259.547s][info][gc,phases   ] GC(56)   Evacuate Collection Set: 11.09ms
[259.547s][info][gc,phases   ] GC(56)   Post Evacuate Collection Set: 1.71ms
[259.547s][info][gc,phases   ] GC(56)   Other: 0.17ms
[259.547s][info][gc,heap     ] GC(56) Eden regions: 27->0(59)
[259.547s][info][gc,heap     ] GC(56) Survivor regions: 5->1(4)
[259.547s][info][gc,heap     ] GC(56) Old regions: 49->54
[259.547s][info][gc,heap     ] GC(56) Humongous regions: 0->0
[259.547s][info][gc,metaspace] GC(56) Metaspace: 375134K(380736K)->375134K(380736K) NonClass: 323699K(326976K)->323699K(326976K) Class: 51435K(53760K)->51435K(53760K)
[259.547s][info][gc          ] GC(56) Pause Young (Concurrent Start) (G1 Evacuation Pause) 1286M->874M(2448M) 14.174ms
[259.548s][info][gc,cpu      ] GC(56) User=0.09s Sys=0.01s Real=0.02s
[259.548s][info][gc          ] GC(57) Concurrent Mark Cycle
[259.548s][info][gc,marking  ] GC(57) Concurrent Scan Root Regions
[259.566s][info][gc,marking  ] GC(57) Concurrent Scan Root Regions 18.518ms
[259.566s][info][gc,marking  ] GC(57) Concurrent Mark
[259.567s][info][gc,marking  ] GC(57) Concurrent Mark From Roots
[259.567s][info][gc,task     ] GC(57) Using 2 workers of 2 for marking
[259.832s][info][gc,marking  ] GC(57) Concurrent Mark From Roots 264.928ms
[259.832s][info][gc,marking  ] GC(57) Concurrent Preclean
[259.832s][info][gc,marking  ] GC(57) Concurrent Preclean 0.726ms
[259.833s][info][gc,start    ] GC(57) Pause Remark
[259.900s][info][gc          ] GC(57) Pause Remark 1025M->1025M(2448M) 66.437ms
[259.900s][info][gc,cpu      ] GC(57) User=0.41s Sys=0.01s Real=0.07s
[259.900s][info][gc,marking  ] GC(57) Concurrent Mark 333.760ms
[259.900s][info][gc,marking  ] GC(57) Concurrent Rebuild Remembered Sets and Scrub Regions
[260.047s][info][gc,marking  ] GC(57) Concurrent Rebuild Remembered Sets and Scrub Regions 146.887ms
[260.048s][info][gc,start    ] GC(57) Pause Cleanup
[260.048s][info][gc          ] GC(57) Pause Cleanup 1080M->1080M(2448M) 0.266ms
[260.048s][info][gc,cpu      ] GC(57) User=0.00s Sys=0.00s Real=0.00s
[260.048s][info][gc,marking  ] GC(57) Concurrent Clear Claimed Marks
[260.048s][info][gc,marking  ] GC(57) Concurrent Clear Claimed Marks 0.482ms
[260.049s][info][gc,marking  ] GC(57) Concurrent Cleanup for Next Mark
[260.057s][info][gc,marking  ] GC(57) Concurrent Cleanup for Next Mark 8.243ms
[260.057s][info][gc          ] GC(57) Concurrent Mark Cycle 509.406ms
[261.685s][info][gc,start    ] GC(58) Pause Young (Prepare Mixed) (G1 Evacuation Pause)
[261.686s][info][gc,task     ] GC(58) Using 8 workers of 8 for evacuation
[261.698s][info][gc,phases   ] GC(58)   Pre Evacuate Collection Set: 0.19ms
[261.698s][info][gc,phases   ] GC(58)   Merge Heap Roots: 0.15ms
[261.698s][info][gc,phases   ] GC(58)   Evacuate Collection Set: 10.15ms
[261.698s][info][gc,phases   ] GC(58)   Post Evacuate Collection Set: 1.90ms
[261.698s][info][gc,phases   ] GC(58)   Other: 0.13ms
[261.699s][info][gc,heap     ] GC(58) Eden regions: 59->0(70)
[261.699s][info][gc,heap     ] GC(58) Survivor regions: 1->2(8)
[261.699s][info][gc,heap     ] GC(58) Old regions: 54->54
[261.699s][info][gc,heap     ] GC(58) Humongous regions: 0->0
[261.699s][info][gc,metaspace] GC(58) Metaspace: 402356K(408448K)->402356K(408448K) NonClass: 346905K(350464K)->346905K(350464K) Class: 55451K(57984K)->55451K(57984K)
[261.699s][info][gc          ] GC(58) Pause Young (Prepare Mixed) (G1 Evacuation Pause) 1818M->890M(2448M) 13.355ms
[261.699s][info][gc,cpu      ] GC(58) User=0.08s Sys=0.01s Real=0.01s
[263.851s][info][gc,start    ] GC(59) Pause Young (Mixed) (G1 Evacuation Pause)
[263.852s][info][gc,task     ] GC(59) Using 8 workers of 8 for evacuation
[263.885s][info][gc,phases   ] GC(59)   Pre Evacuate Collection Set: 0.19ms
[263.885s][info][gc,phases   ] GC(59)   Merge Heap Roots: 0.15ms
[263.885s][info][gc,phases   ] GC(59)   Evacuate Collection Set: 30.21ms
[263.885s][info][gc,phases   ] GC(59)   Post Evacuate Collection Set: 2.71ms
[263.885s][info][gc,phases   ] GC(59)   Other: 0.09ms
[263.885s][info][gc,heap     ] GC(59) Eden regions: 70->0(71)
[263.885s][info][gc,heap     ] GC(59) Survivor regions: 2->4(9)
[263.885s][info][gc,heap     ] GC(59) Old regions: 54->53
[263.885s][info][gc,heap     ] GC(59) Humongous regions: 0->0
[263.886s][info][gc,metaspace] GC(59) Metaspace: 431675K(438400K)->431675K(438400K) NonClass: 372764K(376640K)->372764K(376640K) Class: 58911K(61760K)->58911K(61760K)
[263.886s][info][gc          ] GC(59) Pause Young (Mixed) (G1 Evacuation Pause) 2010M->909M(2448M) 34.198ms
[263.886s][info][gc,cpu      ] GC(59) User=0.25s Sys=0.00s Real=0.04s
[265.353s][info][gc,start    ] GC(60) Pause Young (Concurrent Start) (G1 Evacuation Pause)
[265.354s][info][gc,task     ] GC(60) Using 8 workers of 8 for evacuation
[265.372s][info][gc,phases   ] GC(60)   Pre Evacuate Collection Set: 0.18ms
[265.372s][info][gc,phases   ] GC(60)   Merge Heap Roots: 0.10ms
[265.372s][info][gc,phases   ] GC(60)   Evacuate Collection Set: 16.06ms
[265.372s][info][gc,phases   ] GC(60)   Post Evacuate Collection Set: 1.75ms
[265.372s][info][gc,phases   ] GC(60)   Other: 0.14ms
[265.372s][info][gc,heap     ] GC(60) Eden regions: 71->0(72)
[265.372s][info][gc,heap     ] GC(60) Survivor regions: 4->7(10)
[265.372s][info][gc,heap     ] GC(60) Old regions: 53->53
[265.372s][info][gc,heap     ] GC(60) Humongous regions: 0->0
[265.372s][info][gc,metaspace] GC(60) Metaspace: 443202K(449920K)->443202K(449920K) NonClass: 382968K(386816K)->382968K(386816K) Class: 60233K(63104K)->60233K(63104K)
[265.372s][info][gc          ] GC(60) Pause Young (Concurrent Start) (G1 Evacuation Pause) 2045M->943M(2448M) 18.765ms
[265.372s][info][gc,cpu      ] GC(60) User=0.13s Sys=0.00s Real=0.02s
[265.372s][info][gc          ] GC(61) Concurrent Mark Cycle
[265.376s][info][gc,marking  ] GC(61) Concurrent Scan Root Regions
[265.412s][info][gc,marking  ] GC(61) Concurrent Scan Root Regions 36.268ms
[265.413s][info][gc,marking  ] GC(61) Concurrent Mark
[265.413s][info][gc,marking  ] GC(61) Concurrent Mark From Roots
[265.413s][info][gc,task     ] GC(61) Using 2 workers of 2 for marking
[265.765s][info][gc,marking  ] GC(61) Concurrent Mark From Roots 352.160ms
[265.768s][info][gc,marking  ] GC(61) Concurrent Preclean
[265.771s][info][gc,marking  ] GC(61) Concurrent Preclean 2.872ms
[265.772s][info][gc,start    ] GC(61) Pause Remark
[265.791s][info][gc          ] GC(61) Pause Remark 1377M->1377M(2448M) 18.827ms
[265.791s][info][gc,cpu      ] GC(61) User=0.09s Sys=0.00s Real=0.02s
[265.795s][info][gc,marking  ] GC(61) Concurrent Mark 382.568ms
[265.798s][info][gc,marking  ] GC(61) Concurrent Rebuild Remembered Sets and Scrub Regions
[266.053s][info][gc,marking  ] GC(61) Concurrent Rebuild Remembered Sets and Scrub Regions 254.814ms
[266.054s][info][gc,start    ] GC(61) Pause Cleanup
[266.055s][info][gc          ] GC(61) Pause Cleanup 1607M->1607M(2448M) 0.235ms
[266.055s][info][gc,cpu      ] GC(61) User=0.00s Sys=0.00s Real=0.00s
[266.055s][info][gc,marking  ] GC(61) Concurrent Clear Claimed Marks
[266.056s][info][gc,marking  ] GC(61) Concurrent Clear Claimed Marks 0.809ms
[266.056s][info][gc,marking  ] GC(61) Concurrent Cleanup for Next Mark
[266.059s][info][gc,marking  ] GC(61) Concurrent Cleanup for Next Mark 3.506ms
[266.060s][info][gc          ] GC(61) Concurrent Mark Cycle 687.279ms
[266.516s][info][gc,start    ] GC(62) Pause Young (Prepare Mixed) (G1 Evacuation Pause)
[266.517s][info][gc,task     ] GC(62) Using 8 workers of 8 for evacuation
[266.539s][info][gc,phases   ] GC(62)   Pre Evacuate Collection Set: 0.13ms
[266.539s][info][gc,phases   ] GC(62)   Merge Heap Roots: 0.15ms
[266.540s][info][gc,phases   ] GC(62)   Evacuate Collection Set: 20.23ms
[266.540s][info][gc,phases   ] GC(62)   Post Evacuate Collection Set: 2.13ms
[266.540s][info][gc,phases   ] GC(62)   Other: 0.06ms
[266.540s][info][gc,heap     ] GC(62) Eden regions: 72->0(75)
[266.540s][info][gc,heap     ] GC(62) Survivor regions: 7->6(10)
[266.540s][info][gc,heap     ] GC(62) Old regions: 53->54
[266.540s][info][gc,heap     ] GC(62) Humongous regions: 0->0
[266.540s][info][gc,metaspace] GC(62) Metaspace: 450128K(456896K)->450128K(456896K) NonClass: 389067K(392896K)->389067K(392896K) Class: 61061K(64000K)->61061K(64000K)
[266.540s][info][gc          ] GC(62) Pause Young (Prepare Mixed) (G1 Evacuation Pause) 2095M->957M(2448M) 23.291ms
[266.540s][info][gc,cpu      ] GC(62) User=0.17s Sys=0.01s Real=0.02s
[267.869s][info][gc,start    ] GC(63) Pause Young (Mixed) (G1 Evacuation Pause)
[267.869s][info][gc,task     ] GC(63) Using 8 workers of 8 for evacuation
[267.892s][info][gc,phases   ] GC(63)   Pre Evacuate Collection Set: 0.17ms
[267.893s][info][gc,phases   ] GC(63)   Merge Heap Roots: 0.16ms
[267.893s][info][gc,phases   ] GC(63)   Evacuate Collection Set: 20.72ms
[267.893s][info][gc,phases   ] GC(63)   Post Evacuate Collection Set: 1.95ms
[267.893s][info][gc,phases   ] GC(63)   Other: 0.09ms
[267.893s][info][gc,heap     ] GC(63) Eden regions: 75->0(77)
[267.893s][info][gc,heap     ] GC(63) Survivor regions: 6->8(11)
[267.893s][info][gc,heap     ] GC(63) Old regions: 54->53
[267.893s][info][gc,heap     ] GC(63) Humongous regions: 0->0
[267.893s][info][gc,metaspace] GC(63) Metaspace: 451740K(458496K)->451740K(458496K) NonClass: 390597K(394432K)->390597K(394432K) Class: 61143K(64064K)->61143K(64064K)
[267.893s][info][gc          ] GC(63) Pause Young (Mixed) (G1 Evacuation Pause) 2157M->969M(2448M) 23.747ms
[267.893s][info][gc,cpu      ] GC(63) User=0.15s Sys=0.00s Real=0.02s
[269.084s][info][gc,start    ] GC(64) Pause Young (Concurrent Start) (G1 Evacuation Pause)
[269.084s][info][gc,task     ] GC(64) Using 8 workers of 8 for evacuation
[269.113s][info][gc,phases   ] GC(64)   Pre Evacuate Collection Set: 0.18ms
[269.113s][info][gc,phases   ] GC(64)   Merge Heap Roots: 0.12ms
[269.113s][info][gc,phases   ] GC(64)   Evacuate Collection Set: 26.60ms
[269.114s][info][gc,phases   ] GC(64)   Post Evacuate Collection Set: 1.71ms
[269.114s][info][gc,phases   ] GC(64)   Other: 0.17ms
[269.114s][info][gc,heap     ] GC(64) Eden regions: 77->0(76)
[269.114s][info][gc,heap     ] GC(64) Survivor regions: 8->6(11)
[269.114s][info][gc,heap     ] GC(64) Old regions: 53->57
[269.114s][info][gc,heap     ] GC(64) Humongous regions: 0->0
[269.114s][info][gc,metaspace] GC(64) Metaspace: 452866K(459584K)->452866K(459584K) NonClass: 391700K(395520K)->391700K(395520K) Class: 61166K(64064K)->61166K(64064K)
[269.114s][info][gc          ] GC(64) Pause Young (Concurrent Start) (G1 Evacuation Pause) 2201M->996M(2448M) 29.529ms
[269.114s][info][gc          ] GC(65) Concurrent Mark Cycle
[269.114s][info][gc,marking  ] GC(65) Concurrent Scan Root Regions
[269.114s][info][gc,cpu      ] GC(64) User=0.21s Sys=0.00s Real=0.02s
[269.148s][info][gc,marking  ] GC(65) Concurrent Scan Root Regions 34.276ms
[269.150s][info][gc,marking  ] GC(65) Concurrent Mark
[269.150s][info][gc,marking  ] GC(65) Concurrent Mark From Roots
[269.150s][info][gc,task     ] GC(65) Using 2 workers of 2 for marking
[269.416s][info][gc,marking  ] GC(65) Concurrent Mark From Roots 265.246ms
[269.416s][info][gc,marking  ] GC(65) Concurrent Preclean
[269.418s][info][gc,marking  ] GC(65) Concurrent Preclean 1.607ms
[269.418s][info][gc,start    ] GC(65) Pause Remark
[269.471s][info][gc          ] GC(65) Pause Remark 1314M->1314M(2448M) 53.240ms
[269.471s][info][gc,cpu      ] GC(65) User=0.26s Sys=0.02s Real=0.05s
[269.472s][info][gc,marking  ] GC(65) Concurrent Mark 321.596ms
[269.473s][info][gc,marking  ] GC(65) Concurrent Rebuild Remembered Sets and Scrub Regions
[269.667s][info][gc,marking  ] GC(65) Concurrent Rebuild Remembered Sets and Scrub Regions 194.132ms
[269.669s][info][gc,start    ] GC(65) Pause Cleanup
[269.669s][info][gc          ] GC(65) Pause Cleanup 1514M->1514M(2448M) 0.237ms
[269.670s][info][gc,cpu      ] GC(65) User=0.00s Sys=0.00s Real=0.00s
[269.673s][info][gc,marking  ] GC(65) Concurrent Clear Claimed Marks
[269.674s][info][gc,marking  ] GC(65) Concurrent Clear Claimed Marks 0.674ms
[269.674s][info][gc,marking  ] GC(65) Concurrent Cleanup for Next Mark
[269.676s][info][gc,marking  ] GC(65) Concurrent Cleanup for Next Mark 1.758ms
[269.676s][info][gc          ] GC(65) Concurrent Mark Cycle 562.174ms
[270.203s][info][gc,start    ] GC(66) Pause Young (Prepare Mixed) (G1 Evacuation Pause)
[270.204s][info][gc,task     ] GC(66) Using 8 workers of 8 for evacuation
[270.233s][info][gc,phases   ] GC(66)   Pre Evacuate Collection Set: 0.18ms
[270.234s][info][gc,phases   ] GC(66)   Merge Heap Roots: 0.39ms
[270.234s][info][gc,phases   ] GC(66)   Evacuate Collection Set: 26.19ms
[270.234s][info][gc,phases   ] GC(66)   Post Evacuate Collection Set: 2.84ms
[270.234s][info][gc,phases   ] GC(66)   Other: 0.24ms
[270.235s][info][gc,heap     ] GC(66) Eden regions: 76->0(77)
[270.235s][info][gc,heap     ] GC(66) Survivor regions: 6->7(11)
[270.235s][info][gc,heap     ] GC(66) Old regions: 57->57
[270.235s][info][gc,heap     ] GC(66) Humongous regions: 0->0
[270.235s][info][gc,metaspace] GC(66) Metaspace: 453958K(460672K)->453958K(460672K) NonClass: 392689K(396480K)->392689K(396480K) Class: 61269K(64192K)->61269K(64192K)
[270.236s][info][gc          ] GC(66) Pause Young (Prepare Mixed) (G1 Evacuation Pause) 2212M->1002M(2448M) 32.779ms
[270.236s][info][gc,cpu      ] GC(66) User=0.19s Sys=0.01s Real=0.04s
[271.604s][info][gc,start    ] GC(67) Pause Young (Mixed) (G1 Evacuation Pause)
[271.604s][info][gc,task     ] GC(67) Using 8 workers of 8 for evacuation
[271.626s][info][gc,phases   ] GC(67)   Pre Evacuate Collection Set: 0.18ms
[271.626s][info][gc,phases   ] GC(67)   Merge Heap Roots: 0.15ms
[271.626s][info][gc,phases   ] GC(67)   Evacuate Collection Set: 19.14ms
[271.626s][info][gc,phases   ] GC(67)   Post Evacuate Collection Set: 2.07ms
[271.626s][info][gc,phases   ] GC(67)   Other: 0.11ms
[271.626s][info][gc,heap     ] GC(67) Eden regions: 77->0(110)
[271.626s][info][gc,heap     ] GC(67) Survivor regions: 7->5(11)
[271.626s][info][gc,heap     ] GC(67) Old regions: 57->57
[271.626s][info][gc,heap     ] GC(67) Humongous regions: 0->0
[271.626s][info][gc,metaspace] GC(67) Metaspace: 457939K(464640K)->457939K(464640K) NonClass: 396305K(400064K)->396305K(400064K) Class: 61633K(64576K)->61633K(64576K)
[271.627s][info][gc          ] GC(67) Pause Young (Mixed) (G1 Evacuation Pause) 2234M->985M(3072M) 22.338ms
[271.627s][info][gc,cpu      ] GC(67) User=0.15s Sys=0.00s Real=0.02s
[275.389s][info][gc,heap,exit] Heap
[275.389s][info][gc,heap,exit]  garbage-first heap   total 3145728K, used 1664113K [0x0000000149000000, 0x0000000800000000)
[275.390s][info][gc,heap,exit]   region size 16384K, 45 young (737280K), 5 survivors (81920K)
[275.390s][info][gc,heap,exit]  Metaspace       used 463210K, committed 470016K, reserved 1507328K
[275.390s][info][gc,heap,exit]   class space    used 62352K, committed 65344K, reserved 1048576K
