[0.142s][info][gc,start    ] GC(1) Pause Young (Normal) (G1 Evacuation Pause)
[0.142s][info][gc,task     ] GC(1) Using 3 workers of 8 for evacuation
[0.149s][info][gc,phases   ] GC(1)   Pre Evacuate Collection Set: 0.10ms
[0.149s][info][gc,phases   ] GC(1)   Merge Heap Roots: 0.06ms
[0.149s][info][gc,phases   ] GC(1)   Evacuate Collection Set: 6.20ms
[0.149s][info][gc,phases   ] GC(1)   Post Evacuate Collection Set: 0.25ms
[0.149s][info][gc,phases   ] GC(1)   Other: 0.08ms
[0.149s][info][gc,heap     ] GC(1) Eden regions: 1->0(1)
[0.149s][info][gc,heap     ] GC(1) Survivor regions: 1->1(1)
[0.149s][info][gc,heap     ] GC(1) Old regions: 1->2
[0.149s][info][gc,heap     ] GC(1) Humongous regions: 0->0
[0.149s][info][gc,metaspace] GC(1) Metaspace: 2146K(2368K)->2146K(2368K) NonClass: 2062K(2176K)->2062K(2176K) Class: 84K(192K)->84K(192K)
[0.149s][info][gc          ] GC(1) Pause Young (Normal) (G1 Evacuation Pause) 31M->23M(144M) 7.237ms
[0.149s][info][gc,cpu      ] GC(1) User=0.00s Sys=0.02s Real=0.01s
[0.159s][info][gc,start    ] GC(2) Pause Young (Normal) (G1 Evacuation Pause)
[0.159s][info][gc,task     ] GC(2) Using 3 workers of 8 for evacuation
[0.162s][info][gc,phases   ] GC(2)   Pre Evacuate Collection Set: 0.08ms
[0.163s][info][gc,phases   ] GC(2)   Merge Heap Roots: 0.05ms
[0.163s][info][gc,phases   ] GC(2)   Evacuate Collection Set: 2.03ms
[0.163s][info][gc,phases   ] GC(2)   Post Evacuate Collection Set: 0.81ms
[0.163s][info][gc,phases   ] GC(2)   Other: 0.07ms
[0.163s][info][gc,heap     ] GC(2) Eden regions: 1->0(1)
[0.163s][info][gc,heap     ] GC(2) Survivor regions: 1->1(1)
[0.163s][info][gc,heap     ] GC(2) Old regions: 2->3
[0.163s][info][gc,heap     ] GC(2) Humongous regions: 0->0
[0.163s][info][gc,metaspace] GC(2) Metaspace: 2198K(2368K)->2198K(2368K) NonClass: 2112K(2176K)->2112K(2176K) Class: 85K(192K)->85K(192K)
[0.163s][info][gc          ] GC(2) Pause Young (Normal) (G1 Evacuation Pause) 39M->25M(144M) 4.610ms
[0.163s][info][gc,cpu      ] GC(2) User=0.00s Sys=0.01s Real=0.00s
[0.335s][info][gc,start    ] GC(3) Pause Young (Normal) (G1 Evacuation Pause)
[0.335s][info][gc,task     ] GC(3) Using 6 workers of 8 for evacuation
[0.337s][info][gc,phases   ] GC(3)   Pre Evacuate Collection Set: 0.10ms
[0.337s][info][gc,phases   ] GC(3)   Merge Heap Roots: 0.04ms
[0.337s][info][gc,phases   ] GC(3)   Evacuate Collection Set: 1.41ms
[0.337s][info][gc,phases   ] GC(3)   Post Evacuate Collection Set: 0.51ms
[0.337s][info][gc,phases   ] GC(3)   Other: 0.32ms
[0.337s][info][gc,heap     ] GC(3) Eden regions: 1->0(2)
[0.337s][info][gc,heap     ] GC(3) Survivor regions: 1->1(1)
[0.337s][info][gc,heap     ] GC(3) Old regions: 3->3
[0.337s][info][gc,heap     ] GC(3) Humongous regions: 0->0
[0.337s][info][gc,metaspace] GC(3) Metaspace: 16273K(16704K)->16273K(16704K) NonClass: 14694K(14912K)->14694K(14912K) Class: 1579K(1792K)->1579K(1792K)
[0.338s][info][gc          ] GC(3) Pause Young (Normal) (G1 Evacuation Pause) 41M->28M(144M) 2.978ms
[0.338s][info][gc,cpu      ] GC(3) User=0.00s Sys=0.00s Real=0.00s
[0.460s][info][gc,start    ] GC(4) Pause Young (Normal) (G1 Evacuation Pause)
[0.460s][info][gc,task     ] GC(4) Using 6 workers of 8 for evacuation
[0.466s][info][gc,phases   ] GC(4)   Pre Evacuate Collection Set: 0.11ms
[0.466s][info][gc,phases   ] GC(4)   Merge Heap Roots: 0.04ms
[0.466s][info][gc,phases   ] GC(4)   Evacuate Collection Set: 4.83ms
[0.466s][info][gc,phases   ] GC(4)   Post Evacuate Collection Set: 0.73ms
[0.466s][info][gc,phases   ] GC(4)   Other: 0.07ms
[0.466s][info][gc,heap     ] GC(4) Eden regions: 2->0(2)
[0.466s][info][gc,heap     ] GC(4) Survivor regions: 1->1(1)
[0.466s][info][gc,heap     ] GC(4) Old regions: 3->3
[0.466s][info][gc,heap     ] GC(4) Humongous regions: 0->0
[0.466s][info][gc,metaspace] GC(4) Metaspace: 19657K(20096K)->19657K(20096K) NonClass: 17739K(17984K)->17739K(17984K) Class: 1918K(2112K)->1918K(2112K)
[0.466s][info][gc          ] GC(4) Pause Young (Normal) (G1 Evacuation Pause) 60M->42M(288M) 6.289ms
[0.466s][info][gc,cpu      ] GC(4) User=0.02s Sys=0.00s Real=0.01s
[0.522s][info][gc,start    ] GC(5) Pause Young (Concurrent Start) (Metadata GC Threshold)
[0.522s][info][gc,task     ] GC(5) Using 6 workers of 8 for evacuation
[0.531s][info][gc,phases   ] GC(5)   Pre Evacuate Collection Set: 0.11ms
[0.531s][info][gc,phases   ] GC(5)   Merge Heap Roots: 0.06ms
[0.531s][info][gc,phases   ] GC(5)   Evacuate Collection Set: 8.58ms
[0.531s][info][gc,phases   ] GC(5)   Post Evacuate Collection Set: 0.31ms
[0.531s][info][gc,phases   ] GC(5)   Other: 0.10ms
[0.531s][info][gc,heap     ] GC(5) Eden regions: 1->0(5)
[0.531s][info][gc,heap     ] GC(5) Survivor regions: 1->1(1)
[0.531s][info][gc,heap     ] GC(5) Old regions: 3->4
[0.531s][info][gc,heap     ] GC(5) Humongous regions: 0->0
[0.531s][info][gc,metaspace] GC(5) Metaspace: 21003K(21504K)->21003K(21504K) NonClass: 18955K(19200K)->18955K(19200K) Class: 2048K(2304K)->2048K(2304K)
[0.531s][info][gc          ] GC(5) Pause Young (Concurrent Start) (Metadata GC Threshold) 49M->45M(288M) 9.737ms
[0.531s][info][gc,cpu      ] GC(5) User=0.01s Sys=0.01s Real=0.01s
[0.531s][info][gc          ] GC(6) Concurrent Mark Cycle
[0.532s][info][gc,marking  ] GC(6) Concurrent Scan Root Regions
[0.536s][info][gc,marking  ] GC(6) Concurrent Scan Root Regions 4.456ms
[0.536s][info][gc,marking  ] GC(6) Concurrent Mark
[0.536s][info][gc,marking  ] GC(6) Concurrent Mark From Roots
[0.536s][info][gc,task     ] GC(6) Using 2 workers of 2 for marking
[0.538s][info][gc,marking  ] GC(6) Concurrent Mark From Roots 2.165ms
[0.538s][info][gc,marking  ] GC(6) Concurrent Preclean
[0.538s][info][gc,marking  ] GC(6) Concurrent Preclean 0.035ms
[0.538s][info][gc,start    ] GC(6) Pause Remark
[0.541s][info][gc          ] GC(6) Pause Remark 47M->47M(272M) 2.137ms
[0.542s][info][gc,cpu      ] GC(6) User=0.00s Sys=0.00s Real=0.00s
[0.542s][info][gc,marking  ] GC(6) Concurrent Mark 5.802ms
[0.542s][info][gc,marking  ] GC(6) Concurrent Rebuild Remembered Sets and Scrub Regions
[0.546s][info][gc,marking  ] GC(6) Concurrent Rebuild Remembered Sets and Scrub Regions 3.809ms
[0.549s][info][gc,start    ] GC(6) Pause Cleanup
[0.549s][info][gc          ] GC(6) Pause Cleanup 49M->49M(272M) 0.099ms
[0.549s][info][gc,cpu      ] GC(6) User=0.00s Sys=0.00s Real=0.00s
[0.549s][info][gc,marking  ] GC(6) Concurrent Clear Claimed Marks
[0.549s][info][gc,marking  ] GC(6) Concurrent Clear Claimed Marks 0.085ms
[0.549s][info][gc,marking  ] GC(6) Concurrent Cleanup for Next Mark
[0.550s][info][gc,marking  ] GC(6) Concurrent Cleanup for Next Mark 1.067ms
[0.550s][info][gc          ] GC(6) Concurrent Mark Cycle 18.691ms
[0.711s][info][gc,start    ] GC(7) Pause Young (Prepare Mixed) (Metadata GC Threshold)
[0.711s][info][gc,task     ] GC(7) Using 8 workers of 8 for evacuation
[0.716s][info][gc,phases   ] GC(7)   Pre Evacuate Collection Set: 0.09ms
[0.717s][info][gc,phases   ] GC(7)   Merge Heap Roots: 0.06ms
[0.717s][info][gc,phases   ] GC(7)   Evacuate Collection Set: 4.81ms
[0.717s][info][gc,phases   ] GC(7)   Post Evacuate Collection Set: 0.57ms
[0.717s][info][gc,phases   ] GC(7)   Other: 0.07ms
[0.717s][info][gc,heap     ] GC(7) Eden regions: 3->0(5)
[0.717s][info][gc,heap     ] GC(7) Survivor regions: 1->1(1)
[0.717s][info][gc,heap     ] GC(7) Old regions: 4->4
[0.717s][info][gc,heap     ] GC(7) Humongous regions: 0->0
[0.717s][info][gc,metaspace] GC(7) Metaspace: 35532K(36160K)->35532K(36160K) NonClass: 31736K(32064K)->31736K(32064K) Class: 3795K(4096K)->3795K(4096K)
[0.717s][info][gc          ] GC(7) Pause Young (Prepare Mixed) (Metadata GC Threshold) 82M->54M(272M) 6.142ms
[0.717s][info][gc,cpu      ] GC(7) User=0.02s Sys=0.01s Real=0.01s
[0.729s][info][gc,start    ] GC(8) Pause Young (Mixed) (Metadata GC Threshold)
[0.729s][info][gc,task     ] GC(8) Using 8 workers of 8 for evacuation
[0.734s][info][gc,phases   ] GC(8)   Pre Evacuate Collection Set: 0.09ms
[0.734s][info][gc,phases   ] GC(8)   Merge Heap Roots: 0.10ms
[0.734s][info][gc,phases   ] GC(8)   Evacuate Collection Set: 4.72ms
[0.734s][info][gc,phases   ] GC(8)   Post Evacuate Collection Set: 0.37ms
[0.734s][info][gc,phases   ] GC(8)   Other: 0.11ms
[0.734s][info][gc,heap     ] GC(8) Eden regions: 1->0(5)
[0.734s][info][gc,heap     ] GC(8) Survivor regions: 1->1(1)
[0.734s][info][gc,heap     ] GC(8) Old regions: 4->4
[0.735s][info][gc,heap     ] GC(8) Humongous regions: 0->0
[0.735s][info][gc,metaspace] GC(8) Metaspace: 35760K(36480K)->35760K(36480K) NonClass: 31936K(32320K)->31936K(32320K) Class: 3823K(4160K)->3823K(4160K)
[0.735s][info][gc          ] GC(8) Pause Young (Mixed) (Metadata GC Threshold) 57M->55M(272M) 6.010ms
[0.735s][info][gc,cpu      ] GC(8) User=0.02s Sys=0.00s Real=0.01s
[0.752s][info][gc,start    ] GC(9) Pause Young (Concurrent Start) (Metadata GC Threshold)
[0.752s][info][gc,task     ] GC(9) Using 8 workers of 8 for evacuation
[0.753s][info][gc,phases   ] GC(9)   Pre Evacuate Collection Set: 0.12ms
[0.753s][info][gc,phases   ] GC(9)   Merge Heap Roots: 0.05ms
[0.753s][info][gc,phases   ] GC(9)   Evacuate Collection Set: 0.67ms
[0.753s][info][gc,phases   ] GC(9)   Post Evacuate Collection Set: 0.28ms
[0.753s][info][gc,phases   ] GC(9)   Other: 0.12ms
[0.753s][info][gc,heap     ] GC(9) Eden regions: 1->0(6)
[0.753s][info][gc,heap     ] GC(9) Survivor regions: 1->1(1)
[0.753s][info][gc,heap     ] GC(9) Old regions: 4->4
[0.753s][info][gc,heap     ] GC(9) Humongous regions: 0->0
[0.753s][info][gc,metaspace] GC(9) Metaspace: 36153K(36800K)->36153K(36800K) NonClass: 32273K(32640K)->32273K(32640K) Class: 3880K(4160K)->3880K(4160K)
[0.753s][info][gc          ] GC(9) Pause Young (Concurrent Start) (Metadata GC Threshold) 57M->54M(272M) 1.888ms
[0.754s][info][gc,cpu      ] GC(9) User=0.00s Sys=0.00s Real=0.01s
[0.754s][info][gc          ] GC(10) Concurrent Mark Cycle
[0.754s][info][gc,marking  ] GC(10) Concurrent Scan Root Regions
[0.754s][info][gc,marking  ] GC(10) Concurrent Scan Root Regions 0.523ms
[0.754s][info][gc,marking  ] GC(10) Concurrent Mark
[0.754s][info][gc,marking  ] GC(10) Concurrent Mark From Roots
[0.754s][info][gc,task     ] GC(10) Using 2 workers of 2 for marking
[0.782s][info][gc,marking  ] GC(10) Concurrent Mark From Roots 28.000ms
[0.782s][info][gc,marking  ] GC(10) Concurrent Preclean
[0.784s][info][gc,marking  ] GC(10) Concurrent Preclean 1.417ms
[0.793s][info][gc,start    ] GC(10) Pause Remark
[0.796s][info][gc          ] GC(10) Pause Remark 61M->61M(272M) 3.444ms
[0.796s][info][gc,cpu      ] GC(10) User=0.02s Sys=0.00s Real=0.01s
[0.799s][info][gc,marking  ] GC(10) Concurrent Mark 44.279ms
[0.799s][info][gc,marking  ] GC(10) Concurrent Rebuild Remembered Sets and Scrub Regions
[0.806s][info][gc,marking  ] GC(10) Concurrent Rebuild Remembered Sets and Scrub Regions 6.952ms
[0.810s][info][gc,start    ] GC(10) Pause Cleanup
[0.810s][info][gc          ] GC(10) Pause Cleanup 64M->64M(272M) 0.164ms
[0.810s][info][gc,cpu      ] GC(10) User=0.00s Sys=0.00s Real=0.00s
[0.813s][info][gc,marking  ] GC(10) Concurrent Clear Claimed Marks
[0.814s][info][gc,marking  ] GC(10) Concurrent Clear Claimed Marks 1.030ms
[0.814s][info][gc,marking  ] GC(10) Concurrent Cleanup for Next Mark
[0.814s][info][gc,marking  ] GC(10) Concurrent Cleanup for Next Mark 0.193ms
[0.816s][info][gc          ] GC(10) Concurrent Mark Cycle 62.916ms
[1.013s][info][gc,start    ] GC(11) Pause Young (Prepare Mixed) (G1 Evacuation Pause)
[1.013s][info][gc,task     ] GC(11) Using 8 workers of 8 for evacuation
[1.018s][info][gc,phases   ] GC(11)   Pre Evacuate Collection Set: 0.11ms
[1.018s][info][gc,phases   ] GC(11)   Merge Heap Roots: 0.09ms
[1.019s][info][gc,phases   ] GC(11)   Evacuate Collection Set: 4.37ms
[1.019s][info][gc,phases   ] GC(11)   Post Evacuate Collection Set: 0.85ms
[1.019s][info][gc,phases   ] GC(11)   Other: 0.11ms
[1.019s][info][gc,heap     ] GC(11) Eden regions: 6->0(6)
[1.019s][info][gc,heap     ] GC(11) Survivor regions: 1->1(1)
[1.019s][info][gc,heap     ] GC(11) Old regions: 4->5
[1.019s][info][gc,heap     ] GC(11) Humongous regions: 0->0
[1.019s][info][gc,metaspace] GC(11) Metaspace: 58177K(59328K)->58177K(59328K) NonClass: 51624K(52288K)->51624K(52288K) Class: 6553K(7040K)->6553K(7040K)
[1.019s][info][gc          ] GC(11) Pause Young (Prepare Mixed) (G1 Evacuation Pause) 145M->75M(272M) 6.209ms
[1.019s][info][gc,cpu      ] GC(11) User=0.01s Sys=0.01s Real=0.01s
[1.082s][info][gc,start    ] GC(12) Pause Young (Mixed) (Metadata GC Threshold)
[1.082s][info][gc,task     ] GC(12) Using 8 workers of 8 for evacuation
[1.087s][info][gc,phases   ] GC(12)   Pre Evacuate Collection Set: 0.09ms
[1.087s][info][gc,phases   ] GC(12)   Merge Heap Roots: 0.07ms
[1.087s][info][gc,phases   ] GC(12)   Evacuate Collection Set: 3.72ms
[1.087s][info][gc,phases   ] GC(12)   Post Evacuate Collection Set: 0.79ms
[1.087s][info][gc,phases   ] GC(12)   Other: 0.12ms
[1.087s][info][gc,heap     ] GC(12) Eden regions: 3->0(16)
[1.087s][info][gc,heap     ] GC(12) Survivor regions: 1->1(1)
[1.087s][info][gc,heap     ] GC(12) Old regions: 5->5
[1.088s][info][gc,heap     ] GC(12) Humongous regions: 0->0
[1.088s][info][gc,metaspace] GC(12) Metaspace: 62231K(63360K)->62231K(63360K) NonClass: 55163K(55808K)->55163K(55808K) Class: 7068K(7552K)->7068K(7552K)
[1.088s][info][gc          ] GC(12) Pause Young (Mixed) (Metadata GC Threshold) 110M->75M(544M) 5.532ms
[1.088s][info][gc,cpu      ] GC(12) User=0.03s Sys=0.00s Real=0.01s
[1.094s][info][gc,start    ] GC(13) Pause Young (Concurrent Start) (Metadata GC Threshold)
[1.094s][info][gc,task     ] GC(13) Using 8 workers of 8 for evacuation
[1.097s][info][gc,phases   ] GC(13)   Pre Evacuate Collection Set: 0.10ms
[1.097s][info][gc,phases   ] GC(13)   Merge Heap Roots: 0.05ms
[1.097s][info][gc,phases   ] GC(13)   Evacuate Collection Set: 2.28ms
[1.097s][info][gc,phases   ] GC(13)   Post Evacuate Collection Set: 0.32ms
[1.097s][info][gc,phases   ] GC(13)   Other: 0.11ms
[1.097s][info][gc,heap     ] GC(13) Eden regions: 1->0(18)
[1.097s][info][gc,heap     ] GC(13) Survivor regions: 1->1(3)
[1.097s][info][gc,heap     ] GC(13) Old regions: 5->5
[1.097s][info][gc,heap     ] GC(13) Humongous regions: 0->0
[1.097s][info][gc,metaspace] GC(13) Metaspace: 62523K(63680K)->62523K(63680K) NonClass: 55408K(56064K)->55408K(56064K) Class: 7114K(7616K)->7114K(7616K)
[1.097s][info][gc          ] GC(13) Pause Young (Concurrent Start) (Metadata GC Threshold) 78M->75M(544M) 3.576ms
[1.097s][info][gc,cpu      ] GC(13) User=0.01s Sys=0.01s Real=0.00s
[1.097s][info][gc          ] GC(14) Concurrent Mark Cycle
[1.098s][info][gc,marking  ] GC(14) Concurrent Scan Root Regions
[1.103s][info][gc,marking  ] GC(14) Concurrent Scan Root Regions 5.026ms
[1.104s][info][gc,marking  ] GC(14) Concurrent Mark
[1.106s][info][gc,marking  ] GC(14) Concurrent Mark From Roots
[1.106s][info][gc,task     ] GC(14) Using 2 workers of 2 for marking
[1.132s][info][gc,marking  ] GC(14) Concurrent Mark From Roots 26.687ms
[1.133s][info][gc,marking  ] GC(14) Concurrent Preclean
[1.134s][info][gc,marking  ] GC(14) Concurrent Preclean 1.588ms
[1.138s][info][gc,start    ] GC(14) Pause Remark
[1.143s][info][gc          ] GC(14) Pause Remark 81M->81M(320M) 5.293ms
[1.143s][info][gc,cpu      ] GC(14) User=0.02s Sys=0.00s Real=0.00s
[1.143s][info][gc,marking  ] GC(14) Concurrent Mark 39.308ms
[1.143s][info][gc,marking  ] GC(14) Concurrent Rebuild Remembered Sets and Scrub Regions
[1.153s][info][gc,marking  ] GC(14) Concurrent Rebuild Remembered Sets and Scrub Regions 9.464ms
[1.154s][info][gc,start    ] GC(14) Pause Cleanup
[1.154s][info][gc          ] GC(14) Pause Cleanup 81M->81M(320M) 0.137ms
[1.154s][info][gc,cpu      ] GC(14) User=0.00s Sys=0.00s Real=0.00s
[1.154s][info][gc,marking  ] GC(14) Concurrent Clear Claimed Marks
[1.158s][info][gc,marking  ] GC(14) Concurrent Clear Claimed Marks 3.730ms
[1.158s][info][gc,marking  ] GC(14) Concurrent Cleanup for Next Mark
[1.159s][info][gc,marking  ] GC(14) Concurrent Cleanup for Next Mark 1.257ms
[1.159s][info][gc          ] GC(14) Concurrent Mark Cycle 61.878ms
[4.026s][info][gc,start    ] GC(15) Pause Young (Prepare Mixed) (G1 Evacuation Pause)
[4.026s][info][gc,task     ] GC(15) Using 8 workers of 8 for evacuation
[4.039s][info][gc,phases   ] GC(15)   Pre Evacuate Collection Set: 0.31ms
[4.039s][info][gc,phases   ] GC(15)   Merge Heap Roots: 0.18ms
[4.040s][info][gc,phases   ] GC(15)   Evacuate Collection Set: 9.79ms
[4.040s][info][gc,phases   ] GC(15)   Post Evacuate Collection Set: 2.63ms
[4.040s][info][gc,phases   ] GC(15)   Other: 0.28ms
[4.040s][info][gc,heap     ] GC(15) Eden regions: 11->0(8)
[4.041s][info][gc,heap     ] GC(15) Survivor regions: 1->2(2)
[4.041s][info][gc,heap     ] GC(15) Old regions: 5->5
[4.041s][info][gc,heap     ] GC(15) Humongous regions: 0->0
[4.041s][info][gc,metaspace] GC(15) Metaspace: 78285K(79616K)->78285K(79616K) NonClass: 69340K(70144K)->69340K(70144K) Class: 8944K(9472K)->8944K(9472K)
[4.041s][info][gc          ] GC(15) Pause Young (Prepare Mixed) (G1 Evacuation Pause) 251M->96M(320M) 15.723ms
[4.042s][info][gc,cpu      ] GC(15) User=0.06s Sys=0.01s Real=0.01s
[13.733s][info][gc,start    ] GC(16) Pause Young (Mixed) (G1 Evacuation Pause)
[13.733s][info][gc,task     ] GC(16) Using 8 workers of 8 for evacuation
[13.746s][info][gc,phases   ] GC(16)   Pre Evacuate Collection Set: 0.17ms
[13.746s][info][gc,phases   ] GC(16)   Merge Heap Roots: 0.14ms
[13.746s][info][gc,phases   ] GC(16)   Evacuate Collection Set: 11.64ms
[13.746s][info][gc,phases   ] GC(16)   Post Evacuate Collection Set: 0.85ms
[13.746s][info][gc,phases   ] GC(16)   Other: 0.10ms
[13.746s][info][gc,heap     ] GC(16) Eden regions: 8->0(9)
[13.746s][info][gc,heap     ] GC(16) Survivor regions: 2->1(2)
[13.746s][info][gc,heap     ] GC(16) Old regions: 5->6
[13.746s][info][gc,heap     ] GC(16) Humongous regions: 0->0
[13.747s][info][gc,metaspace] GC(16) Metaspace: 87848K(89280K)->87848K(89280K) NonClass: 77792K(78656K)->77792K(78656K) Class: 10056K(10624K)->10056K(10624K)
[13.747s][info][gc          ] GC(16) Pause Young (Mixed) (G1 Evacuation Pause) 224M->95M(320M) 14.185ms
[13.747s][info][gc,cpu      ] GC(16) User=0.06s Sys=0.02s Real=0.02s
[14.379s][info][gc,start    ] GC(17) Pause Young (Concurrent Start) (Metadata GC Threshold)
[14.379s][info][gc,task     ] GC(17) Using 8 workers of 8 for evacuation
[14.387s][info][gc,phases   ] GC(17)   Pre Evacuate Collection Set: 0.15ms
[14.387s][info][gc,phases   ] GC(17)   Merge Heap Roots: 0.11ms
[14.387s][info][gc,phases   ] GC(17)   Evacuate Collection Set: 6.40ms
[14.387s][info][gc,phases   ] GC(17)   Post Evacuate Collection Set: 0.99ms
[14.387s][info][gc,phases   ] GC(17)   Other: 0.15ms
[14.387s][info][gc,heap     ] GC(17) Eden regions: 9->0(8)
[14.387s][info][gc,heap     ] GC(17) Survivor regions: 1->2(2)
[14.387s][info][gc,heap     ] GC(17) Old regions: 6->6
[14.387s][info][gc,heap     ] GC(17) Humongous regions: 0->0
[14.388s][info][gc,metaspace] GC(17) Metaspace: 106108K(107648K)->106108K(107648K) NonClass: 93910K(94848K)->93910K(94848K) Class: 12198K(12800K)->12198K(12800K)
[14.388s][info][gc          ] GC(17) Pause Young (Concurrent Start) (Metadata GC Threshold) 239M->114M(320M) 8.982ms
[14.388s][info][gc,cpu      ] GC(17) User=0.05s Sys=0.01s Real=0.01s
[14.388s][info][gc          ] GC(18) Concurrent Mark Cycle
[14.388s][info][gc,marking  ] GC(18) Concurrent Scan Root Regions
[14.395s][info][gc,marking  ] GC(18) Concurrent Scan Root Regions 6.845ms
[14.395s][info][gc,marking  ] GC(18) Concurrent Mark
[14.395s][info][gc,marking  ] GC(18) Concurrent Mark From Roots
[14.395s][info][gc,task     ] GC(18) Using 2 workers of 2 for marking
[14.422s][info][gc,marking  ] GC(18) Concurrent Mark From Roots 27.017ms
[14.422s][info][gc,marking  ] GC(18) Concurrent Preclean
[14.423s][info][gc,marking  ] GC(18) Concurrent Preclean 0.548ms
[14.423s][info][gc,start    ] GC(18) Pause Remark
[14.432s][info][gc          ] GC(18) Pause Remark 117M->117M(320M) 9.454ms
[14.432s][info][gc,cpu      ] GC(18) User=0.05s Sys=0.00s Real=0.01s
[14.432s][info][gc,marking  ] GC(18) Concurrent Mark 37.466ms
[14.432s][info][gc,marking  ] GC(18) Concurrent Rebuild Remembered Sets and Scrub Regions
[14.444s][info][gc,marking  ] GC(18) Concurrent Rebuild Remembered Sets and Scrub Regions 11.838ms
[14.446s][info][gc,start    ] GC(18) Pause Cleanup
[14.446s][info][gc          ] GC(18) Pause Cleanup 118M->118M(320M) 0.722ms
[14.446s][info][gc,cpu      ] GC(18) User=0.00s Sys=0.00s Real=0.00s
[14.447s][info][gc,marking  ] GC(18) Concurrent Clear Claimed Marks
[14.447s][info][gc,marking  ] GC(18) Concurrent Clear Claimed Marks 0.369ms
[14.447s][info][gc,marking  ] GC(18) Concurrent Cleanup for Next Mark
[14.447s][info][gc,marking  ] GC(18) Concurrent Cleanup for Next Mark 0.348ms
[14.447s][info][gc          ] GC(18) Concurrent Mark Cycle 59.811ms
[15.132s][info][gc,start    ] GC(19) Pause Young (Prepare Mixed) (G1 Evacuation Pause)
[15.132s][info][gc,task     ] GC(19) Using 8 workers of 8 for evacuation
[15.147s][info][gc,phases   ] GC(19)   Pre Evacuate Collection Set: 0.12ms
[15.147s][info][gc,phases   ] GC(19)   Merge Heap Roots: 0.13ms
[15.147s][info][gc,phases   ] GC(19)   Evacuate Collection Set: 13.10ms
[15.147s][info][gc,phases   ] GC(19)   Post Evacuate Collection Set: 1.59ms
[15.147s][info][gc,phases   ] GC(19)   Other: 0.17ms
[15.147s][info][gc,heap     ] GC(19) Eden regions: 8->0(7)
[15.148s][info][gc,heap     ] GC(19) Survivor regions: 2->2(2)
[15.148s][info][gc,heap     ] GC(19) Old regions: 6->8
[15.148s][info][gc,heap     ] GC(19) Humongous regions: 0->0
[15.148s][info][gc,metaspace] GC(19) Metaspace: 125228K(127232K)->125228K(127232K) NonClass: 110524K(111744K)->110524K(111744K) Class: 14703K(15488K)->14703K(15488K)
[15.148s][info][gc          ] GC(19) Pause Young (Prepare Mixed) (G1 Evacuation Pause) 242M->131M(320M) 16.076ms
[15.148s][info][gc,cpu      ] GC(19) User=0.09s Sys=0.01s Real=0.02s
[28.268s][info][gc,start    ] GC(20) Pause Young (Mixed) (G1 Evacuation Pause)
[28.269s][info][gc,task     ] GC(20) Using 8 workers of 8 for evacuation
[28.282s][info][gc,phases   ] GC(20)   Pre Evacuate Collection Set: 0.13ms
[28.282s][info][gc,phases   ] GC(20)   Merge Heap Roots: 0.13ms
[28.282s][info][gc,phases   ] GC(20)   Evacuate Collection Set: 11.24ms
[28.284s][info][gc,phases   ] GC(20)   Post Evacuate Collection Set: 1.43ms
[28.284s][info][gc,phases   ] GC(20)   Other: 0.12ms
[28.284s][info][gc,heap     ] GC(20) Eden regions: 7->0(6)
[28.286s][info][gc,heap     ] GC(20) Survivor regions: 2->2(2)
[28.286s][info][gc,heap     ] GC(20) Old regions: 8->8
[28.286s][info][gc,heap     ] GC(20) Humongous regions: 0->0
[28.286s][info][gc,metaspace] GC(20) Metaspace: 155126K(157440K)->155126K(157440K) NonClass: 136515K(137920K)->136515K(137920K) Class: 18611K(19520K)->18611K(19520K)
[28.286s][info][gc          ] GC(20) Pause Young (Mixed) (G1 Evacuation Pause) 243M->154M(320M) 18.261ms
[28.286s][info][gc,cpu      ] GC(20) User=0.08s Sys=0.01s Real=0.02s
[28.750s][info][gc,start    ] GC(21) Pause Young (Concurrent Start) (G1 Evacuation Pause)
[28.750s][info][gc,task     ] GC(21) Using 8 workers of 8 for evacuation
[28.759s][info][gc,phases   ] GC(21)   Pre Evacuate Collection Set: 0.28ms
[28.761s][info][gc,phases   ] GC(21)   Merge Heap Roots: 0.09ms
[28.763s][info][gc,phases   ] GC(21)   Evacuate Collection Set: 7.94ms
[28.763s][info][gc,phases   ] GC(21)   Post Evacuate Collection Set: 1.16ms
[28.763s][info][gc,phases   ] GC(21)   Other: 0.27ms
[28.763s][info][gc,heap     ] GC(21) Eden regions: 6->0(6)
[28.764s][info][gc,heap     ] GC(21) Survivor regions: 2->1(1)
[28.764s][info][gc,heap     ] GC(21) Old regions: 8->10
[28.764s][info][gc,heap     ] GC(21) Humongous regions: 0->0
[28.765s][info][gc,metaspace] GC(21) Metaspace: 171244K(173696K)->171244K(173696K) NonClass: 150577K(152064K)->150577K(152064K) Class: 20667K(21632K)->20667K(21632K)
[28.765s][info][gc          ] GC(21) Pause Young (Concurrent Start) (G1 Evacuation Pause) 250M->162M(320M) 15.812ms
[28.765s][info][gc          ] GC(22) Concurrent Mark Cycle
[28.765s][info][gc,cpu      ] GC(21) User=0.04s Sys=0.00s Real=0.02s
[28.766s][info][gc,marking  ] GC(22) Concurrent Scan Root Regions
[28.786s][info][gc,marking  ] GC(22) Concurrent Scan Root Regions 20.290ms
[28.787s][info][gc,marking  ] GC(22) Concurrent Mark
[28.788s][info][gc,marking  ] GC(22) Concurrent Mark From Roots
[28.789s][info][gc,task     ] GC(22) Using 2 workers of 2 for marking
[28.862s][info][gc,marking  ] GC(22) Concurrent Mark From Roots 74.052ms
[28.863s][info][gc,marking  ] GC(22) Concurrent Preclean
[28.864s][info][gc,marking  ] GC(22) Concurrent Preclean 1.138ms
[28.865s][info][gc,start    ] GC(22) Pause Remark
[28.874s][info][gc          ] GC(22) Pause Remark 193M->193M(320M) 9.236ms
[28.874s][info][gc,cpu      ] GC(22) User=0.03s Sys=0.00s Real=0.01s
[28.875s][info][gc,marking  ] GC(22) Concurrent Mark 87.881ms
[28.875s][info][gc,marking  ] GC(22) Concurrent Rebuild Remembered Sets and Scrub Regions
[28.925s][info][gc,marking  ] GC(22) Concurrent Rebuild Remembered Sets and Scrub Regions 50.308ms
[28.926s][info][gc,start    ] GC(22) Pause Cleanup
[28.926s][info][gc          ] GC(22) Pause Cleanup 209M->209M(320M) 0.466ms
[28.926s][info][gc,cpu      ] GC(22) User=0.01s Sys=0.00s Real=0.00s
[28.926s][info][gc,marking  ] GC(22) Concurrent Clear Claimed Marks
[28.927s][info][gc,marking  ] GC(22) Concurrent Clear Claimed Marks 0.373ms
[28.927s][info][gc,marking  ] GC(22) Concurrent Cleanup for Next Mark
[28.928s][info][gc,marking  ] GC(22) Concurrent Cleanup for Next Mark 0.543ms
[28.928s][info][gc          ] GC(22) Concurrent Mark Cycle 162.203ms
[29.079s][info][gc,start    ] GC(23) Pause Young (Prepare Mixed) (G1 Evacuation Pause)
[29.079s][info][gc,task     ] GC(23) Using 8 workers of 8 for evacuation
[29.086s][info][gc,phases   ] GC(23)   Pre Evacuate Collection Set: 0.35ms
[29.086s][info][gc,phases   ] GC(23)   Merge Heap Roots: 0.16ms
[29.086s][info][gc,phases   ] GC(23)   Evacuate Collection Set: 4.45ms
[29.086s][info][gc,phases   ] GC(23)   Post Evacuate Collection Set: 1.39ms
[29.086s][info][gc,phases   ] GC(23)   Other: 0.37ms
[29.086s][info][gc,heap     ] GC(23) Eden regions: 6->0(5)
[29.086s][info][gc,heap     ] GC(23) Survivor regions: 1->1(1)
[29.086s][info][gc,heap     ] GC(23) Old regions: 10->11
[29.086s][info][gc,heap     ] GC(23) Humongous regions: 0->0
[29.087s][info][gc,metaspace] GC(23) Metaspace: 171705K(174144K)->171705K(174144K) NonClass: 150966K(152384K)->150966K(152384K) Class: 20738K(21760K)->20738K(21760K)
[29.087s][info][gc          ] GC(23) Pause Young (Prepare Mixed) (G1 Evacuation Pause) 258M->168M(320M) 8.276ms
[29.087s][info][gc,cpu      ] GC(23) User=0.02s Sys=0.00s Real=0.01s
[29.314s][info][gc,start    ] GC(24) Pause Young (Mixed) (G1 Evacuation Pause)
[29.314s][info][gc,task     ] GC(24) Using 8 workers of 8 for evacuation
[29.325s][info][gc,phases   ] GC(24)   Pre Evacuate Collection Set: 0.18ms
[29.325s][info][gc,phases   ] GC(24)   Merge Heap Roots: 0.21ms
[29.325s][info][gc,phases   ] GC(24)   Evacuate Collection Set: 8.20ms
[29.327s][info][gc,phases   ] GC(24)   Post Evacuate Collection Set: 2.10ms
[29.328s][info][gc,phases   ] GC(24)   Other: 0.14ms
[29.328s][info][gc,heap     ] GC(24) Eden regions: 5->0(12)
[29.328s][info][gc,heap     ] GC(24) Survivor regions: 1->1(1)
[29.329s][info][gc,heap     ] GC(24) Old regions: 11->11
[29.329s][info][gc,heap     ] GC(24) Humongous regions: 0->0
[29.331s][info][gc,metaspace] GC(24) Metaspace: 172322K(174848K)->172322K(174848K) NonClass: 151478K(152960K)->151478K(152960K) Class: 20844K(21888K)->20844K(21888K)
[29.332s][info][gc          ] GC(24) Pause Young (Mixed) (G1 Evacuation Pause) 248M->167M(448M) 18.787ms
[29.333s][info][gc,cpu      ] GC(24) User=0.05s Sys=0.00s Real=0.01s
[30.157s][info][gc,start    ] GC(25) Pause Young (Normal) (G1 Evacuation Pause)
[30.157s][info][gc,task     ] GC(25) Using 8 workers of 8 for evacuation
[30.165s][info][gc,phases   ] GC(25)   Pre Evacuate Collection Set: 0.25ms
[30.165s][info][gc,phases   ] GC(25)   Merge Heap Roots: 0.13ms
[30.165s][info][gc,phases   ] GC(25)   Evacuate Collection Set: 6.39ms
[30.165s][info][gc,phases   ] GC(25)   Post Evacuate Collection Set: 0.87ms
[30.165s][info][gc,phases   ] GC(25)   Other: 0.45ms
[30.165s][info][gc,heap     ] GC(25) Eden regions: 12->0(13)
[30.166s][info][gc,heap     ] GC(25) Survivor regions: 1->1(2)
[30.166s][info][gc,heap     ] GC(25) Old regions: 11->11
[30.166s][info][gc,heap     ] GC(25) Humongous regions: 2->0
[30.166s][info][gc,metaspace] GC(25) Metaspace: 177001K(179584K)->177001K(179584K) NonClass: 155506K(157056K)->155506K(157056K) Class: 21495K(22528K)->21495K(22528K)
[30.166s][info][gc          ] GC(25) Pause Young (Normal) (G1 Evacuation Pause) 391M->173M(448M) 9.245ms
[30.166s][info][gc,cpu      ] GC(25) User=0.03s Sys=0.00s Real=0.01s
[30.290s][info][gc,start    ] GC(26) Pause Young (Concurrent Start) (G1 Humongous Allocation)
[30.290s][info][gc,task     ] GC(26) Using 8 workers of 8 for evacuation
[30.296s][info][gc,phases   ] GC(26)   Pre Evacuate Collection Set: 0.26ms
[30.296s][info][gc,phases   ] GC(26)   Merge Heap Roots: 0.30ms
[30.296s][info][gc,phases   ] GC(26)   Evacuate Collection Set: 4.44ms
[30.296s][info][gc,phases   ] GC(26)   Post Evacuate Collection Set: 0.86ms
[30.296s][info][gc,phases   ] GC(26)   Other: 0.28ms
[30.297s][info][gc,heap     ] GC(26) Eden regions: 4->0(13)
[30.297s][info][gc,heap     ] GC(26) Survivor regions: 1->1(2)
[30.297s][info][gc,heap     ] GC(26) Old regions: 11->11
[30.297s][info][gc,heap     ] GC(26) Humongous regions: 0->0
[30.297s][info][gc,metaspace] GC(26) Metaspace: 178600K(181248K)->178600K(181248K) NonClass: 156896K(158464K)->156896K(158464K) Class: 21703K(22784K)->21703K(22784K)
[30.297s][info][gc          ] GC(26) Pause Young (Concurrent Start) (G1 Humongous Allocation) 235M->176M(448M) 7.571ms
[30.297s][info][gc,cpu      ] GC(26) User=0.02s Sys=0.00s Real=0.01s
[30.297s][info][gc          ] GC(27) Concurrent Mark Cycle
[30.298s][info][gc,marking  ] GC(27) Concurrent Scan Root Regions
[30.313s][info][gc,marking  ] GC(27) Concurrent Scan Root Regions 15.786ms
[30.314s][info][gc,marking  ] GC(27) Concurrent Mark
[30.314s][info][gc,marking  ] GC(27) Concurrent Mark From Roots
[30.314s][info][gc,task     ] GC(27) Using 2 workers of 2 for marking
[30.401s][info][gc,marking  ] GC(27) Concurrent Mark From Roots 86.721ms
[30.401s][info][gc,marking  ] GC(27) Concurrent Preclean
[30.406s][info][gc,marking  ] GC(27) Concurrent Preclean 5.245ms
[30.408s][info][gc,start    ] GC(27) Pause Remark
[30.426s][info][gc          ] GC(27) Pause Remark 279M->279M(448M) 18.106ms
[30.426s][info][gc,cpu      ] GC(27) User=0.06s Sys=0.01s Real=0.02s
[30.426s][info][gc,marking  ] GC(27) Concurrent Mark 112.504ms
[30.427s][info][gc,marking  ] GC(27) Concurrent Rebuild Remembered Sets and Scrub Regions
[30.475s][info][gc,marking  ] GC(27) Concurrent Rebuild Remembered Sets and Scrub Regions 48.770ms
[30.485s][info][gc,start    ] GC(27) Pause Cleanup
[30.485s][info][gc          ] GC(27) Pause Cleanup 291M->291M(448M) 0.544ms
[30.485s][info][gc,cpu      ] GC(27) User=0.00s Sys=0.00s Real=0.00s
[30.486s][info][gc,marking  ] GC(27) Concurrent Clear Claimed Marks
[30.487s][info][gc,marking  ] GC(27) Concurrent Clear Claimed Marks 1.168ms
[30.488s][info][gc,marking  ] GC(27) Concurrent Cleanup for Next Mark
[30.490s][info][gc,marking  ] GC(27) Concurrent Cleanup for Next Mark 1.994ms
[30.491s][info][gc          ] GC(27) Concurrent Mark Cycle 193.208ms
[31.093s][info][gc,start    ] GC(28) Pause Young (Prepare Mixed) (G1 Evacuation Pause)
[31.093s][info][gc,task     ] GC(28) Using 8 workers of 8 for evacuation
[31.109s][info][gc,phases   ] GC(28)   Pre Evacuate Collection Set: 0.61ms
[31.109s][info][gc,phases   ] GC(28)   Merge Heap Roots: 0.15ms
[31.110s][info][gc,phases   ] GC(28)   Evacuate Collection Set: 13.42ms
[31.110s][info][gc,phases   ] GC(28)   Post Evacuate Collection Set: 2.05ms
[31.110s][info][gc,phases   ] GC(28)   Other: 0.37ms
[31.110s][info][gc,heap     ] GC(28) Eden regions: 12->0(14)
[31.110s][info][gc,heap     ] GC(28) Survivor regions: 1->2(2)
[31.110s][info][gc,heap     ] GC(28) Old regions: 11->11
[31.110s][info][gc,heap     ] GC(28) Humongous regions: 4->0
[31.110s][info][gc,metaspace] GC(28) Metaspace: 188738K(191552K)->188738K(191552K) NonClass: 165438K(167104K)->165438K(167104K) Class: 23299K(24448K)->23299K(24448K)
[31.111s][info][gc          ] GC(28) Pause Young (Prepare Mixed) (G1 Evacuation Pause) 432M->187M(480M) 17.980ms
[31.111s][info][gc,cpu      ] GC(28) User=0.05s Sys=0.01s Real=0.02s
[31.468s][info][gc,start    ] GC(29) Pause Young (Mixed) (G1 Evacuation Pause)
[31.468s][info][gc,task     ] GC(29) Using 8 workers of 8 for evacuation
[31.480s][info][gc,phases   ] GC(29)   Pre Evacuate Collection Set: 0.38ms
[31.480s][info][gc,phases   ] GC(29)   Merge Heap Roots: 0.10ms
[31.480s][info][gc,phases   ] GC(29)   Evacuate Collection Set: 9.31ms
[31.481s][info][gc,phases   ] GC(29)   Post Evacuate Collection Set: 2.06ms
[31.481s][info][gc,phases   ] GC(29)   Other: 0.10ms
[31.481s][info][gc,heap     ] GC(29) Eden regions: 14->0(14)
[31.481s][info][gc,heap     ] GC(29) Survivor regions: 2->2(2)
[31.481s][info][gc,heap     ] GC(29) Old regions: 11->11
[31.481s][info][gc,heap     ] GC(29) Humongous regions: 0->0
[31.481s][info][gc,metaspace] GC(29) Metaspace: 189809K(192640K)->189809K(192640K) NonClass: 166431K(168128K)->166431K(168128K) Class: 23377K(24512K)->23377K(24512K)
[31.482s][info][gc          ] GC(29) Pause Young (Mixed) (G1 Evacuation Pause) 411M->188M(480M) 14.060ms
[31.482s][info][gc,cpu      ] GC(29) User=0.05s Sys=0.01s Real=0.01s
[31.959s][info][gc,start    ] GC(30) Pause Young (Concurrent Start) (G1 Evacuation Pause)
[31.960s][info][gc,task     ] GC(30) Using 8 workers of 8 for evacuation
[31.979s][info][gc,phases   ] GC(30)   Pre Evacuate Collection Set: 2.85ms
[31.979s][info][gc,phases   ] GC(30)   Merge Heap Roots: 0.71ms
[31.980s][info][gc,phases   ] GC(30)   Evacuate Collection Set: 10.93ms
[31.980s][info][gc,phases   ] GC(30)   Post Evacuate Collection Set: 2.96ms
[31.981s][info][gc,phases   ] GC(30)   Other: 2.13ms
[31.981s][info][gc,heap     ] GC(30) Eden regions: 14->0(14)
[31.982s][info][gc,heap     ] GC(30) Survivor regions: 2->2(2)
[31.982s][info][gc,heap     ] GC(30) Old regions: 11->11
[31.983s][info][gc,heap     ] GC(30) Humongous regions: 0->0
[31.983s][info][gc,metaspace] GC(30) Metaspace: 190584K(193408K)->190584K(193408K) NonClass: 167170K(168832K)->167170K(168832K) Class: 23413K(24576K)->23413K(24576K)
[31.984s][info][gc          ] GC(30) Pause Young (Concurrent Start) (G1 Evacuation Pause) 412M->194M(480M) 25.513ms
[31.985s][info][gc          ] GC(31) Concurrent Mark Cycle
[31.985s][info][gc,marking  ] GC(31) Concurrent Scan Root Regions
[31.985s][info][gc,cpu      ] GC(30) User=0.04s Sys=0.00s Real=0.03s
[32.016s][info][gc,marking  ] GC(31) Concurrent Scan Root Regions 30.897ms
[32.017s][info][gc,marking  ] GC(31) Concurrent Mark
[32.017s][info][gc,marking  ] GC(31) Concurrent Mark From Roots
[32.018s][info][gc,task     ] GC(31) Using 2 workers of 2 for marking
[32.149s][info][gc,marking  ] GC(31) Concurrent Mark From Roots 131.983ms
[32.151s][info][gc,marking  ] GC(31) Concurrent Preclean
[32.156s][info][gc,marking  ] GC(31) Concurrent Preclean 4.594ms
[32.158s][info][gc,start    ] GC(31) Pause Remark
[32.182s][info][gc          ] GC(31) Pause Remark 337M->337M(480M) 23.418ms
[32.182s][info][gc,cpu      ] GC(31) User=0.08s Sys=0.00s Real=0.02s
[32.184s][info][gc,marking  ] GC(31) Concurrent Mark 167.595ms
[32.184s][info][gc,marking  ] GC(31) Concurrent Rebuild Remembered Sets and Scrub Regions
[32.263s][info][gc,marking  ] GC(31) Concurrent Rebuild Remembered Sets and Scrub Regions 78.932ms
[32.272s][info][gc,start    ] GC(31) Pause Cleanup
[32.273s][info][gc          ] GC(31) Pause Cleanup 402M->402M(480M) 0.656ms
[32.273s][info][gc,cpu      ] GC(31) User=0.00s Sys=0.00s Real=0.00s
[32.274s][info][gc,marking  ] GC(31) Concurrent Clear Claimed Marks
[32.281s][info][gc,marking  ] GC(31) Concurrent Clear Claimed Marks 6.523ms
[32.283s][info][gc,marking  ] GC(31) Concurrent Cleanup for Next Mark
[32.290s][info][gc,start    ] GC(32) Pause Young (Prepare Mixed) (G1 Evacuation Pause)
[32.290s][info][gc,task     ] GC(32) Using 8 workers of 8 for evacuation
[32.313s][info][gc,phases   ] GC(32)   Pre Evacuate Collection Set: 0.50ms
[32.314s][info][gc,phases   ] GC(32)   Merge Heap Roots: 0.48ms
[32.315s][info][gc,phases   ] GC(32)   Evacuate Collection Set: 17.47ms
[32.315s][info][gc,phases   ] GC(32)   Post Evacuate Collection Set: 4.54ms
[32.315s][info][gc,phases   ] GC(32)   Other: 0.31ms
[32.315s][info][gc,heap     ] GC(32) Eden regions: 14->0(14)
[32.315s][info][gc,heap     ] GC(32) Survivor regions: 2->2(2)
[32.316s][info][gc,heap     ] GC(32) Old regions: 11->12
[32.316s][info][gc,heap     ] GC(32) Humongous regions: 0->0
[32.316s][info][gc,metaspace] GC(32) Metaspace: 190796K(193664K)->190796K(193664K) NonClass: 167375K(169088K)->167375K(169088K) Class: 23420K(24576K)->23420K(24576K)
[32.316s][info][gc          ] GC(32) Pause Young (Prepare Mixed) (G1 Evacuation Pause) 418M->196M(480M) 25.838ms
[32.316s][info][gc,cpu      ] GC(32) User=0.07s Sys=0.02s Real=0.03s
[32.318s][info][gc,marking  ] GC(31) Concurrent Cleanup for Next Mark 35.154ms
[32.321s][info][gc          ] GC(31) Concurrent Mark Cycle 335.786ms
[32.497s][info][gc,start    ] GC(33) Pause Young (Mixed) (G1 Evacuation Pause)
[32.497s][info][gc,task     ] GC(33) Using 8 workers of 8 for evacuation
[32.509s][info][gc,phases   ] GC(33)   Pre Evacuate Collection Set: 0.27ms
[32.509s][info][gc,phases   ] GC(33)   Merge Heap Roots: 0.24ms
[32.509s][info][gc,phases   ] GC(33)   Evacuate Collection Set: 9.36ms
[32.509s][info][gc,phases   ] GC(33)   Post Evacuate Collection Set: 2.05ms
[32.510s][info][gc,phases   ] GC(33)   Other: 0.12ms
[32.510s][info][gc,heap     ] GC(33) Eden regions: 14->0(40)
[32.510s][info][gc,heap     ] GC(33) Survivor regions: 2->2(2)
[32.510s][info][gc,heap     ] GC(33) Old regions: 12->12
[32.511s][info][gc,heap     ] GC(33) Humongous regions: 0->0
[32.511s][info][gc,metaspace] GC(33) Metaspace: 190834K(193664K)->190834K(193664K) NonClass: 167413K(169088K)->167413K(169088K) Class: 23420K(24576K)->23420K(24576K)
[32.511s][info][gc          ] GC(33) Pause Young (Mixed) (G1 Evacuation Pause) 420M->196M(1136M) 14.204ms
[32.511s][info][gc,cpu      ] GC(33) User=0.06s Sys=0.01s Real=0.01s
[33.305s][info][gc,start    ] GC(34) Pause Young (Normal) (G1 Evacuation Pause)
[33.305s][info][gc,task     ] GC(34) Using 8 workers of 8 for evacuation
[33.321s][info][gc,phases   ] GC(34)   Pre Evacuate Collection Set: 0.15ms
[33.321s][info][gc,phases   ] GC(34)   Merge Heap Roots: 0.11ms
[33.321s][info][gc,phases   ] GC(34)   Evacuate Collection Set: 13.49ms
[33.321s][info][gc,phases   ] GC(34)   Post Evacuate Collection Set: 1.71ms
[33.321s][info][gc,phases   ] GC(34)   Other: 0.31ms
[33.321s][info][gc,heap     ] GC(34) Eden regions: 40->0(40)
[33.321s][info][gc,heap     ] GC(34) Survivor regions: 2->2(6)
[33.321s][info][gc,heap     ] GC(34) Old regions: 12->12
[33.321s][info][gc,heap     ] GC(34) Humongous regions: 0->0
[33.322s][info][gc,metaspace] GC(34) Metaspace: 191061K(193856K)->191061K(193856K) NonClass: 167636K(169280K)->167636K(169280K) Class: 23425K(24576K)->23425K(24576K)
[33.322s][info][gc          ] GC(34) Pause Young (Normal) (G1 Evacuation Pause) 836M->209M(1136M) 16.950ms
[33.322s][info][gc,cpu      ] GC(34) User=0.04s Sys=0.03s Real=0.01s
[33.826s][info][gc,start    ] GC(35) Pause Young (Normal) (GCLocker Initiated GC)
[33.826s][info][gc,task     ] GC(35) Using 8 workers of 8 for evacuation
[33.834s][info][gc,phases   ] GC(35)   Pre Evacuate Collection Set: 0.28ms
[33.834s][info][gc,phases   ] GC(35)   Merge Heap Roots: 0.07ms
[33.834s][info][gc,phases   ] GC(35)   Evacuate Collection Set: 7.14ms
[33.834s][info][gc,phases   ] GC(35)   Post Evacuate Collection Set: 0.73ms
[33.834s][info][gc,phases   ] GC(35)   Other: 0.09ms
[33.834s][info][gc,heap     ] GC(35) Eden regions: 40->0(40)
[33.834s][info][gc,heap     ] GC(35) Survivor regions: 2->2(6)
[33.834s][info][gc,heap     ] GC(35) Old regions: 12->12
[33.835s][info][gc,heap     ] GC(35) Humongous regions: 0->0
[33.835s][info][gc,metaspace] GC(35) Metaspace: 191457K(194240K)->191457K(194240K) NonClass: 167999K(169664K)->167999K(169664K) Class: 23457K(24576K)->23457K(24576K)
[33.835s][info][gc          ] GC(35) Pause Young (Normal) (GCLocker Initiated GC) 849M->208M(1136M) 8.901ms
[33.835s][info][gc,cpu      ] GC(35) User=0.04s Sys=0.01s Real=0.01s
[34.377s][info][gc,start    ] GC(36) Pause Young (Normal) (G1 Evacuation Pause)
[34.377s][info][gc,task     ] GC(36) Using 8 workers of 8 for evacuation
[34.386s][info][gc,phases   ] GC(36)   Pre Evacuate Collection Set: 0.16ms
[34.386s][info][gc,phases   ] GC(36)   Merge Heap Roots: 0.10ms
[34.386s][info][gc,phases   ] GC(36)   Evacuate Collection Set: 8.10ms
[34.386s][info][gc,phases   ] GC(36)   Post Evacuate Collection Set: 0.56ms
[34.386s][info][gc,phases   ] GC(36)   Other: 0.17ms
[34.386s][info][gc,heap     ] GC(36) Eden regions: 40->0(39)
[34.386s][info][gc,heap     ] GC(36) Survivor regions: 2->3(6)
[34.386s][info][gc,heap     ] GC(36) Old regions: 12->12
[34.386s][info][gc,heap     ] GC(36) Humongous regions: 0->0
[34.386s][info][gc,metaspace] GC(36) Metaspace: 191778K(194560K)->191778K(194560K) NonClass: 168320K(169984K)->168320K(169984K) Class: 23457K(24576K)->23457K(24576K)
[34.386s][info][gc          ] GC(36) Pause Young (Normal) (G1 Evacuation Pause) 848M->213M(1136M) 9.845ms
[34.387s][info][gc,cpu      ] GC(36) User=0.06s Sys=0.00s Real=0.01s
[34.821s][info][gc,start    ] GC(37) Pause Young (Normal) (GCLocker Initiated GC)
[34.821s][info][gc,task     ] GC(37) Using 8 workers of 8 for evacuation
[34.829s][info][gc,phases   ] GC(37)   Pre Evacuate Collection Set: 0.13ms
[34.829s][info][gc,phases   ] GC(37)   Merge Heap Roots: 0.11ms
[34.829s][info][gc,phases   ] GC(37)   Evacuate Collection Set: 5.85ms
[34.829s][info][gc,phases   ] GC(37)   Post Evacuate Collection Set: 1.43ms
[34.829s][info][gc,phases   ] GC(37)   Other: 0.11ms
[34.829s][info][gc,heap     ] GC(37) Eden regions: 39->0(49)
[34.829s][info][gc,heap     ] GC(37) Survivor regions: 3->3(6)
[34.830s][info][gc,heap     ] GC(37) Old regions: 12->12
[34.830s][info][gc,heap     ] GC(37) Humongous regions: 0->0
[34.830s][info][gc,metaspace] GC(37) Metaspace: 191916K(194688K)->191916K(194688K) NonClass: 168444K(170112K)->168444K(170112K) Class: 23472K(24576K)->23472K(24576K)
[34.830s][info][gc          ] GC(37) Pause Young (Normal) (GCLocker Initiated GC) 837M->218M(1408M) 8.377ms
[34.830s][info][gc,cpu      ] GC(37) User=0.05s Sys=0.01s Real=0.01s
[35.455s][info][gc,start    ] GC(38) Pause Young (Normal) (GCLocker Initiated GC)
[35.455s][info][gc,task     ] GC(38) Using 8 workers of 8 for evacuation
[35.461s][info][gc,phases   ] GC(38)   Pre Evacuate Collection Set: 0.14ms
[35.461s][info][gc,phases   ] GC(38)   Merge Heap Roots: 0.08ms
[35.461s][info][gc,phases   ] GC(38)   Evacuate Collection Set: 5.01ms
[35.461s][info][gc,phases   ] GC(38)   Post Evacuate Collection Set: 0.69ms
[35.461s][info][gc,phases   ] GC(38)   Other: 0.11ms
[35.461s][info][gc,heap     ] GC(38) Eden regions: 49->0(49)
[35.461s][info][gc,heap     ] GC(38) Survivor regions: 3->3(7)
[35.461s][info][gc,heap     ] GC(38) Old regions: 12->12
[35.461s][info][gc,heap     ] GC(38) Humongous regions: 0->0
[35.461s][info][gc,metaspace] GC(38) Metaspace: 191988K(194752K)->191988K(194752K) NonClass: 168514K(170176K)->168514K(170176K) Class: 23474K(24576K)->23474K(24576K)
[35.461s][info][gc          ] GC(38) Pause Young (Normal) (GCLocker Initiated GC) 1002M->211M(1408M) 6.802ms
[35.462s][info][gc,cpu      ] GC(38) User=0.03s Sys=0.00s Real=0.00s
[36.040s][info][gc,start    ] GC(39) Pause Young (Normal) (G1 Evacuation Pause)
[36.040s][info][gc,task     ] GC(39) Using 8 workers of 8 for evacuation
[36.048s][info][gc,phases   ] GC(39)   Pre Evacuate Collection Set: 0.15ms
[36.048s][info][gc,phases   ] GC(39)   Merge Heap Roots: 0.11ms
[36.048s][info][gc,phases   ] GC(39)   Evacuate Collection Set: 6.35ms
[36.048s][info][gc,phases   ] GC(39)   Post Evacuate Collection Set: 0.89ms
[36.048s][info][gc,phases   ] GC(39)   Other: 0.11ms
[36.048s][info][gc,heap     ] GC(39) Eden regions: 49->0(48)
[36.048s][info][gc,heap     ] GC(39) Survivor regions: 3->4(7)
[36.048s][info][gc,heap     ] GC(39) Old regions: 12->12
[36.048s][info][gc,heap     ] GC(39) Humongous regions: 0->0
[36.048s][info][gc,metaspace] GC(39) Metaspace: 202835K(205760K)->202835K(205760K) NonClass: 177693K(179392K)->177693K(179392K) Class: 25142K(26368K)->25142K(26368K)
[36.048s][info][gc          ] GC(39) Pause Young (Normal) (G1 Evacuation Pause) 995M->229M(1408M) 8.312ms
[36.048s][info][gc,cpu      ] GC(39) User=0.05s Sys=0.00s Real=0.01s
[39.169s][info][gc,start    ] GC(40) Pause Young (Normal) (G1 Evacuation Pause)
[39.169s][info][gc,task     ] GC(40) Using 8 workers of 8 for evacuation
[39.182s][info][gc,phases   ] GC(40)   Pre Evacuate Collection Set: 0.15ms
[39.182s][info][gc,phases   ] GC(40)   Merge Heap Roots: 0.11ms
[39.182s][info][gc,phases   ] GC(40)   Evacuate Collection Set: 10.29ms
[39.182s][info][gc,phases   ] GC(40)   Post Evacuate Collection Set: 1.34ms
[39.182s][info][gc,phases   ] GC(40)   Other: 0.44ms
[39.182s][info][gc,heap     ] GC(40) Eden regions: 48->0(47)
[39.182s][info][gc,heap     ] GC(40) Survivor regions: 4->5(7)
[39.182s][info][gc,heap     ] GC(40) Old regions: 12->12
[39.182s][info][gc,heap     ] GC(40) Humongous regions: 0->0
[39.182s][info][gc,metaspace] GC(40) Metaspace: 231586K(234688K)->231586K(234688K) NonClass: 201992K(203776K)->201992K(203776K) Class: 29593K(30912K)->29593K(30912K)
[39.182s][info][gc          ] GC(40) Pause Young (Normal) (G1 Evacuation Pause) 997M->252M(1408M) 12.990ms
[39.182s][info][gc,cpu      ] GC(40) User=0.08s Sys=0.00s Real=0.01s
[60.579s][info][gc,start    ] GC(41) Pause Young (Normal) (G1 Evacuation Pause)
[60.579s][info][gc,task     ] GC(41) Using 8 workers of 8 for evacuation
[60.593s][info][gc,phases   ] GC(41)   Pre Evacuate Collection Set: 0.12ms
[60.594s][info][gc,phases   ] GC(41)   Merge Heap Roots: 0.11ms
[60.594s][info][gc,phases   ] GC(41)   Evacuate Collection Set: 11.75ms
[60.594s][info][gc,phases   ] GC(41)   Post Evacuate Collection Set: 2.51ms
[60.594s][info][gc,phases   ] GC(41)   Other: 0.14ms
[60.594s][info][gc,heap     ] GC(41) Eden regions: 47->0(47)
[60.594s][info][gc,heap     ] GC(41) Survivor regions: 5->5(7)
[60.594s][info][gc,heap     ] GC(41) Old regions: 12->13
[60.594s][info][gc,heap     ] GC(41) Humongous regions: 4->0
[60.594s][info][gc,metaspace] GC(41) Metaspace: 250516K(253760K)->250516K(253760K) NonClass: 218694K(220544K)->218694K(220544K) Class: 31822K(33216K)->31822K(33216K)
[60.594s][info][gc          ] GC(41) Pause Young (Normal) (G1 Evacuation Pause) 1068M->268M(1408M) 15.354ms
[60.594s][info][gc,cpu      ] GC(41) User=0.09s Sys=0.01s Real=0.02s
[149.328s][info][gc,start    ] GC(42) Pause Young (Normal) (G1 Evacuation Pause)
[149.328s][info][gc,task     ] GC(42) Using 8 workers of 8 for evacuation
[149.492s][info][gc,phases   ] GC(42)   Pre Evacuate Collection Set: 0.40ms
[149.493s][info][gc,phases   ] GC(42)   Merge Heap Roots: 0.54ms
[149.493s][info][gc,phases   ] GC(42)   Evacuate Collection Set: 161.93ms
[149.493s][info][gc,phases   ] GC(42)   Post Evacuate Collection Set: 1.74ms
[149.493s][info][gc,phases   ] GC(42)   Other: 0.14ms
[149.493s][info][gc,heap     ] GC(42) Eden regions: 47->0(48)
[149.493s][info][gc,heap     ] GC(42) Survivor regions: 5->4(7)
[149.493s][info][gc,heap     ] GC(42) Old regions: 13->14
[149.493s][info][gc,heap     ] GC(42) Humongous regions: 0->0
[149.493s][info][gc,metaspace] GC(42) Metaspace: 254440K(257856K)->254440K(257856K) NonClass: 222226K(224192K)->222226K(224192K) Class: 32213K(33664K)->32213K(33664K)
[149.493s][info][gc          ] GC(42) Pause Young (Normal) (G1 Evacuation Pause) 1020M->273M(1408M) 165.421ms
[149.493s][info][gc,cpu      ] GC(42) User=1.25s Sys=0.01s Real=0.16s
[150.255s][info][gc,start    ] GC(43) Pause Young (Normal) (G1 Evacuation Pause)
[150.255s][info][gc,task     ] GC(43) Using 8 workers of 8 for evacuation
[150.276s][info][gc,phases   ] GC(43)   Pre Evacuate Collection Set: 0.16ms
[150.276s][info][gc,phases   ] GC(43)   Merge Heap Roots: 0.23ms
[150.276s][info][gc,phases   ] GC(43)   Evacuate Collection Set: 19.88ms
[150.276s][info][gc,phases   ] GC(43)   Post Evacuate Collection Set: 0.78ms
[150.276s][info][gc,phases   ] GC(43)   Other: 0.10ms
[150.277s][info][gc,heap     ] GC(43) Eden regions: 48->0(48)
[150.277s][info][gc,heap     ] GC(43) Survivor regions: 4->4(7)
[150.277s][info][gc,heap     ] GC(43) Old regions: 14->15
[150.277s][info][gc,heap     ] GC(43) Humongous regions: 0->0
[150.277s][info][gc,metaspace] GC(43) Metaspace: 254663K(257984K)->254663K(257984K) NonClass: 222448K(224320K)->222448K(224320K) Class: 32215K(33664K)->32215K(33664K)
[150.277s][info][gc          ] GC(43) Pause Young (Normal) (G1 Evacuation Pause) 1041M->296M(1408M) 21.826ms
[150.277s][info][gc,cpu      ] GC(43) User=0.14s Sys=0.00s Real=0.02s
[150.737s][info][gc,start    ] GC(44) Pause Young (Normal) (GCLocker Initiated GC)
[150.737s][info][gc,task     ] GC(44) Using 8 workers of 8 for evacuation
[150.749s][info][gc,phases   ] GC(44)   Pre Evacuate Collection Set: 0.11ms
[150.749s][info][gc,phases   ] GC(44)   Merge Heap Roots: 0.13ms
[150.749s][info][gc,phases   ] GC(44)   Evacuate Collection Set: 10.46ms
[150.749s][info][gc,phases   ] GC(44)   Post Evacuate Collection Set: 0.74ms
[150.749s][info][gc,phases   ] GC(44)   Other: 0.07ms
[150.749s][info][gc,heap     ] GC(44) Eden regions: 48->0(48)
[150.749s][info][gc,heap     ] GC(44) Survivor regions: 4->4(7)
[150.749s][info][gc,heap     ] GC(44) Old regions: 15->15
[150.749s][info][gc,heap     ] GC(44) Humongous regions: 0->0
[150.749s][info][gc,metaspace] GC(44) Metaspace: 254724K(258048K)->254724K(258048K) NonClass: 222504K(224384K)->222504K(224384K) Class: 32219K(33664K)->32219K(33664K)
[150.749s][info][gc          ] GC(44) Pause Young (Normal) (GCLocker Initiated GC) 1064M->296M(1408M) 12.012ms
[150.749s][info][gc,cpu      ] GC(44) User=0.08s Sys=0.00s Real=0.01s
[151.121s][info][gc,start    ] GC(45) Pause Young (Normal) (G1 Evacuation Pause)
[151.121s][info][gc,task     ] GC(45) Using 8 workers of 8 for evacuation
[151.139s][info][gc,phases   ] GC(45)   Pre Evacuate Collection Set: 0.11ms
[151.139s][info][gc,phases   ] GC(45)   Merge Heap Roots: 0.82ms
[151.139s][info][gc,phases   ] GC(45)   Evacuate Collection Set: 15.54ms
[151.139s][info][gc,phases   ] GC(45)   Post Evacuate Collection Set: 1.06ms
[151.139s][info][gc,phases   ] GC(45)   Other: 0.25ms
[151.139s][info][gc,heap     ] GC(45) Eden regions: 48->0(59)
[151.139s][info][gc,heap     ] GC(45) Survivor regions: 4->4(7)
[151.139s][info][gc,heap     ] GC(45) Old regions: 15->16
[151.139s][info][gc,heap     ] GC(45) Humongous regions: 0->0
[151.139s][info][gc,metaspace] GC(45) Metaspace: 254816K(258176K)->254816K(258176K) NonClass: 222594K(224512K)->222594K(224512K) Class: 32221K(33664K)->32221K(33664K)
[151.139s][info][gc          ] GC(45) Pause Young (Normal) (G1 Evacuation Pause) 1064M->302M(1696M) 18.668ms
[151.139s][info][gc,cpu      ] GC(45) User=0.12s Sys=0.00s Real=0.02s
[152.099s][info][gc,start    ] GC(46) Pause Young (Normal) (G1 Evacuation Pause)
[152.099s][info][gc,task     ] GC(46) Using 8 workers of 8 for evacuation
[152.129s][info][gc,phases   ] GC(46)   Pre Evacuate Collection Set: 0.80ms
[152.129s][info][gc,phases   ] GC(46)   Merge Heap Roots: 0.66ms
[152.129s][info][gc,phases   ] GC(46)   Evacuate Collection Set: 24.49ms
[152.130s][info][gc,phases   ] GC(46)   Post Evacuate Collection Set: 3.54ms
[152.130s][info][gc,phases   ] GC(46)   Other: 0.28ms
[152.130s][info][gc,heap     ] GC(46) Eden regions: 59->0(59)
[152.130s][info][gc,heap     ] GC(46) Survivor regions: 4->4(8)
[152.130s][info][gc,heap     ] GC(46) Old regions: 16->16
[152.131s][info][gc,heap     ] GC(46) Humongous regions: 0->0
[152.131s][info][gc,metaspace] GC(46) Metaspace: 255058K(258368K)->255058K(258368K) NonClass: 222825K(224704K)->222825K(224704K) Class: 32232K(33664K)->32232K(33664K)
[152.131s][info][gc          ] GC(46) Pause Young (Normal) (G1 Evacuation Pause) 1246M->305M(1696M) 32.291ms
[152.132s][info][gc,cpu      ] GC(46) User=0.16s Sys=0.01s Real=0.03s
[249.291s][info][gc,start    ] GC(47) Pause Young (Concurrent Start) (CodeCache GC Threshold)
[249.291s][info][gc,task     ] GC(47) Using 8 workers of 8 for evacuation
[249.316s][info][gc,phases   ] GC(47)   Pre Evacuate Collection Set: 0.31ms
[249.316s][info][gc,phases   ] GC(47)   Merge Heap Roots: 0.28ms
[249.316s][info][gc,phases   ] GC(47)   Evacuate Collection Set: 22.91ms
[249.316s][info][gc,phases   ] GC(47)   Post Evacuate Collection Set: 1.22ms
[249.317s][info][gc,phases   ] GC(47)   Other: 0.18ms
[249.317s][info][gc,heap     ] GC(47) Eden regions: 23->0(59)
[249.317s][info][gc,heap     ] GC(47) Survivor regions: 4->4(8)
[249.317s][info][gc,heap     ] GC(47) Old regions: 16->16
[249.317s][info][gc,heap     ] GC(47) Humongous regions: 0->0
[249.317s][info][gc,metaspace] GC(47) Metaspace: 282880K(286400K)->282880K(286400K) NonClass: 245667K(247680K)->245667K(247680K) Class: 37212K(38720K)->37212K(38720K)
[249.317s][info][gc          ] GC(47) Pause Young (Concurrent Start) (CodeCache GC Threshold) 667M->299M(1696M) 25.855ms
[249.317s][info][gc,cpu      ] GC(47) User=0.19s Sys=0.00s Real=0.03s
[249.317s][info][gc          ] GC(48) Concurrent Mark Cycle
[249.318s][info][gc,marking  ] GC(48) Concurrent Scan Root Regions
[249.330s][info][gc,marking  ] GC(48) Concurrent Scan Root Regions 12.473ms
[249.330s][info][gc,marking  ] GC(48) Concurrent Mark
[249.330s][info][gc,marking  ] GC(48) Concurrent Mark From Roots
[249.330s][info][gc,task     ] GC(48) Using 2 workers of 2 for marking
[249.411s][info][gc,marking  ] GC(48) Concurrent Mark From Roots 81.110ms
[249.411s][info][gc,marking  ] GC(48) Concurrent Preclean
[249.412s][info][gc,marking  ] GC(48) Concurrent Preclean 0.641ms
[249.413s][info][gc,start    ] GC(48) Pause Remark
[249.454s][info][gc          ] GC(48) Pause Remark 322M->322M(1072M) 41.126ms
[249.454s][info][gc,cpu      ] GC(48) User=0.26s Sys=0.00s Real=0.05s
[249.454s][info][gc,marking  ] GC(48) Concurrent Mark 123.775ms
[249.454s][info][gc,marking  ] GC(48) Concurrent Rebuild Remembered Sets and Scrub Regions
[249.497s][info][gc,marking  ] GC(48) Concurrent Rebuild Remembered Sets and Scrub Regions 43.243ms
[249.499s][info][gc,start    ] GC(48) Pause Cleanup
[249.499s][info][gc          ] GC(48) Pause Cleanup 323M->323M(1072M) 0.152ms
[249.499s][info][gc,cpu      ] GC(48) User=0.00s Sys=0.00s Real=0.00s
[249.499s][info][gc,marking  ] GC(48) Concurrent Clear Claimed Marks
[249.499s][info][gc,marking  ] GC(48) Concurrent Clear Claimed Marks 0.379ms
[249.500s][info][gc,marking  ] GC(48) Concurrent Cleanup for Next Mark
[249.504s][info][gc,marking  ] GC(48) Concurrent Cleanup for Next Mark 4.431ms
[249.504s][info][gc          ] GC(48) Concurrent Mark Cycle 186.920ms
[251.298s][info][gc,start    ] GC(49) Pause Young (Prepare Mixed) (G1 Evacuation Pause)
[251.298s][info][gc,task     ] GC(49) Using 8 workers of 8 for evacuation
[251.341s][info][gc,phases   ] GC(49)   Pre Evacuate Collection Set: 0.12ms
[251.341s][info][gc,phases   ] GC(49)   Merge Heap Roots: 0.12ms
[251.341s][info][gc,phases   ] GC(49)   Evacuate Collection Set: 41.62ms
[251.341s][info][gc,phases   ] GC(49)   Post Evacuate Collection Set: 1.56ms
[251.342s][info][gc,phases   ] GC(49)   Other: 0.08ms
[251.342s][info][gc,heap     ] GC(49) Eden regions: 36->0(33)
[251.342s][info][gc,heap     ] GC(49) Survivor regions: 4->5(5)
[251.342s][info][gc,heap     ] GC(49) Old regions: 16->20
[251.342s][info][gc,heap     ] GC(49) Humongous regions: 0->0
[251.342s][info][gc,metaspace] GC(49) Metaspace: 312874K(316544K)->312874K(316544K) NonClass: 271659K(273728K)->271659K(273728K) Class: 41215K(42816K)->41215K(42816K)
[251.342s][info][gc          ] GC(49) Pause Young (Prepare Mixed) (G1 Evacuation Pause) 875M->386M(1072M) 44.255ms
[251.342s][info][gc,cpu      ] GC(49) User=0.32s Sys=0.00s Real=0.04s
[252.249s][info][gc,start    ] GC(50) Pause Young (Mixed) (G1 Evacuation Pause)
[252.249s][info][gc,task     ] GC(50) Using 8 workers of 8 for evacuation
[252.280s][info][gc,phases   ] GC(50)   Pre Evacuate Collection Set: 0.14ms
[252.280s][info][gc,phases   ] GC(50)   Merge Heap Roots: 0.32ms
[252.281s][info][gc,phases   ] GC(50)   Evacuate Collection Set: 29.06ms
[252.281s][info][gc,phases   ] GC(50)   Post Evacuate Collection Set: 1.44ms
[252.281s][info][gc,phases   ] GC(50)   Other: 0.10ms
[252.281s][info][gc,heap     ] GC(50) Eden regions: 33->0(31)
[252.281s][info][gc,heap     ] GC(50) Survivor regions: 5->4(5)
[252.281s][info][gc,heap     ] GC(50) Old regions: 20->24
[252.281s][info][gc,heap     ] GC(50) Humongous regions: 0->0
[252.281s][info][gc,metaspace] GC(50) Metaspace: 324261K(328000K)->324261K(328000K) NonClass: 281783K(283840K)->281783K(283840K) Class: 42477K(44160K)->42477K(44160K)
[252.281s][info][gc          ] GC(50) Pause Young (Mixed) (G1 Evacuation Pause) 914M->429M(1088M) 32.176ms
[252.281s][info][gc,cpu      ] GC(50) User=0.21s Sys=0.00s Real=0.03s
[252.807s][info][gc,start    ] GC(51) Pause Young (Concurrent Start) (G1 Evacuation Pause)
[252.807s][info][gc,task     ] GC(51) Using 8 workers of 8 for evacuation
[252.822s][info][gc,phases   ] GC(51)   Pre Evacuate Collection Set: 0.19ms
[252.822s][info][gc,phases   ] GC(51)   Merge Heap Roots: 0.34ms
[252.822s][info][gc,phases   ] GC(51)   Evacuate Collection Set: 12.52ms
[252.822s][info][gc,phases   ] GC(51)   Post Evacuate Collection Set: 1.25ms
[252.822s][info][gc,phases   ] GC(51)   Other: 0.16ms
[252.822s][info][gc,heap     ] GC(51) Eden regions: 31->0(48)
[252.822s][info][gc,heap     ] GC(51) Survivor regions: 4->2(5)
[252.822s][info][gc,heap     ] GC(51) Old regions: 24->28
[252.822s][info][gc,heap     ] GC(51) Humongous regions: 0->0
[252.822s][info][gc,metaspace] GC(51) Metaspace: 328336K(332160K)->328336K(332160K) NonClass: 285247K(287360K)->285247K(287360K) Class: 43088K(44800K)->43088K(44800K)
[252.822s][info][gc          ] GC(51) Pause Young (Concurrent Start) (G1 Evacuation Pause) 925M->446M(1424M) 15.248ms
[252.822s][info][gc,cpu      ] GC(51) User=0.09s Sys=0.00s Real=0.01s
[252.822s][info][gc          ] GC(52) Concurrent Mark Cycle
[252.823s][info][gc,marking  ] GC(52) Concurrent Scan Root Regions
[252.842s][info][gc,marking  ] GC(52) Concurrent Scan Root Regions 18.781ms
[252.842s][info][gc,marking  ] GC(52) Concurrent Mark
[252.842s][info][gc,marking  ] GC(52) Concurrent Mark From Roots
[252.842s][info][gc,task     ] GC(52) Using 2 workers of 2 for marking
[252.956s][info][gc,marking  ] GC(52) Concurrent Mark From Roots 113.913ms
[252.956s][info][gc,marking  ] GC(52) Concurrent Preclean
[252.957s][info][gc,marking  ] GC(52) Concurrent Preclean 1.099ms
[252.958s][info][gc,start    ] GC(52) Pause Remark
[252.997s][info][gc          ] GC(52) Pause Remark 580M->580M(1424M) 39.211ms
[252.997s][info][gc,cpu      ] GC(52) User=0.22s Sys=0.00s Real=0.04s
[253.000s][info][gc,marking  ] GC(52) Concurrent Mark 158.217ms
[253.001s][info][gc,marking  ] GC(52) Concurrent Rebuild Remembered Sets and Scrub Regions
[253.092s][info][gc,marking  ] GC(52) Concurrent Rebuild Remembered Sets and Scrub Regions 91.102ms
[253.094s][info][gc,start    ] GC(52) Pause Cleanup
[253.094s][info][gc          ] GC(52) Pause Cleanup 683M->683M(1424M) 0.218ms
[253.094s][info][gc,cpu      ] GC(52) User=0.00s Sys=0.00s Real=0.00s
[253.094s][info][gc,marking  ] GC(52) Concurrent Clear Claimed Marks
[253.095s][info][gc,marking  ] GC(52) Concurrent Clear Claimed Marks 0.912ms
[253.095s][info][gc,marking  ] GC(52) Concurrent Cleanup for Next Mark
[253.098s][info][gc,marking  ] GC(52) Concurrent Cleanup for Next Mark 2.397ms
[253.098s][info][gc          ] GC(52) Concurrent Mark Cycle 275.374ms
[253.777s][info][gc,start    ] GC(53) Pause Young (Prepare Mixed) (G1 Evacuation Pause)
[253.777s][info][gc,task     ] GC(53) Using 8 workers of 8 for evacuation
[253.785s][info][gc,phases   ] GC(53)   Pre Evacuate Collection Set: 0.14ms
[253.785s][info][gc,phases   ] GC(53)   Merge Heap Roots: 0.25ms
[253.786s][info][gc,phases   ] GC(53)   Evacuate Collection Set: 7.45ms
[253.786s][info][gc,phases   ] GC(53)   Post Evacuate Collection Set: 0.61ms
[253.786s][info][gc,phases   ] GC(53)   Other: 0.09ms
[253.786s][info][gc,heap     ] GC(53) Eden regions: 48->0(50)
[253.786s][info][gc,heap     ] GC(53) Survivor regions: 2->2(7)
[253.786s][info][gc,heap     ] GC(53) Old regions: 28->28
[253.786s][info][gc,heap     ] GC(53) Humongous regions: 0->0
[253.786s][info][gc,metaspace] GC(53) Metaspace: 329766K(333568K)->329766K(333568K) NonClass: 286624K(288768K)->286624K(288768K) Class: 43141K(44800K)->43141K(44800K)
[253.786s][info][gc          ] GC(53) Pause Young (Prepare Mixed) (G1 Evacuation Pause) 1214M->458M(1424M) 9.261ms
[253.786s][info][gc,cpu      ] GC(53) User=0.06s Sys=0.01s Real=0.01s
[254.777s][info][gc,start    ] GC(54) Pause Young (Mixed) (G1 Evacuation Pause)
[254.778s][info][gc,task     ] GC(54) Using 8 workers of 8 for evacuation
[254.794s][info][gc,phases   ] GC(54)   Pre Evacuate Collection Set: 0.15ms
[254.794s][info][gc,phases   ] GC(54)   Merge Heap Roots: 0.25ms
[254.794s][info][gc,phases   ] GC(54)   Evacuate Collection Set: 14.31ms
[254.794s][info][gc,phases   ] GC(54)   Post Evacuate Collection Set: 1.28ms
[254.794s][info][gc,phases   ] GC(54)   Other: 0.12ms
[254.794s][info][gc,heap     ] GC(54) Eden regions: 50->0(50)
[254.794s][info][gc,heap     ] GC(54) Survivor regions: 2->3(7)
[254.794s][info][gc,heap     ] GC(54) Old regions: 28->27
[254.794s][info][gc,heap     ] GC(54) Humongous regions: 0->0
[254.794s][info][gc,metaspace] GC(54) Metaspace: 334908K(338752K)->334908K(338752K) NonClass: 291147K(293312K)->291147K(293312K) Class: 43761K(45440K)->43761K(45440K)
[254.794s][info][gc          ] GC(54) Pause Young (Mixed) (G1 Evacuation Pause) 1258M->465M(1424M) 17.667ms
[254.795s][info][gc,cpu      ] GC(54) User=0.10s Sys=0.01s Real=0.02s
[255.370s][info][gc,start    ] GC(55) Pause Young (Concurrent Start) (G1 Evacuation Pause)
[255.370s][info][gc,task     ] GC(55) Using 8 workers of 8 for evacuation
[255.388s][info][gc,phases   ] GC(55)   Pre Evacuate Collection Set: 0.17ms
[255.388s][info][gc,phases   ] GC(55)   Merge Heap Roots: 0.22ms
[255.389s][info][gc,phases   ] GC(55)   Evacuate Collection Set: 16.81ms
[255.389s][info][gc,phases   ] GC(55)   Post Evacuate Collection Set: 1.16ms
[255.389s][info][gc,phases   ] GC(55)   Other: 0.14ms
[255.389s][info][gc,heap     ] GC(55) Eden regions: 50->0(47)
[255.389s][info][gc,heap     ] GC(55) Survivor regions: 3->6(7)
[255.389s][info][gc,heap     ] GC(55) Old regions: 27->27
[255.389s][info][gc,heap     ] GC(55) Humongous regions: 0->0
[255.389s][info][gc,metaspace] GC(55) Metaspace: 339278K(343232K)->339278K(343232K) NonClass: 295031K(297280K)->295031K(297280K) Class: 44246K(45952K)->44246K(45952K)
[255.389s][info][gc          ] GC(55) Pause Young (Concurrent Start) (G1 Evacuation Pause) 1265M->506M(1424M) 19.281ms
[255.389s][info][gc          ] GC(56) Concurrent Mark Cycle
[255.389s][info][gc,marking  ] GC(56) Concurrent Scan Root Regions
[255.389s][info][gc,cpu      ] GC(55) User=0.11s Sys=0.01s Real=0.02s
[255.408s][info][gc,marking  ] GC(56) Concurrent Scan Root Regions 19.238ms
[255.410s][info][gc,marking  ] GC(56) Concurrent Mark
[255.410s][info][gc,marking  ] GC(56) Concurrent Mark From Roots
[255.410s][info][gc,task     ] GC(56) Using 2 workers of 2 for marking
[255.550s][info][gc,marking  ] GC(56) Concurrent Mark From Roots 140.627ms
[255.550s][info][gc,marking  ] GC(56) Concurrent Preclean
[255.551s][info][gc,marking  ] GC(56) Concurrent Preclean 0.975ms
[255.553s][info][gc,start    ] GC(56) Pause Remark
[255.565s][info][gc          ] GC(56) Pause Remark 697M->697M(1424M) 12.021ms
[255.565s][info][gc,cpu      ] GC(56) User=0.06s Sys=0.00s Real=0.02s
[255.565s][info][gc,marking  ] GC(56) Concurrent Mark 155.605ms
[255.569s][info][gc,marking  ] GC(56) Concurrent Rebuild Remembered Sets and Scrub Regions
[255.645s][info][gc,marking  ] GC(56) Concurrent Rebuild Remembered Sets and Scrub Regions 76.949ms
[255.647s][info][gc,start    ] GC(56) Pause Cleanup
[255.647s][info][gc          ] GC(56) Pause Cleanup 794M->794M(1424M) 0.195ms
[255.647s][info][gc,cpu      ] GC(56) User=0.00s Sys=0.00s Real=0.00s
[255.647s][info][gc,marking  ] GC(56) Concurrent Clear Claimed Marks
[255.649s][info][gc,marking  ] GC(56) Concurrent Clear Claimed Marks 1.707ms
[255.649s][info][gc,marking  ] GC(56) Concurrent Cleanup for Next Mark
[255.650s][info][gc,marking  ] GC(56) Concurrent Cleanup for Next Mark 0.536ms
[255.650s][info][gc          ] GC(56) Concurrent Mark Cycle 260.692ms
[255.989s][info][gc,start    ] GC(57) Pause Young (Prepare Mixed) (G1 Evacuation Pause)
[255.989s][info][gc,task     ] GC(57) Using 8 workers of 8 for evacuation
[256.009s][info][gc,phases   ] GC(57)   Pre Evacuate Collection Set: 0.13ms
[256.009s][info][gc,phases   ] GC(57)   Merge Heap Roots: 0.33ms
[256.010s][info][gc,phases   ] GC(57)   Evacuate Collection Set: 18.60ms
[256.010s][info][gc,phases   ] GC(57)   Post Evacuate Collection Set: 1.13ms
[256.010s][info][gc,phases   ] GC(57)   Other: 0.10ms
[256.010s][info][gc,heap     ] GC(57) Eden regions: 47->0(48)
[256.010s][info][gc,heap     ] GC(57) Survivor regions: 6->4(7)
[256.010s][info][gc,heap     ] GC(57) Old regions: 27->29
[256.010s][info][gc,heap     ] GC(57) Humongous regions: 0->0
[256.010s][info][gc,metaspace] GC(57) Metaspace: 341730K(345664K)->341730K(345664K) NonClass: 297183K(299392K)->297183K(299392K) Class: 44546K(46272K)->44546K(46272K)
[256.010s][info][gc          ] GC(57) Pause Young (Prepare Mixed) (G1 Evacuation Pause) 1258M->505M(1424M) 21.320ms
[256.010s][info][gc,cpu      ] GC(57) User=0.15s Sys=0.00s Real=0.02s
[256.708s][info][gc,start    ] GC(58) Pause Young (Mixed) (G1 Evacuation Pause)
[256.708s][info][gc,task     ] GC(58) Using 8 workers of 8 for evacuation
[256.718s][info][gc,phases   ] GC(58)   Pre Evacuate Collection Set: 0.14ms
[256.718s][info][gc,phases   ] GC(58)   Merge Heap Roots: 0.13ms
[256.718s][info][gc,phases   ] GC(58)   Evacuate Collection Set: 8.90ms
[256.719s][info][gc,phases   ] GC(58)   Post Evacuate Collection Set: 1.01ms
[256.719s][info][gc,phases   ] GC(58)   Other: 0.10ms
[256.719s][info][gc,heap     ] GC(58) Eden regions: 48->0(50)
[256.719s][info][gc,heap     ] GC(58) Survivor regions: 4->3(7)
[256.719s][info][gc,heap     ] GC(58) Old regions: 29->27
[256.719s][info][gc,heap     ] GC(58) Humongous regions: 0->0
[256.719s][info][gc,metaspace] GC(58) Metaspace: 344029K(347968K)->344029K(347968K) NonClass: 299238K(301440K)->299238K(301440K) Class: 44791K(46528K)->44791K(46528K)
[256.719s][info][gc          ] GC(58) Pause Young (Mixed) (G1 Evacuation Pause) 1273M->469M(1424M) 11.008ms
[256.719s][info][gc,cpu      ] GC(58) User=0.07s Sys=0.00s Real=0.01s
[257.762s][info][gc,start    ] GC(59) Pause Young (Concurrent Start) (G1 Evacuation Pause)
[257.762s][info][gc,task     ] GC(59) Using 8 workers of 8 for evacuation
[257.781s][info][gc,phases   ] GC(59)   Pre Evacuate Collection Set: 0.41ms
[257.781s][info][gc,phases   ] GC(59)   Merge Heap Roots: 0.21ms
[257.781s][info][gc,phases   ] GC(59)   Evacuate Collection Set: 15.29ms
[257.781s][info][gc,phases   ] GC(59)   Post Evacuate Collection Set: 2.43ms
[257.781s][info][gc,phases   ] GC(59)   Other: 0.22ms
[257.781s][info][gc,heap     ] GC(59) Eden regions: 50->0(60)
[257.781s][info][gc,heap     ] GC(59) Survivor regions: 3->4(7)
[257.781s][info][gc,heap     ] GC(59) Old regions: 27->27
[257.781s][info][gc,heap     ] GC(59) Humongous regions: 0->0
[257.781s][info][gc,metaspace] GC(59) Metaspace: 348914K(353216K)->348914K(353216K) NonClass: 303547K(305984K)->303547K(305984K) Class: 45366K(47232K)->45366K(47232K)
[257.781s][info][gc          ] GC(59) Pause Young (Concurrent Start) (G1 Evacuation Pause) 1269M->480M(1712M) 19.665ms
[257.782s][info][gc,cpu      ] GC(59) User=0.11s Sys=0.00s Real=0.02s
[257.782s][info][gc          ] GC(60) Concurrent Mark Cycle
[257.783s][info][gc,marking  ] GC(60) Concurrent Scan Root Regions
[257.799s][info][gc,marking  ] GC(60) Concurrent Scan Root Regions 16.773ms
[257.800s][info][gc,marking  ] GC(60) Concurrent Mark
[257.801s][info][gc,marking  ] GC(60) Concurrent Mark From Roots
[257.802s][info][gc,task     ] GC(60) Using 2 workers of 2 for marking
[257.921s][info][gc,marking  ] GC(60) Concurrent Mark From Roots 120.601ms
[257.922s][info][gc,marking  ] GC(60) Concurrent Preclean
[257.922s][info][gc,marking  ] GC(60) Concurrent Preclean 0.690ms
[257.924s][info][gc,start    ] GC(60) Pause Remark
[257.955s][info][gc          ] GC(60) Pause Remark 544M->544M(1664M) 31.466ms
[257.955s][info][gc,cpu      ] GC(60) User=0.10s Sys=0.02s Real=0.03s
[257.955s][info][gc,marking  ] GC(60) Concurrent Mark 155.001ms
[257.956s][info][gc,marking  ] GC(60) Concurrent Rebuild Remembered Sets and Scrub Regions
[258.022s][info][gc,marking  ] GC(60) Concurrent Rebuild Remembered Sets and Scrub Regions 66.220ms
[258.024s][info][gc,start    ] GC(60) Pause Cleanup
[258.024s][info][gc          ] GC(60) Pause Cleanup 596M->596M(1664M) 0.442ms
[258.025s][info][gc,cpu      ] GC(60) User=0.00s Sys=0.00s Real=0.00s
[258.025s][info][gc,marking  ] GC(60) Concurrent Clear Claimed Marks
[258.026s][info][gc,marking  ] GC(60) Concurrent Clear Claimed Marks 1.075ms
[258.026s][info][gc,marking  ] GC(60) Concurrent Cleanup for Next Mark
[258.028s][info][gc,marking  ] GC(60) Concurrent Cleanup for Next Mark 2.299ms
[258.029s][info][gc          ] GC(60) Concurrent Mark Cycle 246.983ms
[258.873s][info][gc,start    ] GC(61) Pause Young (Prepare Mixed) (G1 Evacuation Pause)
[258.873s][info][gc,task     ] GC(61) Using 8 workers of 8 for evacuation
[258.885s][info][gc,phases   ] GC(61)   Pre Evacuate Collection Set: 0.14ms
[258.885s][info][gc,phases   ] GC(61)   Merge Heap Roots: 0.13ms
[258.885s][info][gc,phases   ] GC(61)   Evacuate Collection Set: 10.79ms
[258.885s][info][gc,phases   ] GC(61)   Post Evacuate Collection Set: 0.95ms
[258.885s][info][gc,phases   ] GC(61)   Other: 0.11ms
[258.885s][info][gc,heap     ] GC(61) Eden regions: 58->0(57)
[258.885s][info][gc,heap     ] GC(61) Survivor regions: 4->5(8)
[258.885s][info][gc,heap     ] GC(61) Old regions: 27->27
[258.885s][info][gc,heap     ] GC(61) Humongous regions: 0->0
[258.885s][info][gc,metaspace] GC(61) Metaspace: 349937K(354176K)->349937K(354176K) NonClass: 304480K(306880K)->304480K(306880K) Class: 45457K(47296K)->45457K(47296K)
[258.885s][info][gc          ] GC(61) Pause Young (Prepare Mixed) (G1 Evacuation Pause) 1408M->503M(1664M) 12.867ms
[258.886s][info][gc,cpu      ] GC(61) User=0.09s Sys=0.00s Real=0.02s
[259.920s][info][gc,start    ] GC(62) Pause Young (Mixed) (G1 Evacuation Pause)
[259.920s][info][gc,task     ] GC(62) Using 8 workers of 8 for evacuation
[259.935s][info][gc,phases   ] GC(62)   Pre Evacuate Collection Set: 0.15ms
[259.935s][info][gc,phases   ] GC(62)   Merge Heap Roots: 0.14ms
[259.935s][info][gc,phases   ] GC(62)   Evacuate Collection Set: 13.23ms
[259.935s][info][gc,phases   ] GC(62)   Post Evacuate Collection Set: 1.27ms
[259.935s][info][gc,phases   ] GC(62)   Other: 0.10ms
[259.935s][info][gc,heap     ] GC(62) Eden regions: 57->0(57)
[259.935s][info][gc,heap     ] GC(62) Survivor regions: 5->5(8)
[259.936s][info][gc,heap     ] GC(62) Old regions: 27->26
[259.936s][info][gc,heap     ] GC(62) Humongous regions: 0->0
[259.936s][info][gc,metaspace] GC(62) Metaspace: 350388K(354688K)->350388K(354688K) NonClass: 304897K(307328K)->304897K(307328K) Class: 45490K(47360K)->45490K(47360K)
[259.936s][info][gc          ] GC(62) Pause Young (Mixed) (G1 Evacuation Pause) 1415M->474M(1664M) 15.613ms
[259.936s][info][gc,cpu      ] GC(62) User=0.10s Sys=0.01s Real=0.02s
[260.852s][info][gc,start    ] GC(63) Pause Young (Normal) (G1 Evacuation Pause)
[260.852s][info][gc,task     ] GC(63) Using 8 workers of 8 for evacuation
[260.863s][info][gc,phases   ] GC(63)   Pre Evacuate Collection Set: 0.15ms
[260.863s][info][gc,phases   ] GC(63)   Merge Heap Roots: 0.10ms
[260.863s][info][gc,phases   ] GC(63)   Evacuate Collection Set: 9.94ms
[260.863s][info][gc,phases   ] GC(63)   Post Evacuate Collection Set: 0.83ms
[260.863s][info][gc,phases   ] GC(63)   Other: 0.14ms
[260.863s][info][gc,heap     ] GC(63) Eden regions: 57->0(57)
[260.863s][info][gc,heap     ] GC(63) Survivor regions: 5->5(8)
[260.863s][info][gc,heap     ] GC(63) Old regions: 26->26
[260.864s][info][gc,heap     ] GC(63) Humongous regions: 0->0
[260.864s][info][gc,metaspace] GC(63) Metaspace: 350895K(355264K)->350895K(355264K) NonClass: 305379K(307840K)->305379K(307840K) Class: 45516K(47424K)->45516K(47424K)
[260.864s][info][gc          ] GC(63) Pause Young (Normal) (G1 Evacuation Pause) 1386M->479M(1664M) 12.025ms
[260.864s][info][gc,cpu      ] GC(63) User=0.08s Sys=0.00s Real=0.02s
[261.763s][info][gc,start    ] GC(64) Pause Young (Normal) (G1 Evacuation Pause)
[261.764s][info][gc,task     ] GC(64) Using 8 workers of 8 for evacuation
[261.775s][info][gc,phases   ] GC(64)   Pre Evacuate Collection Set: 0.15ms
[261.775s][info][gc,phases   ] GC(64)   Merge Heap Roots: 0.11ms
[261.775s][info][gc,phases   ] GC(64)   Evacuate Collection Set: 10.28ms
[261.775s][info][gc,phases   ] GC(64)   Post Evacuate Collection Set: 0.84ms
[261.776s][info][gc,phases   ] GC(64)   Other: 0.17ms
[261.776s][info][gc,heap     ] GC(64) Eden regions: 57->0(58)
[261.776s][info][gc,heap     ] GC(64) Survivor regions: 5->4(8)
[261.776s][info][gc,heap     ] GC(64) Old regions: 26->26
[261.776s][info][gc,heap     ] GC(64) Humongous regions: 0->0
[261.776s][info][gc,metaspace] GC(64) Metaspace: 352244K(356608K)->352244K(356608K) NonClass: 306638K(309120K)->306638K(309120K) Class: 45605K(47488K)->45605K(47488K)
[261.776s][info][gc          ] GC(64) Pause Young (Normal) (G1 Evacuation Pause) 1391M->469M(1664M) 12.580ms
[261.776s][info][gc,cpu      ] GC(64) User=0.07s Sys=0.00s Real=0.02s
[262.640s][info][gc,start    ] GC(65) Pause Young (Normal) (G1 Evacuation Pause)
[262.640s][info][gc,task     ] GC(65) Using 8 workers of 8 for evacuation
[262.653s][info][gc,phases   ] GC(65)   Pre Evacuate Collection Set: 0.14ms
[262.653s][info][gc,phases   ] GC(65)   Merge Heap Roots: 0.10ms
[262.653s][info][gc,phases   ] GC(65)   Evacuate Collection Set: 11.60ms
[262.654s][info][gc,phases   ] GC(65)   Post Evacuate Collection Set: 1.49ms
[262.654s][info][gc,phases   ] GC(65)   Other: 0.12ms
[262.654s][info][gc,heap     ] GC(65) Eden regions: 58->0(71)
[262.654s][info][gc,heap     ] GC(65) Survivor regions: 4->4(8)
[262.654s][info][gc,heap     ] GC(65) Old regions: 26->26
[262.654s][info][gc,heap     ] GC(65) Humongous regions: 0->0
[262.654s][info][gc,metaspace] GC(65) Metaspace: 352765K(357120K)->352765K(357120K) NonClass: 307132K(309568K)->307132K(309568K) Class: 45633K(47552K)->45633K(47552K)
[262.654s][info][gc          ] GC(65) Pause Young (Normal) (G1 Evacuation Pause) 1397M->471M(2000M) 14.233ms
[262.654s][info][gc,cpu      ] GC(65) User=0.09s Sys=0.00s Real=0.02s
[263.890s][info][gc,start    ] GC(66) Pause Young (Normal) (G1 Evacuation Pause)
[263.890s][info][gc,task     ] GC(66) Using 8 workers of 8 for evacuation
[263.899s][info][gc,phases   ] GC(66)   Pre Evacuate Collection Set: 0.16ms
[263.899s][info][gc,phases   ] GC(66)   Merge Heap Roots: 0.11ms
[263.899s][info][gc,phases   ] GC(66)   Evacuate Collection Set: 8.11ms
[263.899s][info][gc,phases   ] GC(66)   Post Evacuate Collection Set: 0.97ms
[263.899s][info][gc,phases   ] GC(66)   Other: 0.10ms
[263.899s][info][gc,heap     ] GC(66) Eden regions: 71->0(71)
[263.899s][info][gc,heap     ] GC(66) Survivor regions: 4->4(10)
[263.900s][info][gc,heap     ] GC(66) Old regions: 26->26
[263.900s][info][gc,heap     ] GC(66) Humongous regions: 0->0
[263.900s][info][gc,metaspace] GC(66) Metaspace: 353538K(357888K)->353538K(357888K) NonClass: 307893K(310336K)->307893K(310336K) Class: 45645K(47552K)->45645K(47552K)
[263.900s][info][gc          ] GC(66) Pause Young (Normal) (G1 Evacuation Pause) 1607M->468M(2000M) 10.138ms
[263.900s][info][gc,cpu      ] GC(66) User=0.06s Sys=0.01s Real=0.01s
[266.931s][info][gc,heap,exit] Heap
[266.931s][info][gc,heap,exit]  garbage-first heap   total 2048000K, used 1217481K [0x0000000149000000, 0x0000000800000000)
[266.931s][info][gc,heap,exit]   region size 16384K, 49 young (802816K), 4 survivors (65536K)
[266.931s][info][gc,heap,exit]  Metaspace       used 358435K, committed 362944K, reserved 1376256K
[266.931s][info][gc,heap,exit]   class space    used 46402K, committed 48384K, reserved 1048576K
