[0.130s][info][gc,start    ] GC(0) Pause Young (Normal) (G1 Evacuation Pause)
[0.131s][info][gc,task     ] GC(0) Using 3 workers of 8 for evacuation
[0.133s][info][gc,phases   ] GC(0)   Pre Evacuate Collection Set: 0.10ms
[0.133s][info][gc,phases   ] GC(0)   Merge Heap Roots: 0.08ms
[0.133s][info][gc,phases   ] GC(0)   Evacuate Collection Set: 1.56ms
[0.133s][info][gc,phases   ] GC(0)   Post Evacuate Collection Set: 0.30ms
[0.133s][info][gc,phases   ] GC(0)   Other: 0.37ms
[0.133s][info][gc,heap     ] GC(0) Eden regions: 3->0(2)
[0.133s][info][gc,heap     ] GC(0) Survivor regions: 0->1(1)
[0.133s][info][gc,heap     ] GC(0) Old regions: 1->2
[0.133s][info][gc,heap     ] GC(0) Humongous regions: 0->0
[0.134s][info][gc,metaspace] GC(0) Metaspace: 2714K(2880K)->2714K(2880K) NonClass: 2595K(2688K)->2595K(2688K) Class: 118K(192K)->118K(192K)
[0.134s][info][gc          ] GC(0) Pause Young (Normal) (G1 Evacuation Pause) 50M->25M(144M) 3.229ms
[0.134s][info][gc,cpu      ] GC(0) User=0.00s Sys=0.00s Real=0.00s
[0.315s][info][gc,start    ] GC(1) Pause Young (Normal) (G1 Evacuation Pause)
[0.315s][info][gc,task     ] GC(1) Using 6 workers of 8 for evacuation
[0.319s][info][gc,phases   ] GC(1)   Pre Evacuate Collection Set: 0.07ms
[0.319s][info][gc,phases   ] GC(1)   Merge Heap Roots: 0.04ms
[0.319s][info][gc,phases   ] GC(1)   Evacuate Collection Set: 2.24ms
[0.319s][info][gc,phases   ] GC(1)   Post Evacuate Collection Set: 0.87ms
[0.319s][info][gc,phases   ] GC(1)   Other: 0.25ms
[0.319s][info][gc,heap     ] GC(1) Eden regions: 2->0(2)
[0.319s][info][gc,heap     ] GC(1) Survivor regions: 1->1(1)
[0.319s][info][gc,heap     ] GC(1) Old regions: 2->3
[0.319s][info][gc,heap     ] GC(1) Humongous regions: 0->0
[0.319s][info][gc,metaspace] GC(1) Metaspace: 17718K(17984K)->17718K(17984K) NonClass: 15982K(16128K)->15982K(16128K) Class: 1736K(1856K)->1736K(1856K)
[0.319s][info][gc          ] GC(1) Pause Young (Normal) (G1 Evacuation Pause) 57M->32M(144M) 4.168ms
[0.319s][info][gc,cpu      ] GC(1) User=0.01s Sys=0.00s Real=0.01s
[0.374s][info][gc,start    ] GC(2) Pause Young (Normal) (G1 Evacuation Pause)
[0.374s][info][gc,task     ] GC(2) Using 6 workers of 8 for evacuation
[0.378s][info][gc,phases   ] GC(2)   Pre Evacuate Collection Set: 0.12ms
[0.378s][info][gc,phases   ] GC(2)   Merge Heap Roots: 0.04ms
[0.378s][info][gc,phases   ] GC(2)   Evacuate Collection Set: 2.78ms
[0.378s][info][gc,phases   ] GC(2)   Post Evacuate Collection Set: 0.54ms
[0.378s][info][gc,phases   ] GC(2)   Other: 0.12ms
[0.378s][info][gc,heap     ] GC(2) Eden regions: 2->0(2)
[0.378s][info][gc,heap     ] GC(2) Survivor regions: 1->1(1)
[0.378s][info][gc,heap     ] GC(2) Old regions: 3->3
[0.378s][info][gc,heap     ] GC(2) Humongous regions: 0->0
[0.378s][info][gc,metaspace] GC(2) Metaspace: 19188K(19520K)->19188K(19520K) NonClass: 17282K(17472K)->17282K(17472K) Class: 1906K(2048K)->1906K(2048K)
[0.378s][info][gc          ] GC(2) Pause Young (Normal) (G1 Evacuation Pause) 64M->46M(144M) 4.318ms
[0.378s][info][gc,cpu      ] GC(2) User=0.02s Sys=0.00s Real=0.00s
[0.446s][info][gc,start    ] GC(3) Pause Young (Normal) (G1 Evacuation Pause)
[0.446s][info][gc,task     ] GC(3) Using 6 workers of 8 for evacuation
[0.450s][info][gc,phases   ] GC(3)   Pre Evacuate Collection Set: 0.12ms
[0.450s][info][gc,phases   ] GC(3)   Merge Heap Roots: 0.06ms
[0.450s][info][gc,phases   ] GC(3)   Evacuate Collection Set: 3.35ms
[0.451s][info][gc,phases   ] GC(3)   Post Evacuate Collection Set: 0.47ms
[0.451s][info][gc,phases   ] GC(3)   Other: 0.11ms
[0.451s][info][gc,heap     ] GC(3) Eden regions: 2->0(2)
[0.451s][info][gc,heap     ] GC(3) Survivor regions: 1->1(1)
[0.451s][info][gc,heap     ] GC(3) Old regions: 3->4
[0.451s][info][gc,heap     ] GC(3) Humongous regions: 0->0
[0.451s][info][gc,metaspace] GC(3) Metaspace: 19437K(19712K)->19437K(19712K) NonClass: 17517K(17664K)->17517K(17664K) Class: 1920K(2048K)->1920K(2048K)
[0.451s][info][gc          ] GC(3) Pause Young (Normal) (G1 Evacuation Pause) 78M->55M(144M) 4.991ms
[0.451s][info][gc,cpu      ] GC(3) User=0.02s Sys=0.00s Real=0.01s
[0.523s][info][gc,start    ] GC(4) Pause Young (Concurrent Start) (Metadata GC Threshold)
[0.523s][info][gc,task     ] GC(4) Using 6 workers of 8 for evacuation
[0.526s][info][gc,phases   ] GC(4)   Pre Evacuate Collection Set: 0.19ms
[0.526s][info][gc,phases   ] GC(4)   Merge Heap Roots: 0.06ms
[0.526s][info][gc,phases   ] GC(4)   Evacuate Collection Set: 2.12ms
[0.526s][info][gc,phases   ] GC(4)   Post Evacuate Collection Set: 0.36ms
[0.527s][info][gc,phases   ] GC(4)   Other: 0.13ms
[0.527s][info][gc,heap     ] GC(4) Eden regions: 1->0(3)
[0.527s][info][gc,heap     ] GC(4) Survivor regions: 1->1(1)
[0.527s][info][gc,heap     ] GC(4) Old regions: 4->5
[0.527s][info][gc,heap     ] GC(4) Humongous regions: 0->0
[0.527s][info][gc,metaspace] GC(4) Metaspace: 21178K(21504K)->21178K(21504K) NonClass: 19081K(19264K)->19081K(19264K) Class: 2097K(2240K)->2097K(2240K)
[0.527s][info][gc          ] GC(4) Pause Young (Concurrent Start) (Metadata GC Threshold) 68M->58M(208M) 3.698ms
[0.527s][info][gc,cpu      ] GC(4) User=0.01s Sys=0.00s Real=0.00s
[0.527s][info][gc          ] GC(5) Concurrent Mark Cycle
[0.527s][info][gc,marking  ] GC(5) Concurrent Scan Root Regions
[0.530s][info][gc,marking  ] GC(5) Concurrent Scan Root Regions 2.777ms
[0.530s][info][gc,marking  ] GC(5) Concurrent Mark
[0.530s][info][gc,marking  ] GC(5) Concurrent Mark From Roots
[0.530s][info][gc,task     ] GC(5) Using 2 workers of 2 for marking
[0.536s][info][gc,marking  ] GC(5) Concurrent Mark From Roots 5.612ms
[0.536s][info][gc,marking  ] GC(5) Concurrent Preclean
[0.536s][info][gc,marking  ] GC(5) Concurrent Preclean 0.147ms
[0.536s][info][gc,start    ] GC(5) Pause Remark
[0.539s][info][gc          ] GC(5) Pause Remark 62M->62M(208M) 2.295ms
[0.539s][info][gc,cpu      ] GC(5) User=0.01s Sys=0.00s Real=0.00s
[0.539s][info][gc,marking  ] GC(5) Concurrent Mark 8.623ms
[0.539s][info][gc,marking  ] GC(5) Concurrent Rebuild Remembered Sets and Scrub Regions
[0.547s][info][gc,marking  ] GC(5) Concurrent Rebuild Remembered Sets and Scrub Regions 8.183ms
[0.548s][info][gc,start    ] GC(5) Pause Cleanup
[0.548s][info][gc          ] GC(5) Pause Cleanup 65M->65M(208M) 0.171ms
[0.548s][info][gc,cpu      ] GC(5) User=0.00s Sys=0.00s Real=0.00s
[0.548s][info][gc,marking  ] GC(5) Concurrent Clear Claimed Marks
[0.549s][info][gc,marking  ] GC(5) Concurrent Clear Claimed Marks 0.104ms
[0.549s][info][gc,marking  ] GC(5) Concurrent Cleanup for Next Mark
[0.549s][info][gc,marking  ] GC(5) Concurrent Cleanup for Next Mark 0.590ms
[0.549s][info][gc          ] GC(5) Concurrent Mark Cycle 22.260ms
[0.656s][info][gc,start    ] GC(6) Pause Young (Prepare Mixed) (G1 Evacuation Pause)
[0.656s][info][gc,task     ] GC(6) Using 8 workers of 8 for evacuation
[0.660s][info][gc,phases   ] GC(6)   Pre Evacuate Collection Set: 0.08ms
[0.660s][info][gc,phases   ] GC(6)   Merge Heap Roots: 0.06ms
[0.660s][info][gc,phases   ] GC(6)   Evacuate Collection Set: 2.93ms
[0.660s][info][gc,phases   ] GC(6)   Post Evacuate Collection Set: 0.83ms
[0.660s][info][gc,phases   ] GC(6)   Other: 0.11ms
[0.660s][info][gc,heap     ] GC(6) Eden regions: 3->0(4)
[0.661s][info][gc,heap     ] GC(6) Survivor regions: 1->1(1)
[0.661s][info][gc,heap     ] GC(6) Old regions: 5->5
[0.661s][info][gc,heap     ] GC(6) Humongous regions: 0->0
[0.661s][info][gc,metaspace] GC(6) Metaspace: 34887K(35456K)->34887K(35456K) NonClass: 31082K(31424K)->31082K(31424K) Class: 3805K(4032K)->3805K(4032K)
[0.661s][info][gc          ] GC(6) Pause Young (Prepare Mixed) (G1 Evacuation Pause) 106M->68M(208M) 4.700ms
[0.661s][info][gc,cpu      ] GC(6) User=0.01s Sys=0.00s Real=0.01s
[0.671s][info][gc,start    ] GC(7) Pause Young (Mixed) (Metadata GC Threshold)
[0.671s][info][gc,task     ] GC(7) Using 8 workers of 8 for evacuation
[0.677s][info][gc,phases   ] GC(7)   Pre Evacuate Collection Set: 0.12ms
[0.677s][info][gc,phases   ] GC(7)   Merge Heap Roots: 0.17ms
[0.677s][info][gc,phases   ] GC(7)   Evacuate Collection Set: 4.44ms
[0.677s][info][gc,phases   ] GC(7)   Post Evacuate Collection Set: 0.47ms
[0.677s][info][gc,phases   ] GC(7)   Other: 0.26ms
[0.677s][info][gc,heap     ] GC(7) Eden regions: 1->0(4)
[0.677s][info][gc,heap     ] GC(7) Survivor regions: 1->1(1)
[0.677s][info][gc,heap     ] GC(7) Old regions: 5->5
[0.678s][info][gc,heap     ] GC(7) Humongous regions: 0->0
[0.678s][info][gc,metaspace] GC(7) Metaspace: 35569K(36096K)->35569K(36096K) NonClass: 31684K(32000K)->31684K(32000K) Class: 3884K(4096K)->3884K(4096K)
[0.678s][info][gc          ] GC(7) Pause Young (Mixed) (Metadata GC Threshold) 70M->69M(208M) 6.300ms
[0.678s][info][gc,cpu      ] GC(7) User=0.03s Sys=0.00s Real=0.00s
[0.691s][info][gc,start    ] GC(8) Pause Young (Concurrent Start) (Metadata GC Threshold)
[0.691s][info][gc,task     ] GC(8) Using 8 workers of 8 for evacuation
[0.692s][info][gc,phases   ] GC(8)   Pre Evacuate Collection Set: 0.14ms
[0.692s][info][gc,phases   ] GC(8)   Merge Heap Roots: 0.05ms
[0.692s][info][gc,phases   ] GC(8)   Evacuate Collection Set: 0.50ms
[0.692s][info][gc,phases   ] GC(8)   Post Evacuate Collection Set: 0.34ms
[0.692s][info][gc,phases   ] GC(8)   Other: 0.12ms
[0.692s][info][gc,heap     ] GC(8) Eden regions: 1->0(4)
[0.692s][info][gc,heap     ] GC(8) Survivor regions: 1->1(1)
[0.692s][info][gc,heap     ] GC(8) Old regions: 5->5
[0.692s][info][gc,heap     ] GC(8) Humongous regions: 0->0
[0.692s][info][gc,metaspace] GC(8) Metaspace: 35872K(36416K)->35872K(36416K) NonClass: 31953K(32256K)->31953K(32256K) Class: 3919K(4160K)->3919K(4160K)
[0.693s][info][gc          ] GC(8) Pause Young (Concurrent Start) (Metadata GC Threshold) 71M->68M(208M) 1.545ms
[0.693s][info][gc,cpu      ] GC(8) User=0.01s Sys=0.00s Real=0.00s
[0.693s][info][gc          ] GC(9) Concurrent Mark Cycle
[0.693s][info][gc,marking  ] GC(9) Concurrent Scan Root Regions
[0.693s][info][gc,marking  ] GC(9) Concurrent Scan Root Regions 0.681ms
[0.693s][info][gc,marking  ] GC(9) Concurrent Mark
[0.694s][info][gc,marking  ] GC(9) Concurrent Mark From Roots
[0.694s][info][gc,task     ] GC(9) Using 2 workers of 2 for marking
[0.721s][info][gc,marking  ] GC(9) Concurrent Mark From Roots 27.341ms
[0.721s][info][gc,marking  ] GC(9) Concurrent Preclean
[0.724s][info][gc,marking  ] GC(9) Concurrent Preclean 3.447ms
[0.726s][info][gc,start    ] GC(9) Pause Remark
[0.730s][info][gc          ] GC(9) Pause Remark 76M->76M(208M) 3.780ms
[0.730s][info][gc,cpu      ] GC(9) User=0.02s Sys=0.00s Real=0.01s
[0.730s][info][gc,marking  ] GC(9) Concurrent Mark 36.565ms
[0.730s][info][gc,marking  ] GC(9) Concurrent Rebuild Remembered Sets and Scrub Regions
[0.737s][info][gc,marking  ] GC(9) Concurrent Rebuild Remembered Sets and Scrub Regions 7.110ms
[0.740s][info][gc,start    ] GC(9) Pause Cleanup
[0.740s][info][gc          ] GC(9) Pause Cleanup 77M->77M(208M) 0.122ms
[0.740s][info][gc,cpu      ] GC(9) User=0.00s Sys=0.00s Real=0.00s
[0.741s][info][gc,marking  ] GC(9) Concurrent Clear Claimed Marks
[0.741s][info][gc,marking  ] GC(9) Concurrent Clear Claimed Marks 0.529ms
[0.741s][info][gc,marking  ] GC(9) Concurrent Cleanup for Next Mark
[0.745s][info][gc,marking  ] GC(9) Concurrent Cleanup for Next Mark 3.914ms
[0.746s][info][gc          ] GC(9) Concurrent Mark Cycle 53.746ms
[0.905s][info][gc,start    ] GC(10) Pause Young (Normal) (G1 Evacuation Pause)
[0.905s][info][gc,task     ] GC(10) Using 8 workers of 8 for evacuation
[0.910s][info][gc,phases   ] GC(10)   Pre Evacuate Collection Set: 0.10ms
[0.910s][info][gc,phases   ] GC(10)   Merge Heap Roots: 0.10ms
[0.910s][info][gc,phases   ] GC(10)   Evacuate Collection Set: 3.67ms
[0.910s][info][gc,phases   ] GC(10)   Post Evacuate Collection Set: 0.81ms
[0.910s][info][gc,phases   ] GC(10)   Other: 0.12ms
[0.910s][info][gc,heap     ] GC(10) Eden regions: 4->0(4)
[0.910s][info][gc,heap     ] GC(10) Survivor regions: 1->1(1)
[0.910s][info][gc,heap     ] GC(10) Old regions: 5->5
[0.910s][info][gc,heap     ] GC(10) Humongous regions: 0->0
[0.910s][info][gc,metaspace] GC(10) Metaspace: 55672K(56896K)->55672K(56896K) NonClass: 49266K(50048K)->49266K(50048K) Class: 6406K(6848K)->6406K(6848K)
[0.910s][info][gc          ] GC(10) Pause Young (Normal) (G1 Evacuation Pause) 132M->77M(208M) 5.321ms
[0.910s][info][gc,cpu      ] GC(10) User=0.03s Sys=0.00s Real=0.01s
[0.986s][info][gc,start    ] GC(11) Pause Young (Normal) (G1 Evacuation Pause)
[0.986s][info][gc,task     ] GC(11) Using 8 workers of 8 for evacuation
[0.991s][info][gc,phases   ] GC(11)   Pre Evacuate Collection Set: 0.13ms
[0.991s][info][gc,phases   ] GC(11)   Merge Heap Roots: 0.06ms
[0.991s][info][gc,phases   ] GC(11)   Evacuate Collection Set: 3.23ms
[0.991s][info][gc,phases   ] GC(11)   Post Evacuate Collection Set: 0.99ms
[0.991s][info][gc,phases   ] GC(11)   Other: 0.19ms
[0.991s][info][gc,heap     ] GC(11) Eden regions: 4->0(3)
[0.991s][info][gc,heap     ] GC(11) Survivor regions: 1->1(1)
[0.991s][info][gc,heap     ] GC(11) Old regions: 5->7
[0.991s][info][gc,heap     ] GC(11) Humongous regions: 0->0
[0.991s][info][gc,metaspace] GC(11) Metaspace: 60755K(61888K)->60755K(61888K) NonClass: 53621K(54336K)->53621K(54336K) Class: 7134K(7552K)->7134K(7552K)
[0.992s][info][gc          ] GC(11) Pause Young (Normal) (G1 Evacuation Pause) (Evacuation Failure: Pinned) 140M->111M(208M) 5.419ms
[0.992s][info][gc,cpu      ] GC(11) User=0.02s Sys=0.00s Real=0.01s
[1.005s][info][gc,start    ] GC(12) Pause Young (Concurrent Start) (Metadata GC Threshold)
[1.005s][info][gc,task     ] GC(12) Using 8 workers of 8 for evacuation
[1.007s][info][gc,phases   ] GC(12)   Pre Evacuate Collection Set: 0.18ms
[1.008s][info][gc,phases   ] GC(12)   Merge Heap Roots: 0.06ms
[1.008s][info][gc,phases   ] GC(12)   Evacuate Collection Set: 1.18ms
[1.008s][info][gc,phases   ] GC(12)   Post Evacuate Collection Set: 0.50ms
[1.008s][info][gc,phases   ] GC(12)   Other: 0.12ms
[1.008s][info][gc,heap     ] GC(12) Eden regions: 1->0(14)
[1.008s][info][gc,heap     ] GC(12) Survivor regions: 1->1(1)
[1.008s][info][gc,heap     ] GC(12) Old regions: 7->5
[1.008s][info][gc,heap     ] GC(12) Humongous regions: 0->0
[1.008s][info][gc,metaspace] GC(12) Metaspace: 61698K(62848K)->61698K(62848K) NonClass: 54443K(55168K)->54443K(55168K) Class: 7255K(7680K)->7255K(7680K)
[1.008s][info][gc          ] GC(12) Pause Young (Concurrent Start) (Metadata GC Threshold) 116M->82M(416M) 3.000ms
[1.008s][info][gc,cpu      ] GC(12) User=0.00s Sys=0.00s Real=0.00s
[1.008s][info][gc          ] GC(13) Concurrent Mark Cycle
[1.008s][info][gc,marking  ] GC(13) Concurrent Scan Root Regions
[1.010s][info][gc,marking  ] GC(13) Concurrent Scan Root Regions 1.344ms
[1.010s][info][gc,marking  ] GC(13) Concurrent Mark
[1.010s][info][gc,marking  ] GC(13) Concurrent Mark From Roots
[1.011s][info][gc,task     ] GC(13) Using 2 workers of 2 for marking
[1.037s][info][gc,marking  ] GC(13) Concurrent Mark From Roots 26.655ms
[1.038s][info][gc,marking  ] GC(13) Concurrent Preclean
[1.038s][info][gc,marking  ] GC(13) Concurrent Preclean 0.523ms
[1.039s][info][gc,start    ] GC(13) Pause Remark
[1.042s][info][gc          ] GC(13) Pause Remark 87M->87M(320M) 2.486ms
[1.042s][info][gc,cpu      ] GC(13) User=0.01s Sys=0.00s Real=0.00s
[1.042s][info][gc,marking  ] GC(13) Concurrent Mark 31.422ms
[1.042s][info][gc,marking  ] GC(13) Concurrent Rebuild Remembered Sets and Scrub Regions
[1.052s][info][gc,marking  ] GC(13) Concurrent Rebuild Remembered Sets and Scrub Regions 9.828ms
[1.052s][info][gc,start    ] GC(13) Pause Cleanup
[1.052s][info][gc          ] GC(13) Pause Cleanup 89M->89M(320M) 0.065ms
[1.052s][info][gc,cpu      ] GC(13) User=0.00s Sys=0.00s Real=0.00s
[1.052s][info][gc,marking  ] GC(13) Concurrent Clear Claimed Marks
[1.053s][info][gc,marking  ] GC(13) Concurrent Clear Claimed Marks 0.158ms
[1.053s][info][gc,marking  ] GC(13) Concurrent Cleanup for Next Mark
[1.053s][info][gc,marking  ] GC(13) Concurrent Cleanup for Next Mark 0.515ms
[1.053s][info][gc          ] GC(13) Concurrent Mark Cycle 45.087ms
[6.958s][info][gc,start    ] GC(14) Pause Young (Normal) (G1 Evacuation Pause)
[6.959s][info][gc,task     ] GC(14) Using 8 workers of 8 for evacuation
[6.966s][info][gc,phases   ] GC(14)   Pre Evacuate Collection Set: 0.17ms
[6.966s][info][gc,phases   ] GC(14)   Merge Heap Roots: 0.11ms
[6.966s][info][gc,phases   ] GC(14)   Evacuate Collection Set: 5.66ms
[6.966s][info][gc,phases   ] GC(14)   Post Evacuate Collection Set: 1.03ms
[6.966s][info][gc,phases   ] GC(14)   Other: 0.15ms
[6.967s][info][gc,heap     ] GC(14) Eden regions: 11->0(9)
[6.967s][info][gc,heap     ] GC(14) Survivor regions: 1->2(2)
[6.967s][info][gc,heap     ] GC(14) Old regions: 5->5
[6.967s][info][gc,heap     ] GC(14) Humongous regions: 0->0
[6.967s][info][gc,metaspace] GC(14) Metaspace: 79518K(80960K)->79518K(80960K) NonClass: 69949K(70848K)->69949K(70848K) Class: 9568K(10112K)->9568K(10112K)
[6.967s][info][gc          ] GC(14) Pause Young (Normal) (G1 Evacuation Pause) 257M->103M(320M) 9.203ms
[6.967s][info][gc,cpu      ] GC(14) User=0.05s Sys=0.00s Real=0.01s
[11.189s][info][gc,start    ] GC(15) Pause Young (Normal) (G1 Evacuation Pause)
[11.189s][info][gc,task     ] GC(15) Using 8 workers of 8 for evacuation
[11.197s][info][gc,phases   ] GC(15)   Pre Evacuate Collection Set: 0.21ms
[11.197s][info][gc,phases   ] GC(15)   Merge Heap Roots: 0.12ms
[11.197s][info][gc,phases   ] GC(15)   Evacuate Collection Set: 6.58ms
[11.197s][info][gc,phases   ] GC(15)   Post Evacuate Collection Set: 0.54ms
[11.197s][info][gc,phases   ] GC(15)   Other: 0.22ms
[11.197s][info][gc,heap     ] GC(15) Eden regions: 9->0(9)
[11.197s][info][gc,heap     ] GC(15) Survivor regions: 2->1(2)
[11.197s][info][gc,heap     ] GC(15) Old regions: 5->7
[11.197s][info][gc,heap     ] GC(15) Humongous regions: 0->0
[11.197s][info][gc,metaspace] GC(15) Metaspace: 80190K(81664K)->80190K(81664K) NonClass: 70590K(71552K)->70590K(71552K) Class: 9600K(10112K)->9600K(10112K)
[11.198s][info][gc          ] GC(15) Pause Young (Normal) (G1 Evacuation Pause) 244M->114M(320M) 8.701ms
[11.198s][info][gc,cpu      ] GC(15) User=0.05s Sys=0.00s Real=0.01s
[25.148s][info][gc,start    ] GC(16) Pause Young (Normal) (G1 Evacuation Pause)
[25.150s][info][gc,task     ] GC(16) Using 8 workers of 8 for evacuation
[25.156s][info][gc,phases   ] GC(16)   Pre Evacuate Collection Set: 0.18ms
[25.157s][info][gc,phases   ] GC(16)   Merge Heap Roots: 0.09ms
[25.157s][info][gc,phases   ] GC(16)   Evacuate Collection Set: 4.77ms
[25.157s][info][gc,phases   ] GC(16)   Post Evacuate Collection Set: 1.02ms
[25.157s][info][gc,phases   ] GC(16)   Other: 0.19ms
[25.157s][info][gc,heap     ] GC(16) Eden regions: 9->0(9)
[25.157s][info][gc,heap     ] GC(16) Survivor regions: 1->1(2)
[25.157s][info][gc,heap     ] GC(16) Old regions: 7->7
[25.157s][info][gc,heap     ] GC(16) Humongous regions: 1->0
[25.157s][info][gc,metaspace] GC(16) Metaspace: 88552K(90112K)->88552K(90112K) NonClass: 77958K(78912K)->77958K(78912K) Class: 10594K(11200K)->10594K(11200K)
[25.157s][info][gc          ] GC(16) Pause Young (Normal) (G1 Evacuation Pause) 274M->109M(320M) 8.671ms
[25.157s][info][gc,cpu      ] GC(16) User=0.03s Sys=0.01s Real=0.01s
[25.500s][info][gc,start    ] GC(17) Pause Young (Normal) (G1 Evacuation Pause)
[25.500s][info][gc,task     ] GC(17) Using 8 workers of 8 for evacuation
[25.506s][info][gc,phases   ] GC(17)   Pre Evacuate Collection Set: 0.18ms
[25.507s][info][gc,phases   ] GC(17)   Merge Heap Roots: 0.09ms
[25.507s][info][gc,phases   ] GC(17)   Evacuate Collection Set: 5.73ms
[25.507s][info][gc,phases   ] GC(17)   Post Evacuate Collection Set: 0.59ms
[25.507s][info][gc,phases   ] GC(17)   Other: 0.16ms
[25.507s][info][gc,heap     ] GC(17) Eden regions: 9->0(8)
[25.507s][info][gc,heap     ] GC(17) Survivor regions: 1->2(2)
[25.507s][info][gc,heap     ] GC(17) Old regions: 7->7
[25.507s][info][gc,heap     ] GC(17) Humongous regions: 0->0
[25.507s][info][gc,metaspace] GC(17) Metaspace: 90843K(92480K)->90843K(92480K) NonClass: 79967K(81024K)->79967K(81024K) Class: 10876K(11456K)->10876K(11456K)
[25.507s][info][gc          ] GC(17) Pause Young (Normal) (G1 Evacuation Pause) 253M->120M(320M) 7.580ms
[25.507s][info][gc,cpu      ] GC(17) User=0.04s Sys=0.00s Real=0.00s
[25.981s][info][gc,start    ] GC(18) Pause Young (Concurrent Start) (Metadata GC Threshold)
[25.982s][info][gc,task     ] GC(18) Using 8 workers of 8 for evacuation
[25.990s][info][gc,phases   ] GC(18)   Pre Evacuate Collection Set: 0.31ms
[25.990s][info][gc,phases   ] GC(18)   Merge Heap Roots: 0.09ms
[25.991s][info][gc,phases   ] GC(18)   Evacuate Collection Set: 7.12ms
[25.991s][info][gc,phases   ] GC(18)   Post Evacuate Collection Set: 1.09ms
[25.991s][info][gc,phases   ] GC(18)   Other: 0.11ms
[25.991s][info][gc,heap     ] GC(18) Eden regions: 6->0(8)
[25.991s][info][gc,heap     ] GC(18) Survivor regions: 2->2(2)
[25.991s][info][gc,heap     ] GC(18) Old regions: 7->7
[25.991s][info][gc,heap     ] GC(18) Humongous regions: 0->0
[25.991s][info][gc,metaspace] GC(18) Metaspace: 104437K(106240K)->104437K(106240K) NonClass: 91818K(92928K)->91818K(92928K) Class: 12619K(13312K)->12619K(13312K)
[25.991s][info][gc          ] GC(18) Pause Young (Concurrent Start) (Metadata GC Threshold) 206M->134M(320M) 9.510ms
[25.991s][info][gc,cpu      ] GC(18) User=0.05s Sys=0.00s Real=0.01s
[25.991s][info][gc          ] GC(19) Concurrent Mark Cycle
[25.991s][info][gc,marking  ] GC(19) Concurrent Scan Root Regions
[25.998s][info][gc,marking  ] GC(19) Concurrent Scan Root Regions 6.924ms
[25.998s][info][gc,marking  ] GC(19) Concurrent Mark
[25.998s][info][gc,marking  ] GC(19) Concurrent Mark From Roots
[25.998s][info][gc,task     ] GC(19) Using 2 workers of 2 for marking
[26.058s][info][gc,marking  ] GC(19) Concurrent Mark From Roots 59.724ms
[26.058s][info][gc,marking  ] GC(19) Concurrent Preclean
[26.059s][info][gc,marking  ] GC(19) Concurrent Preclean 1.150ms
[26.062s][info][gc,start    ] GC(19) Pause Remark
[26.072s][info][gc          ] GC(19) Pause Remark 141M->141M(320M) 10.118ms
[26.072s][info][gc,cpu      ] GC(19) User=0.07s Sys=0.00s Real=0.01s
[26.073s][info][gc,marking  ] GC(19) Concurrent Mark 74.754ms
[26.073s][info][gc,marking  ] GC(19) Concurrent Rebuild Remembered Sets and Scrub Regions
[26.090s][info][gc,marking  ] GC(19) Concurrent Rebuild Remembered Sets and Scrub Regions 17.273ms
[26.091s][info][gc,start    ] GC(19) Pause Cleanup
[26.091s][info][gc          ] GC(19) Pause Cleanup 143M->143M(320M) 0.103ms
[26.091s][info][gc,cpu      ] GC(19) User=0.00s Sys=0.00s Real=0.00s
[26.092s][info][gc,marking  ] GC(19) Concurrent Clear Claimed Marks
[26.092s][info][gc,marking  ] GC(19) Concurrent Clear Claimed Marks 0.216ms
[26.092s][info][gc,marking  ] GC(19) Concurrent Cleanup for Next Mark
[26.093s][info][gc,marking  ] GC(19) Concurrent Cleanup for Next Mark 0.417ms
[26.093s][info][gc          ] GC(19) Concurrent Mark Cycle 101.624ms
[26.362s][info][gc,start    ] GC(20) Pause Young (Prepare Mixed) (G1 Evacuation Pause)
[26.362s][info][gc,task     ] GC(20) Using 8 workers of 8 for evacuation
[26.377s][info][gc,phases   ] GC(20)   Pre Evacuate Collection Set: 0.10ms
[26.377s][info][gc,phases   ] GC(20)   Merge Heap Roots: 0.10ms
[26.377s][info][gc,phases   ] GC(20)   Evacuate Collection Set: 12.94ms
[26.377s][info][gc,phases   ] GC(20)   Post Evacuate Collection Set: 1.69ms
[26.377s][info][gc,phases   ] GC(20)   Other: 0.11ms
[26.377s][info][gc,heap     ] GC(20) Eden regions: 7->0(8)
[26.377s][info][gc,heap     ] GC(20) Survivor regions: 2->2(2)
[26.377s][info][gc,heap     ] GC(20) Old regions: 7->9
[26.377s][info][gc,heap     ] GC(20) Humongous regions: 4->1
[26.377s][info][gc,metaspace] GC(20) Metaspace: 132125K(134592K)->132125K(134592K) NonClass: 115837K(117376K)->115837K(117376K) Class: 16287K(17216K)->16287K(17216K)
[26.378s][info][gc          ] GC(20) Pause Young (Prepare Mixed) (G1 Evacuation Pause) 310M->174M(384M) 15.508ms
[26.378s][info][gc,cpu      ] GC(20) User=0.07s Sys=0.02s Real=0.01s
[26.540s][info][gc,start    ] GC(21) Pause Young (Mixed) (G1 Evacuation Pause)
[26.540s][info][gc,task     ] GC(21) Using 8 workers of 8 for evacuation
[26.559s][info][gc,phases   ] GC(21)   Pre Evacuate Collection Set: 0.13ms
[26.560s][info][gc,phases   ] GC(21)   Merge Heap Roots: 0.13ms
[26.560s][info][gc,phases   ] GC(21)   Evacuate Collection Set: 16.97ms
[26.560s][info][gc,phases   ] GC(21)   Post Evacuate Collection Set: 1.72ms
[26.560s][info][gc,phases   ] GC(21)   Other: 0.12ms
[26.560s][info][gc,heap     ] GC(21) Eden regions: 8->0(6)
[26.560s][info][gc,heap     ] GC(21) Survivor regions: 2->2(2)
[26.560s][info][gc,heap     ] GC(21) Old regions: 9->11
[26.560s][info][gc,heap     ] GC(21) Humongous regions: 1->1
[26.560s][info][gc,metaspace] GC(21) Metaspace: 141418K(144000K)->141418K(144000K) NonClass: 123901K(125504K)->123901K(125504K) Class: 17517K(18496K)->17517K(18496K)
[26.560s][info][gc          ] GC(21) Pause Young (Mixed) (G1 Evacuation Pause) 302M->220M(400M) 19.959ms
[26.560s][info][gc,cpu      ] GC(21) User=0.10s Sys=0.02s Real=0.02s
[26.670s][info][gc,start    ] GC(22) Pause Young (Concurrent Start) (G1 Evacuation Pause)
[26.670s][info][gc,task     ] GC(22) Using 8 workers of 8 for evacuation
[26.683s][info][gc,phases   ] GC(22)   Pre Evacuate Collection Set: 0.18ms
[26.683s][info][gc,phases   ] GC(22)   Merge Heap Roots: 0.13ms
[26.683s][info][gc,phases   ] GC(22)   Evacuate Collection Set: 11.76ms
[26.683s][info][gc,phases   ] GC(22)   Post Evacuate Collection Set: 0.78ms
[26.684s][info][gc,phases   ] GC(22)   Other: 0.13ms
[26.684s][info][gc,heap     ] GC(22) Eden regions: 6->0(5)
[26.684s][info][gc,heap     ] GC(22) Survivor regions: 2->1(1)
[26.684s][info][gc,heap     ] GC(22) Old regions: 11->14
[26.684s][info][gc,heap     ] GC(22) Humongous regions: 1->1
[26.684s][info][gc,metaspace] GC(22) Metaspace: 148772K(151360K)->148772K(151360K) NonClass: 130353K(131968K)->130353K(131968K) Class: 18418K(19392K)->18418K(19392K)
[26.684s][info][gc          ] GC(22) Pause Young (Concurrent Start) (G1 Evacuation Pause) 316M->253M(400M) 13.588ms
[26.684s][info][gc,cpu      ] GC(22) User=0.07s Sys=0.01s Real=0.01s
[26.684s][info][gc          ] GC(23) Concurrent Mark Cycle
[26.686s][info][gc,marking  ] GC(23) Concurrent Scan Root Regions
[26.699s][info][gc,marking  ] GC(23) Concurrent Scan Root Regions 12.459ms
[26.700s][info][gc,marking  ] GC(23) Concurrent Mark
[26.700s][info][gc,marking  ] GC(23) Concurrent Mark From Roots
[26.700s][info][gc,task     ] GC(23) Using 2 workers of 2 for marking
[26.759s][info][gc,marking  ] GC(23) Concurrent Mark From Roots 58.671ms
[26.759s][info][gc,marking  ] GC(23) Concurrent Preclean
[26.759s][info][gc,marking  ] GC(23) Concurrent Preclean 0.356ms
[26.759s][info][gc,start    ] GC(23) Pause Remark
[26.766s][info][gc          ] GC(23) Pause Remark 288M->288M(432M) 6.654ms
[26.766s][info][gc,cpu      ] GC(23) User=0.02s Sys=0.00s Real=0.00s
[26.766s][info][gc,marking  ] GC(23) Concurrent Mark 66.259ms
[26.766s][info][gc,marking  ] GC(23) Concurrent Rebuild Remembered Sets and Scrub Regions
[26.794s][info][gc,marking  ] GC(23) Concurrent Rebuild Remembered Sets and Scrub Regions 28.112ms
[26.795s][info][gc,start    ] GC(23) Pause Cleanup
[26.795s][info][gc          ] GC(23) Pause Cleanup 300M->300M(432M) 0.078ms
[26.795s][info][gc,cpu      ] GC(23) User=0.00s Sys=0.00s Real=0.00s
[26.795s][info][gc,marking  ] GC(23) Concurrent Clear Claimed Marks
[26.796s][info][gc,marking  ] GC(23) Concurrent Clear Claimed Marks 0.216ms
[26.796s][info][gc,marking  ] GC(23) Concurrent Cleanup for Next Mark
[26.796s][info][gc,marking  ] GC(23) Concurrent Cleanup for Next Mark 0.306ms
[26.796s][info][gc          ] GC(23) Concurrent Mark Cycle 112.199ms
[26.861s][info][gc,start    ] GC(24) Pause Young (Prepare Mixed) (G1 Evacuation Pause)
[26.861s][info][gc,task     ] GC(24) Using 8 workers of 8 for evacuation
[26.865s][info][gc,phases   ] GC(24)   Pre Evacuate Collection Set: 0.20ms
[26.865s][info][gc,phases   ] GC(24)   Merge Heap Roots: 0.13ms
[26.865s][info][gc,phases   ] GC(24)   Evacuate Collection Set: 2.62ms
[26.865s][info][gc,phases   ] GC(24)   Post Evacuate Collection Set: 0.66ms
[26.865s][info][gc,phases   ] GC(24)   Other: 0.13ms
[26.865s][info][gc,heap     ] GC(24) Eden regions: 5->0(5)
[26.865s][info][gc,heap     ] GC(24) Survivor regions: 1->1(1)
[26.865s][info][gc,heap     ] GC(24) Old regions: 14->16
[26.865s][info][gc,heap     ] GC(24) Humongous regions: 1->1
[26.865s][info][gc,metaspace] GC(24) Metaspace: 154376K(156992K)->154376K(156992K) NonClass: 135202K(136832K)->135202K(136832K) Class: 19173K(20160K)->19173K(20160K)
[26.866s][info][gc          ] GC(24) Pause Young (Prepare Mixed) (G1 Evacuation Pause) 333M->262M(432M) 4.497ms
[26.866s][info][gc,cpu      ] GC(24) User=0.01s Sys=0.00s Real=0.00s
[26.948s][info][gc,start    ] GC(25) Pause Young (Mixed) (G1 Evacuation Pause)
[26.948s][info][gc,task     ] GC(25) Using 8 workers of 8 for evacuation
[26.953s][info][gc,phases   ] GC(25)   Pre Evacuate Collection Set: 0.13ms
[26.953s][info][gc,phases   ] GC(25)   Merge Heap Roots: 0.08ms
[26.953s][info][gc,phases   ] GC(25)   Evacuate Collection Set: 3.20ms
[26.953s][info][gc,phases   ] GC(25)   Post Evacuate Collection Set: 0.85ms
[26.953s][info][gc,phases   ] GC(25)   Other: 0.15ms
[26.953s][info][gc,heap     ] GC(25) Eden regions: 5->0(18)
[26.953s][info][gc,heap     ] GC(25) Survivor regions: 1->1(1)
[26.953s][info][gc,heap     ] GC(25) Old regions: 16->15
[26.953s][info][gc,heap     ] GC(25) Humongous regions: 1->1
[26.953s][info][gc,metaspace] GC(25) Metaspace: 159021K(161664K)->159021K(161664K) NonClass: 139166K(140800K)->139166K(140800K) Class: 19855K(20864K)->19855K(20864K)
[26.953s][info][gc          ] GC(25) Pause Young (Mixed) (G1 Evacuation Pause) 342M->263M(704M) 5.159ms
[26.953s][info][gc,cpu      ] GC(25) User=0.03s Sys=0.00s Real=0.01s
[27.574s][info][gc,start    ] GC(26) Pause Young (Normal) (G1 Evacuation Pause)
[27.574s][info][gc,task     ] GC(26) Using 8 workers of 8 for evacuation
[27.588s][info][gc,phases   ] GC(26)   Pre Evacuate Collection Set: 0.18ms
[27.588s][info][gc,phases   ] GC(26)   Merge Heap Roots: 0.57ms
[27.588s][info][gc,phases   ] GC(26)   Evacuate Collection Set: 10.79ms
[27.588s][info][gc,phases   ] GC(26)   Post Evacuate Collection Set: 2.18ms
[27.588s][info][gc,phases   ] GC(26)   Other: 0.11ms
[27.588s][info][gc,heap     ] GC(26) Eden regions: 18->0(17)
[27.588s][info][gc,heap     ] GC(26) Survivor regions: 1->3(3)
[27.588s][info][gc,heap     ] GC(26) Old regions: 15->16
[27.589s][info][gc,heap     ] GC(26) Humongous regions: 3->1
[27.589s][info][gc,metaspace] GC(26) Metaspace: 186414K(189440K)->186414K(189440K) NonClass: 162224K(164096K)->162224K(164096K) Class: 24190K(25344K)->24190K(25344K)
[27.589s][info][gc          ] GC(26) Pause Young (Normal) (G1 Evacuation Pause) 583M->310M(704M) 14.633ms
[27.589s][info][gc,cpu      ] GC(26) User=0.05s Sys=0.02s Real=0.01s
[28.146s][info][gc,start    ] GC(27) Pause Young (Normal) (G1 Evacuation Pause)
[28.146s][info][gc,task     ] GC(27) Using 8 workers of 8 for evacuation
[28.155s][info][gc,phases   ] GC(27)   Pre Evacuate Collection Set: 0.14ms
[28.155s][info][gc,phases   ] GC(27)   Merge Heap Roots: 0.12ms
[28.156s][info][gc,phases   ] GC(27)   Evacuate Collection Set: 8.24ms
[28.156s][info][gc,phases   ] GC(27)   Post Evacuate Collection Set: 0.89ms
[28.156s][info][gc,phases   ] GC(27)   Other: 0.13ms
[28.156s][info][gc,heap     ] GC(27) Eden regions: 17->0(17)
[28.156s][info][gc,heap     ] GC(27) Survivor regions: 3->2(3)
[28.156s][info][gc,heap     ] GC(27) Old regions: 16->18
[28.156s][info][gc,heap     ] GC(27) Humongous regions: 3->1
[28.156s][info][gc,metaspace] GC(27) Metaspace: 190313K(193344K)->190313K(193344K) NonClass: 165606K(167424K)->165606K(167424K) Class: 24706K(25920K)->24706K(25920K)
[28.156s][info][gc          ] GC(27) Pause Young (Normal) (G1 Evacuation Pause) 614M->313M(704M) 10.256ms
[28.156s][info][gc,cpu      ] GC(27) User=0.05s Sys=0.00s Real=0.01s
[28.874s][info][gc,start    ] GC(28) Pause Young (Normal) (G1 Evacuation Pause)
[28.874s][info][gc,task     ] GC(28) Using 8 workers of 8 for evacuation
[28.882s][info][gc,phases   ] GC(28)   Pre Evacuate Collection Set: 0.14ms
[28.882s][info][gc,phases   ] GC(28)   Merge Heap Roots: 0.11ms
[28.882s][info][gc,phases   ] GC(28)   Evacuate Collection Set: 5.71ms
[28.882s][info][gc,phases   ] GC(28)   Post Evacuate Collection Set: 1.27ms
[28.882s][info][gc,phases   ] GC(28)   Other: 0.13ms
[28.882s][info][gc,heap     ] GC(28) Eden regions: 17->0(18)
[28.882s][info][gc,heap     ] GC(28) Survivor regions: 2->2(3)
[28.882s][info][gc,heap     ] GC(28) Old regions: 18->18
[28.882s][info][gc,heap     ] GC(28) Humongous regions: 1->1
[28.882s][info][gc,metaspace] GC(28) Metaspace: 193807K(196864K)->193807K(196864K) NonClass: 168666K(170496K)->168666K(170496K) Class: 25141K(26368K)->25141K(26368K)
[28.882s][info][gc          ] GC(28) Pause Young (Normal) (G1 Evacuation Pause) 585M->320M(704M) 8.231ms
[28.882s][info][gc,cpu      ] GC(28) User=0.04s Sys=0.00s Real=0.01s
[29.460s][info][gc,start    ] GC(29) Pause Young (Concurrent Start) (G1 Humongous Allocation)
[29.460s][info][gc,task     ] GC(29) Using 8 workers of 8 for evacuation
[29.470s][info][gc,phases   ] GC(29)   Pre Evacuate Collection Set: 0.21ms
[29.471s][info][gc,phases   ] GC(29)   Merge Heap Roots: 0.11ms
[29.471s][info][gc,phases   ] GC(29)   Evacuate Collection Set: 8.64ms
[29.471s][info][gc,phases   ] GC(29)   Post Evacuate Collection Set: 1.09ms
[29.471s][info][gc,phases   ] GC(29)   Other: 0.19ms
[29.471s][info][gc,heap     ] GC(29) Eden regions: 16->0(26)
[29.471s][info][gc,heap     ] GC(29) Survivor regions: 2->3(3)
[29.471s][info][gc,heap     ] GC(29) Old regions: 18->18
[29.471s][info][gc,heap     ] GC(29) Humongous regions: 1->1
[29.471s][info][gc,metaspace] GC(29) Metaspace: 198324K(201536K)->198324K(201536K) NonClass: 172552K(174464K)->172552K(174464K) Class: 25771K(27072K)->25771K(27072K)
[29.471s][info][gc          ] GC(29) Pause Young (Concurrent Start) (G1 Humongous Allocation) 571M->328M(848M) 11.087ms
[29.471s][info][gc          ] GC(30) Concurrent Undo Cycle
[29.471s][info][gc,marking  ] GC(30) Concurrent Clear Claimed Marks
[29.471s][info][gc,cpu      ] GC(29) User=0.04s Sys=0.01s Real=0.01s
[29.472s][info][gc,marking  ] GC(30) Concurrent Clear Claimed Marks 0.972ms
[29.472s][info][gc,marking  ] GC(30) Concurrent Cleanup for Next Mark
[29.473s][info][gc,marking  ] GC(30) Concurrent Cleanup for Next Mark 0.210ms
[29.473s][info][gc          ] GC(30) Concurrent Undo Cycle 1.411ms
[29.485s][info][gc,start    ] GC(31) Pause Young (Concurrent Start) (G1 Humongous Allocation)
[29.485s][info][gc,task     ] GC(31) Using 8 workers of 8 for evacuation
[29.494s][info][gc,phases   ] GC(31)   Pre Evacuate Collection Set: 0.21ms
[29.494s][info][gc,phases   ] GC(31)   Merge Heap Roots: 0.15ms
[29.494s][info][gc,phases   ] GC(31)   Evacuate Collection Set: 7.81ms
[29.495s][info][gc,phases   ] GC(31)   Post Evacuate Collection Set: 0.73ms
[29.495s][info][gc,phases   ] GC(31)   Other: 0.17ms
[29.495s][info][gc,heap     ] GC(31) Eden regions: 1->0(27)
[29.495s][info][gc,heap     ] GC(31) Survivor regions: 3->3(4)
[29.495s][info][gc,heap     ] GC(31) Old regions: 18->18
[29.495s][info][gc,heap     ] GC(31) Humongous regions: 2->1
[29.495s][info][gc,metaspace] GC(31) Metaspace: 198376K(201600K)->198376K(201600K) NonClass: 172600K(174528K)->172600K(174528K) Class: 25775K(27072K)->25775K(27072K)
[29.495s][info][gc          ] GC(31) Pause Young (Concurrent Start) (G1 Humongous Allocation) 351M->329M(848M) 10.038ms
[29.495s][info][gc,cpu      ] GC(31) User=0.04s Sys=0.01s Real=0.01s
[29.495s][info][gc          ] GC(32) Concurrent Undo Cycle
[29.495s][info][gc,marking  ] GC(32) Concurrent Clear Claimed Marks
[29.496s][info][gc,marking  ] GC(32) Concurrent Clear Claimed Marks 0.263ms
[29.496s][info][gc,marking  ] GC(32) Concurrent Cleanup for Next Mark
[29.496s][info][gc,marking  ] GC(32) Concurrent Cleanup for Next Mark 0.227ms
[29.496s][info][gc          ] GC(32) Concurrent Undo Cycle 1.276ms
[29.509s][info][gc,start    ] GC(33) Pause Young (Concurrent Start) (G1 Humongous Allocation)
[29.509s][info][gc,task     ] GC(33) Using 8 workers of 8 for evacuation
[29.519s][info][gc,phases   ] GC(33)   Pre Evacuate Collection Set: 0.24ms
[29.519s][info][gc,phases   ] GC(33)   Merge Heap Roots: 0.10ms
[29.519s][info][gc,phases   ] GC(33)   Evacuate Collection Set: 8.82ms
[29.519s][info][gc,phases   ] GC(33)   Post Evacuate Collection Set: 0.62ms
[29.519s][info][gc,phases   ] GC(33)   Other: 0.16ms
[29.519s][info][gc,heap     ] GC(33) Eden regions: 1->0(25)
[29.519s][info][gc,heap     ] GC(33) Survivor regions: 3->3(4)
[29.520s][info][gc,heap     ] GC(33) Old regions: 18->18
[29.520s][info][gc,heap     ] GC(33) Humongous regions: 2->1
[29.520s][info][gc,metaspace] GC(33) Metaspace: 198399K(201600K)->198399K(201600K) NonClass: 172623K(174528K)->172623K(174528K) Class: 25775K(27072K)->25775K(27072K)
[29.520s][info][gc          ] GC(33) Pause Young (Concurrent Start) (G1 Humongous Allocation) 353M->330M(848M) 10.833ms
[29.520s][info][gc          ] GC(34) Concurrent Mark Cycle
[29.520s][info][gc,marking  ] GC(34) Concurrent Scan Root Regions
[29.520s][info][gc,cpu      ] GC(33) User=0.05s Sys=0.02s Real=0.01s
[29.532s][info][gc,marking  ] GC(34) Concurrent Scan Root Regions 12.401ms
[29.533s][info][gc,marking  ] GC(34) Concurrent Mark
[29.533s][info][gc,marking  ] GC(34) Concurrent Mark From Roots
[29.533s][info][gc,task     ] GC(34) Using 2 workers of 2 for marking
[29.600s][info][gc,marking  ] GC(34) Concurrent Mark From Roots 66.560ms
[29.600s][info][gc,marking  ] GC(34) Concurrent Preclean
[29.600s][info][gc,marking  ] GC(34) Concurrent Preclean 0.700ms
[29.602s][info][gc,start    ] GC(34) Pause Remark
[29.616s][info][gc          ] GC(34) Pause Remark 399M->383M(848M) 14.048ms
[29.616s][info][gc,cpu      ] GC(34) User=0.06s Sys=0.00s Real=0.01s
[29.617s][info][gc,marking  ] GC(34) Concurrent Mark 83.995ms
[29.617s][info][gc,marking  ] GC(34) Concurrent Rebuild Remembered Sets and Scrub Regions
[29.646s][info][gc,marking  ] GC(34) Concurrent Rebuild Remembered Sets and Scrub Regions 29.365ms
[29.646s][info][gc,start    ] GC(34) Pause Cleanup
[29.646s][info][gc          ] GC(34) Pause Cleanup 388M->388M(848M) 0.087ms
[29.647s][info][gc,cpu      ] GC(34) User=0.00s Sys=0.00s Real=0.00s
[29.647s][info][gc,marking  ] GC(34) Concurrent Clear Claimed Marks
[29.647s][info][gc,marking  ] GC(34) Concurrent Clear Claimed Marks 0.244ms
[29.647s][info][gc,marking  ] GC(34) Concurrent Cleanup for Next Mark
[29.651s][info][gc,marking  ] GC(34) Concurrent Cleanup for Next Mark 3.685ms
[29.651s][info][gc          ] GC(34) Concurrent Mark Cycle 131.059ms
[30.660s][info][gc,start    ] GC(35) Pause Young (Prepare Mixed) (G1 Evacuation Pause)
[30.660s][info][gc,task     ] GC(35) Using 8 workers of 8 for evacuation
[30.676s][info][gc,phases   ] GC(35)   Pre Evacuate Collection Set: 0.16ms
[30.676s][info][gc,phases   ] GC(35)   Merge Heap Roots: 0.12ms
[30.676s][info][gc,phases   ] GC(35)   Evacuate Collection Set: 13.47ms
[30.676s][info][gc,phases   ] GC(35)   Post Evacuate Collection Set: 1.63ms
[30.676s][info][gc,phases   ] GC(35)   Other: 0.15ms
[30.676s][info][gc,heap     ] GC(35) Eden regions: 25->0(23)
[30.676s][info][gc,heap     ] GC(35) Survivor regions: 3->4(4)
[30.676s][info][gc,heap     ] GC(35) Old regions: 18->18
[30.676s][info][gc,heap     ] GC(35) Humongous regions: 2->0
[30.676s][info][gc,metaspace] GC(35) Metaspace: 222945K(226432K)->222945K(226432K) NonClass: 193191K(195264K)->193191K(195264K) Class: 29754K(31168K)->29754K(31168K)
[30.676s][info][gc          ] GC(35) Pause Young (Prepare Mixed) (G1 Evacuation Pause) 746M->350M(848M) 16.314ms
[30.676s][info][gc,cpu      ] GC(35) User=0.08s Sys=0.01s Real=0.01s
[31.211s][info][gc,start    ] GC(36) Pause Young (Mixed) (G1 Evacuation Pause)
[31.211s][info][gc,task     ] GC(36) Using 8 workers of 8 for evacuation
[31.239s][info][gc,phases   ] GC(36)   Pre Evacuate Collection Set: 0.14ms
[31.239s][info][gc,phases   ] GC(36)   Merge Heap Roots: 0.27ms
[31.239s][info][gc,phases   ] GC(36)   Evacuate Collection Set: 25.58ms
[31.239s][info][gc,phases   ] GC(36)   Post Evacuate Collection Set: 1.40ms
[31.239s][info][gc,phases   ] GC(36)   Other: 0.12ms
[31.239s][info][gc,heap     ] GC(36) Eden regions: 23->0(22)
[31.239s][info][gc,heap     ] GC(36) Survivor regions: 4->4(4)
[31.239s][info][gc,heap     ] GC(36) Old regions: 18->19
[31.239s][info][gc,heap     ] GC(36) Humongous regions: 0->0
[31.239s][info][gc,metaspace] GC(36) Metaspace: 224613K(228032K)->224613K(228032K) NonClass: 194761K(196800K)->194761K(196800K) Class: 29852K(31232K)->29852K(31232K)
[31.239s][info][gc          ] GC(36) Pause Young (Mixed) (G1 Evacuation Pause) 718M->360M(864M) 28.477ms
[31.240s][info][gc,cpu      ] GC(36) User=0.15s Sys=0.01s Real=0.03s
[31.806s][info][gc,start    ] GC(37) Pause Young (Normal) (G1 Evacuation Pause)
[31.806s][info][gc,task     ] GC(37) Using 8 workers of 8 for evacuation
[31.824s][info][gc,phases   ] GC(37)   Pre Evacuate Collection Set: 0.10ms
[31.824s][info][gc,phases   ] GC(37)   Merge Heap Roots: 0.15ms
[31.824s][info][gc,phases   ] GC(37)   Evacuate Collection Set: 16.36ms
[31.824s][info][gc,phases   ] GC(37)   Post Evacuate Collection Set: 1.24ms
[31.824s][info][gc,phases   ] GC(37)   Other: 0.11ms
[31.824s][info][gc,heap     ] GC(37) Eden regions: 22->0(61)
[31.824s][info][gc,heap     ] GC(37) Survivor regions: 4->3(4)
[31.825s][info][gc,heap     ] GC(37) Old regions: 19->22
[31.825s][info][gc,heap     ] GC(37) Humongous regions: 0->0
[31.825s][info][gc,metaspace] GC(37) Metaspace: 228071K(231488K)->228071K(231488K) NonClass: 197783K(199872K)->197783K(199872K) Class: 30287K(31616K)->30287K(31616K)
[31.825s][info][gc          ] GC(37) Pause Young (Normal) (G1 Evacuation Pause) 712M->387M(1728M) 18.649ms
[31.825s][info][gc,cpu      ] GC(37) User=0.10s Sys=0.00s Real=0.02s
[33.022s][info][gc,start    ] GC(38) Pause Young (Normal) (G1 Evacuation Pause)
[33.022s][info][gc,task     ] GC(38) Using 8 workers of 8 for evacuation
[33.048s][info][gc,phases   ] GC(38)   Pre Evacuate Collection Set: 0.16ms
[33.048s][info][gc,phases   ] GC(38)   Merge Heap Roots: 0.32ms
[33.048s][info][gc,phases   ] GC(38)   Evacuate Collection Set: 24.14ms
[33.048s][info][gc,phases   ] GC(38)   Post Evacuate Collection Set: 0.89ms
[33.048s][info][gc,phases   ] GC(38)   Other: 0.12ms
[33.048s][info][gc,heap     ] GC(38) Eden regions: 61->0(59)
[33.048s][info][gc,heap     ] GC(38) Survivor regions: 3->4(8)
[33.048s][info][gc,heap     ] GC(38) Old regions: 22->23
[33.048s][info][gc,heap     ] GC(38) Humongous regions: 0->0
[33.048s][info][gc,metaspace] GC(38) Metaspace: 230696K(234176K)->230696K(234176K) NonClass: 200097K(202176K)->200097K(202176K) Class: 30598K(32000K)->30598K(32000K)
[33.048s][info][gc          ] GC(38) Pause Young (Normal) (G1 Evacuation Pause) (Evacuation Failure: Pinned) 1363M->432M(1728M) 26.274ms
[33.048s][info][gc,cpu      ] GC(38) User=0.16s Sys=0.00s Real=0.02s
[33.680s][info][gc,start    ] GC(39) Pause Young (Normal) (G1 Evacuation Pause)
[33.680s][info][gc,task     ] GC(39) Using 8 workers of 8 for evacuation
[33.694s][info][gc,phases   ] GC(39)   Pre Evacuate Collection Set: 0.15ms
[33.694s][info][gc,phases   ] GC(39)   Merge Heap Roots: 0.27ms
[33.694s][info][gc,phases   ] GC(39)   Evacuate Collection Set: 12.31ms
[33.694s][info][gc,phases   ] GC(39)   Post Evacuate Collection Set: 0.63ms
[33.694s][info][gc,phases   ] GC(39)   Other: 0.11ms
[33.694s][info][gc,heap     ] GC(39) Eden regions: 59->0(58)
[33.694s][info][gc,heap     ] GC(39) Survivor regions: 4->6(8)
[33.694s][info][gc,heap     ] GC(39) Old regions: 23->23
[33.694s][info][gc,heap     ] GC(39) Humongous regions: 0->0
[33.694s][info][gc,metaspace] GC(39) Metaspace: 230950K(234304K)->230950K(234304K) NonClass: 200325K(202304K)->200325K(202304K) Class: 30625K(32000K)->30625K(32000K)
[33.694s][info][gc          ] GC(39) Pause Young (Normal) (G1 Evacuation Pause) 1376M->436M(1728M) 14.198ms
[33.695s][info][gc,cpu      ] GC(39) User=0.09s Sys=0.01s Real=0.01s
[34.347s][info][gc,start    ] GC(40) Pause Young (Normal) (G1 Evacuation Pause)
[34.347s][info][gc,task     ] GC(40) Using 8 workers of 8 for evacuation
[34.366s][info][gc,phases   ] GC(40)   Pre Evacuate Collection Set: 0.17ms
[34.366s][info][gc,phases   ] GC(40)   Merge Heap Roots: 0.22ms
[34.366s][info][gc,phases   ] GC(40)   Evacuate Collection Set: 17.01ms
[34.366s][info][gc,phases   ] GC(40)   Post Evacuate Collection Set: 0.92ms
[34.366s][info][gc,phases   ] GC(40)   Other: 0.13ms
[34.366s][info][gc,heap     ] GC(40) Eden regions: 58->0(58)
[34.366s][info][gc,heap     ] GC(40) Survivor regions: 6->6(8)
[34.366s][info][gc,heap     ] GC(40) Old regions: 23->24
[34.366s][info][gc,heap     ] GC(40) Humongous regions: 0->0
[34.366s][info][gc,metaspace] GC(40) Metaspace: 239697K(243200K)->239697K(243200K) NonClass: 207540K(209600K)->207540K(209600K) Class: 32156K(33600K)->32156K(33600K)
[34.366s][info][gc          ] GC(40) Pause Young (Normal) (G1 Evacuation Pause) 1364M->465M(1728M) 19.361ms
[34.367s][info][gc,cpu      ] GC(40) User=0.13s Sys=0.00s Real=0.02s
[34.882s][info][gc,start    ] GC(41) Pause Young (Normal) (G1 Evacuation Pause)
[34.882s][info][gc,task     ] GC(41) Using 8 workers of 8 for evacuation
[34.895s][info][gc,phases   ] GC(41)   Pre Evacuate Collection Set: 0.17ms
[34.895s][info][gc,phases   ] GC(41)   Merge Heap Roots: 0.13ms
[34.895s][info][gc,phases   ] GC(41)   Evacuate Collection Set: 10.92ms
[34.895s][info][gc,phases   ] GC(41)   Post Evacuate Collection Set: 1.45ms
[34.895s][info][gc,phases   ] GC(41)   Other: 0.16ms
[34.895s][info][gc,heap     ] GC(41) Eden regions: 58->0(73)
[34.895s][info][gc,heap     ] GC(41) Survivor regions: 6->5(8)
[34.895s][info][gc,heap     ] GC(41) Old regions: 24->26
[34.895s][info][gc,heap     ] GC(41) Humongous regions: 0->0
[34.895s][info][gc,metaspace] GC(41) Metaspace: 248729K(252288K)->248729K(252288K) NonClass: 214970K(217088K)->214970K(217088K) Class: 33759K(35200K)->33759K(35200K)
[34.896s][info][gc          ] GC(41) Pause Young (Normal) (G1 Evacuation Pause) (Evacuation Failure: Pinned) 1393M->481M(2080M) 13.478ms
[34.896s][info][gc,cpu      ] GC(41) User=0.09s Sys=0.00s Real=0.01s
[35.683s][info][gc,start    ] GC(42) Pause Young (Normal) (G1 Evacuation Pause)
[35.683s][info][gc,task     ] GC(42) Using 8 workers of 8 for evacuation
[35.699s][info][gc,phases   ] GC(42)   Pre Evacuate Collection Set: 0.13ms
[35.699s][info][gc,phases   ] GC(42)   Merge Heap Roots: 0.23ms
[35.699s][info][gc,phases   ] GC(42)   Evacuate Collection Set: 14.63ms
[35.700s][info][gc,phases   ] GC(42)   Post Evacuate Collection Set: 0.84ms
[35.700s][info][gc,phases   ] GC(42)   Other: 0.15ms
[35.700s][info][gc,heap     ] GC(42) Eden regions: 73->0(72)
[35.700s][info][gc,heap     ] GC(42) Survivor regions: 5->6(10)
[35.700s][info][gc,heap     ] GC(42) Old regions: 26->25
[35.700s][info][gc,heap     ] GC(42) Humongous regions: 0->0
[35.700s][info][gc,metaspace] GC(42) Metaspace: 262146K(265728K)->262146K(265728K) NonClass: 226329K(228480K)->226329K(228480K) Class: 35817K(37248K)->35817K(37248K)
[35.700s][info][gc          ] GC(42) Pause Young (Normal) (G1 Evacuation Pause) 1649M->482M(2080M) 16.833ms
[35.700s][info][gc,cpu      ] GC(42) User=0.09s Sys=0.00s Real=0.02s
[36.638s][info][gc,start    ] GC(43) Pause Young (Normal) (G1 Evacuation Pause)
[36.639s][info][gc,task     ] GC(43) Using 8 workers of 8 for evacuation
[36.659s][info][gc,phases   ] GC(43)   Pre Evacuate Collection Set: 0.17ms
[36.659s][info][gc,phases   ] GC(43)   Merge Heap Roots: 0.18ms
[36.659s][info][gc,phases   ] GC(43)   Evacuate Collection Set: 18.13ms
[36.659s][info][gc,phases   ] GC(43)   Post Evacuate Collection Set: 0.96ms
[36.659s][info][gc,phases   ] GC(43)   Other: 0.15ms
[36.659s][info][gc,heap     ] GC(43) Eden regions: 72->0(72)
[36.659s][info][gc,heap     ] GC(43) Survivor regions: 6->6(10)
[36.659s][info][gc,heap     ] GC(43) Old regions: 25->25
[36.659s][info][gc,heap     ] GC(43) Humongous regions: 0->0
[36.659s][info][gc,metaspace] GC(43) Metaspace: 262562K(266240K)->262562K(266240K) NonClass: 226702K(228928K)->226702K(228928K) Class: 35859K(37312K)->35859K(37312K)
[36.659s][info][gc          ] GC(43) Pause Young (Normal) (G1 Evacuation Pause) 1634M->486M(2080M) 21.206ms
[36.660s][info][gc,cpu      ] GC(43) User=0.08s Sys=0.00s Real=0.03s
[37.534s][info][gc,start    ] GC(44) Pause Young (Normal) (G1 Evacuation Pause)
[37.535s][info][gc,task     ] GC(44) Using 8 workers of 8 for evacuation
[37.551s][info][gc,phases   ] GC(44)   Pre Evacuate Collection Set: 0.15ms
[37.551s][info][gc,phases   ] GC(44)   Merge Heap Roots: 0.22ms
[37.551s][info][gc,phases   ] GC(44)   Evacuate Collection Set: 14.96ms
[37.551s][info][gc,phases   ] GC(44)   Post Evacuate Collection Set: 0.84ms
[37.551s][info][gc,phases   ] GC(44)   Other: 0.14ms
[37.551s][info][gc,heap     ] GC(44) Eden regions: 72->0(73)
[37.551s][info][gc,heap     ] GC(44) Survivor regions: 6->5(10)
[37.551s][info][gc,heap     ] GC(44) Old regions: 25->26
[37.551s][info][gc,heap     ] GC(44) Humongous regions: 0->0
[37.551s][info][gc,metaspace] GC(44) Metaspace: 264504K(268224K)->264504K(268224K) NonClass: 228442K(230656K)->228442K(230656K) Class: 36061K(37568K)->36061K(37568K)
[37.552s][info][gc          ] GC(44) Pause Young (Normal) (G1 Evacuation Pause) 1638M->490M(2080M) 17.038ms
[37.552s][info][gc,cpu      ] GC(44) User=0.08s Sys=0.00s Real=0.02s
